00:00.850  blend            | Read blend: "/Users/panglaohu/Downloads/TigerInBamboo/TigerMessenger/assets/models/originals/blender-r3/bookshop.blend"
BlenderMCP: cannot start server in background mode (blender -b) - commands would never execute
BlenderMCP: run Blender with a GUI, or use a virtual display: xvfb-run -a blender
BlenderMCP addon registered
INFO Draco is available, use library at /Applications/Blender.app/Contents/Resources/5.2/scripts/addons_core/io_scene_gltf2/libbf_intern_draco_bridge.dylib
INFO MeshOptimizer is available, use library at /Applications/Blender.app/Contents/Resources/5.2/scripts/addons_core/io_scene_gltf2/libbf_intern_meshopt_bridge.dylib
04:14:21 | INFO: Starting glTF 2.0 export
04:14:21 | INFO: Extracting primitive: n2.001
04:14:21 | INFO: Primitives created: 1
04:14:21 | INFO: Extracting primitive: n4.001
04:14:21 | INFO: Primitives created: 1
04:14:21 | INFO: Extracting primitive: n5.001
04:14:21 | INFO: Primitives created: 6
04:14:21 | INFO: Extracting primitive: n7.001
04:14:21 | INFO: Primitives created: 6
04:14:21 | INFO: Extracting primitive: n9.001
04:14:21 | INFO: Primitives created: 6
04:14:21 | INFO: Extracting primitive: n11.001
04:14:21 | INFO: Primitives created: 6
04:14:21 | INFO: Extracting primitive: n13.001
04:14:21 | INFO: Primitives created: 3
04:14:21 | INFO: Extracting primitive: n15.001
04:14:21 | INFO: Primitives created: 6
04:14:21 | INFO: Extracting primitive: n17.001
04:14:21 | INFO: Primitives created: 6
04:14:21 | INFO: Extracting primitive: n19.001
04:14:21 | INFO: Primitives created: 6
04:14:21 | INFO: Extracting primitive: n21.001
04:14:21 | INFO: Primitives created: 6
04:14:21 | INFO: Extracting primitive: n23.001
04:14:21 | INFO: Primitives created: 6
04:14:21 | INFO: Extracting primitive: n25.001
04:14:21 | INFO: Primitives created: 3
04:14:21 | INFO: Extracting primitive: n27.001
04:14:21 | INFO: Primitives created: 6
04:14:21 | INFO: Extracting primitive: n29.001
04:14:21 | INFO: Primitives created: 6
04:14:21 | INFO: Extracting primitive: n31.001
04:14:21 | INFO: Primitives created: 6
04:14:21 | INFO: Extracting primitive: n33.001
04:14:21 | INFO: Primitives created: 6
04:14:21 | INFO: Extracting primitive: n35.001
04:14:21 | INFO: Primitives created: 6
04:14:21 | INFO: Extracting primitive: n37.001
04:14:21 | INFO: Primitives created: 6
04:14:21 | INFO: Extracting primitive: n39.001
04:14:21 | INFO: Primitives created: 6
04:14:21 | INFO: Extracting primitive: n41.001
04:14:21 | INFO: Primitives created: 3
04:14:21 | INFO: Extracting primitive: n43.001
04:14:21 | INFO: Primitives created: 3
04:14:21 | INFO: Extracting primitive: n45.001
04:14:21 | INFO: Primitives created: 2
04:14:21 | INFO: Extracting primitive: bookshop-sign-text.001
04:14:21 | WARNING: More than one shader node tex image used for a texture. The resulting glTF sampler will behave like the first shader node tex image.
04:14:21 | INFO: Primitives created: 1
04:14:21 | INFO: Extracting primitive: n48.001
04:14:21 | INFO: Primitives created: 6
04:14:21 | INFO: Extracting primitive: n50.001
04:14:21 | INFO: Primitives created: 6
04:14:21 | INFO: Extracting primitive: n53.001
04:14:21 | INFO: Primitives created: 3
04:14:21 | INFO: Extracting primitive: n55.001
04:14:21 | INFO: Primitives created: 3
04:14:21 | INFO: Extracting primitive: n57.001
04:14:21 | INFO: Primitives created: 3
04:14:21 | INFO: Finished glTF 2.0 export in 0.11502504348754883 s

EXPORT_OK /Users/panglaohu/Downloads/TigerInBamboo/TigerMessenger/artifacts/godot-export/bookshop.glb
BlenderMCP server stopped
BlenderMCP addon unregistered
Blender 5.2.1 LTS (hash 9e2066aef7ef built 2026-08-25 01:35:57)

Blender quit
