00:00.362  blend            | Read blend: "/Users/panglaohu/Downloads/TigerInBamboo/TigerMessenger/assets/models/originals/blender-r3/bubblePod.blend"
BlenderMCP: cannot start server in background mode (blender -b) - commands would never execute
BlenderMCP: run Blender with a GUI, or use a virtual display: xvfb-run -a blender
BlenderMCP addon registered
INFO Draco is available, use library at /Applications/Blender.app/Contents/Resources/5.2/scripts/addons_core/io_scene_gltf2/libbf_intern_draco_bridge.dylib
INFO MeshOptimizer is available, use library at /Applications/Blender.app/Contents/Resources/5.2/scripts/addons_core/io_scene_gltf2/libbf_intern_meshopt_bridge.dylib
04:16:03 | INFO: Starting glTF 2.0 export
04:16:03 | INFO: Extracting primitive: bottom-ring.001
04:16:03 | INFO: Primitives created: 1
04:16:03 | INFO: Extracting primitive: bubble-highlight-arc.001
04:16:03 | INFO: Primitives created: 1
04:16:03 | INFO: Extracting primitive: bubble-highlight-ring.001
04:16:03 | INFO: Primitives created: 1
04:16:03 | INFO: Extracting primitive: bubble-shell.001
04:16:03 | INFO: Primitives created: 1
04:16:03 | INFO: Extracting primitive: cockpit-console.001
04:16:03 | INFO: Primitives created: 6
04:16:03 | INFO: Extracting primitive: cockpit-panel.001
04:16:03 | INFO: Primitives created: 6
04:16:03 | INFO: Extracting primitive: control-grip-1.001
04:16:03 | INFO: Primitives created: 1
04:16:03 | INFO: Extracting primitive: control-grip--1.001
04:16:03 | INFO: Primitives created: 1
04:16:03 | INFO: Extracting primitive: control-stick-1.001
04:16:03 | INFO: Primitives created: 3
04:16:03 | INFO: Extracting primitive: control-stick--1.001
04:16:03 | INFO: Primitives created: 3
04:16:03 | INFO: Extracting primitive: equatorial-ring.001
04:16:03 | INFO: Primitives created: 1
04:16:03 | INFO: Extracting primitive: pilot-body.001
04:16:03 | INFO: Primitives created: 3
04:16:03 | INFO: Extracting primitive: pilot-helmet.001
04:16:03 | INFO: Primitives created: 1
04:16:03 | INFO: Extracting primitive: pilot-seat-back.001
04:16:03 | INFO: Primitives created: 6
04:16:03 | INFO: Extracting primitive: pilot-seat-base.001
04:16:03 | INFO: Primitives created: 6
04:16:03 | INFO: Extracting primitive: pilot-visor.001
04:16:03 | INFO: Primitives created: 1
04:16:03 | INFO: Extracting primitive: purple-lower-cabin.001
04:16:03 | INFO: Primitives created: 1
04:16:03 | INFO: Finished glTF 2.0 export in 0.036073923110961914 s

EXPORT_OK /Users/panglaohu/Downloads/TigerInBamboo/TigerMessenger/artifacts/godot-export/bubblePod.glb
BlenderMCP server stopped
BlenderMCP addon unregistered
Blender 5.2.1 LTS (hash 9e2066aef7ef built 2026-08-25 01:35:57)

Blender quit
