00:00.348  blend            | Read blend: "/Users/panglaohu/Downloads/TigerInBamboo/TigerMessenger/assets/models/originals/blender-r3/craneOnRock.blend"
BlenderMCP: cannot start server in background mode (blender -b) - commands would never execute
BlenderMCP: run Blender with a GUI, or use a virtual display: xvfb-run -a blender
BlenderMCP addon registered
INFO Draco is available, use library at /Applications/Blender.app/Contents/Resources/5.2/scripts/addons_core/io_scene_gltf2/libbf_intern_draco_bridge.dylib
INFO MeshOptimizer is available, use library at /Applications/Blender.app/Contents/Resources/5.2/scripts/addons_core/io_scene_gltf2/libbf_intern_meshopt_bridge.dylib
04:16:07 | INFO: Starting glTF 2.0 export
04:16:07 | INFO: Extracting primitive: n2.001
04:16:07 | INFO: Primitives created: 1
04:16:07 | INFO: Extracting primitive: n5.001
04:16:07 | INFO: Primitives created: 1
04:16:07 | INFO: Extracting primitive: n7.001
04:16:07 | INFO: Primitives created: 6
04:16:07 | INFO: Extracting primitive: n9.001
04:16:07 | INFO: Primitives created: 6
04:16:07 | INFO: Extracting primitive: n11.001
04:16:07 | INFO: Primitives created: 2
04:16:07 | INFO: Extracting primitive: n13.001
04:16:07 | INFO: Primitives created: 2
04:16:07 | INFO: Extracting primitive: n15.001
04:16:07 | INFO: Primitives created: 2
04:16:07 | INFO: Extracting primitive: n18.001
04:16:07 | INFO: Primitives created: 3
04:16:07 | INFO: Extracting primitive: n21.001
04:16:07 | INFO: Primitives created: 3
04:16:07 | INFO: Extracting primitive: n24.001
04:16:07 | INFO: Primitives created: 1
04:16:07 | INFO: Extracting primitive: n26.001
04:16:07 | INFO: Primitives created: 2
04:16:07 | INFO: Extracting primitive: n28.001
04:16:07 | INFO: Primitives created: 1
04:16:07 | INFO: Extracting primitive: n30.001
04:16:07 | INFO: Primitives created: 3
04:16:07 | INFO: Extracting primitive: n32.001
04:16:07 | INFO: Primitives created: 3
04:16:07 | INFO: Finished glTF 2.0 export in 0.023075103759765625 s

EXPORT_OK /Users/panglaohu/Downloads/TigerInBamboo/TigerMessenger/artifacts/godot-export/craneOnRock.glb
BlenderMCP server stopped
BlenderMCP addon unregistered
Blender 5.2.1 LTS (hash 9e2066aef7ef built 2026-08-25 01:35:57)

Blender quit
