00:00.355  blend            | Read blend: "/Users/panglaohu/Downloads/TigerInBamboo/TigerMessenger/assets/models/originals/blender-r3/harborCrane.blend"
BlenderMCP: cannot start server in background mode (blender -b) - commands would never execute
BlenderMCP: run Blender with a GUI, or use a virtual display: xvfb-run -a blender
BlenderMCP addon registered
INFO Draco is available, use library at /Applications/Blender.app/Contents/Resources/5.2/scripts/addons_core/io_scene_gltf2/libbf_intern_draco_bridge.dylib
INFO MeshOptimizer is available, use library at /Applications/Blender.app/Contents/Resources/5.2/scripts/addons_core/io_scene_gltf2/libbf_intern_meshopt_bridge.dylib
04:15:44 | INFO: Starting glTF 2.0 export
04:15:44 | INFO: Extracting primitive: crane-boom.001
04:15:44 | INFO: Primitives created: 6
04:15:44 | INFO: Extracting primitive: crane-rope.001
04:15:44 | INFO: Primitives created: 3
04:15:44 | INFO: Extracting primitive: crane-winch.001
04:15:44 | INFO: Primitives created: 3
04:15:44 | INFO: Extracting primitive: n1.001
04:15:44 | INFO: Primitives created: 6
04:15:44 | INFO: Extracting primitive: n3.001
04:15:44 | INFO: Primitives created: 6
04:15:44 | INFO: Extracting primitive: n5.001
04:15:44 | INFO: Primitives created: 6
04:15:44 | INFO: Extracting primitive: n7.001
04:15:44 | INFO: Primitives created: 6
04:15:44 | INFO: Extracting primitive: n11.001
04:15:44 | INFO: Primitives created: 6
04:15:44 | INFO: Extracting primitive: n15.001
04:15:44 | INFO: Primitives created: 3
04:15:44 | INFO: Extracting primitive: n19.001
04:15:44 | INFO: Primitives created: 6
04:15:44 | INFO: Extracting primitive: n21.001
04:15:44 | INFO: Primitives created: 1
04:15:44 | INFO: Extracting primitive: n23.001
04:15:44 | INFO: Primitives created: 6
04:15:44 | INFO: Extracting primitive: n25.001
04:15:44 | INFO: Primitives created: 6
04:15:44 | INFO: Extracting primitive: n27.001
04:15:44 | INFO: Primitives created: 6
04:15:44 | INFO: Finished glTF 2.0 export in 0.03262591361999512 s

EXPORT_OK /Users/panglaohu/Downloads/TigerInBamboo/TigerMessenger/artifacts/godot-export/harborCrane.glb
BlenderMCP server stopped
BlenderMCP addon unregistered
Blender 5.2.1 LTS (hash 9e2066aef7ef built 2026-08-25 01:35:57)

Blender quit
