00:00.346  blend            | Read blend: "/Users/panglaohu/Downloads/TigerInBamboo/TigerMessenger/assets/models/originals/blender-r3/house.blend"
BlenderMCP: cannot start server in background mode (blender -b) - commands would never execute
BlenderMCP: run Blender with a GUI, or use a virtual display: xvfb-run -a blender
BlenderMCP addon registered
INFO Draco is available, use library at /Applications/Blender.app/Contents/Resources/5.2/scripts/addons_core/io_scene_gltf2/libbf_intern_draco_bridge.dylib
INFO MeshOptimizer is available, use library at /Applications/Blender.app/Contents/Resources/5.2/scripts/addons_core/io_scene_gltf2/libbf_intern_meshopt_bridge.dylib
04:15:38 | INFO: Starting glTF 2.0 export
04:15:38 | INFO: Extracting primitive: n1.001
04:15:38 | INFO: Primitives created: 6
04:15:38 | INFO: Extracting primitive: n3.001
04:15:38 | INFO: Primitives created: 2
04:15:38 | INFO: Extracting primitive: n5.001
04:15:38 | INFO: Primitives created: 6
04:15:38 | INFO: Extracting primitive: n6.001
04:15:38 | INFO: Primitives created: 6
04:15:38 | INFO: Extracting primitive: n7.001
04:15:38 | INFO: Primitives created: 6
04:15:38 | INFO: Finished glTF 2.0 export in 0.015933990478515625 s

EXPORT_OK /Users/panglaohu/Downloads/TigerInBamboo/TigerMessenger/artifacts/godot-export/house.glb
BlenderMCP server stopped
BlenderMCP addon unregistered
Blender 5.2.1 LTS (hash 9e2066aef7ef built 2026-08-25 01:35:57)

Blender quit
