Godot Engine v4.7.2.stable.official.ed1daf0bf - https://godotengine.org

[   0% ] first_scan_filesystem | Started 项目初始化 (5 steps)
[   0% ] first_scan_filesystem | 正在扫描文件结构……
[  16% ] first_scan_filesystem | 正在加载全局类名……
[  33% ] first_scan_filesystem | 正在校验 GDExtension……
[  50% ] first_scan_filesystem | 正在创建自动加载脚本……
[  66% ] first_scan_filesystem | 正在初始化插件……
[  83% ] first_scan_filesystem | 正在启动文件扫描……
[ DONE ] first_scan_filesystem

[   0% ] _update_scan_actions | Started 正在扫描动作…… (11 steps)
[   0% ] _update_scan_actions | bird.glb
[   8% ] _update_scan_actions | citadelElderTree.glb
[  16% ] _update_scan_actions | longWingGlider.glb
[  25% ] _update_scan_actions | messenger.glb
[  33% ] _update_scan_actions | moebiusAircraft.glb
[  41% ] _update_scan_actions | moebiusCity.glb
[  50% ] _update_scan_actions | moebiusSwamp.glb
[  58% ] _update_scan_actions | moebiusTiger.glb
[  66% ] _update_scan_actions | moonLake.glb
[  75% ] _update_scan_actions | planet.glb
[  83% ] _update_scan_actions | swampZone.glb
[ DONE ] _update_scan_actions

[   0% ] reimport | Started 正在导入或重新导入资产 (17 steps)
[   0% ] reimport | 正在准备重新导入文件……
[   5% ] reimport | 正在准备重新导入文件……
[  11% ] reimport | 正在准备重新导入文件……
[  16% ] reimport | 正在准备重新导入文件……
[  22% ] reimport | 正在准备重新导入文件……
[  27% ] reimport | 正在准备重新导入文件……
[  33% ] reimport | 正在准备重新导入文件……
[  38% ] reimport | 正在准备重新导入文件……
[  44% ] reimport | 正在准备重新导入文件……
[  50% ] reimport | 正在准备重新导入文件……
[  55% ] reimport | 正在准备重新导入文件……
[  61% ] reimport | 正在准备重新导入文件……
[  66% ] reimport | 正在准备重新导入文件……
[  72% ] reimport | 正在准备重新导入文件……
[  77% ] reimport | 正在准备重新导入文件……
[  83% ] reimport | 正在准备重新导入文件……
[  88% ] reimport | 正在准备重新导入文件……
[   0% ] reimport | 正在执行重新导入的前置操作……
[   0% ] preload_reimporting_scene | Started 正在准备重新加载场景 (1 steps)
[   0% ] preload_reimporting_scene | 正在分析场景 [空]
[  50% ] preload_reimporting_scene | 准备完成。
[ DONE ] preload_reimporting_scene

[   0% ] reimport | swampZone_161eb9e28ec3eeb22c5ac0df765e759f547705e5e4c38cb2f7ea6393928d1cb3.png
[   5% ] reimport | swampZone_8c85f1222f5bd0a4eac366c7c03b23995fda3abae732240524b392421fa01f62.png
[  11% ] reimport | moonLake_b3fbc27c1091338b3835acbda46add78330dae843ac10869478618617dd346d8.png
[  16% ] reimport | moebiusTiger_8c85f1222f5bd0a4eac366c7c03b23995fda3abae732240524b392421fa01f62.png
[  22% ] reimport | moebiusSwamp_161eb9e28ec3eeb22c5ac0df765e759f547705e5e4c38cb2f7ea6393928d1cb3.png
[  27% ] reimport | moebiusSwamp_8c85f1222f5bd0a4eac366c7c03b23995fda3abae732240524b392421fa01f62.png
[  33% ] reimport | moebiusSwamp.glb
[   0% ] import | Started 导入场景 (104 steps)
[   0% ] import | 导入场景中...
[   1% ] import | 执行自定义脚本...
[  99% ] import | 保存中...
[ DONE ] import

[  38% ] reimport | moebiusCity.glb
[   0% ] import | Started 导入场景 (104 steps)
[   0% ] import | 导入场景中...
[   1% ] import | 执行自定义脚本...
[  99% ] import | 保存中...
[ DONE ] import

[  44% ] reimport | moebiusAircraft.glb
[   0% ] import | Started 导入场景 (104 steps)
[   0% ] import | 导入场景中...
[   1% ] import | 执行自定义脚本...
[  99% ] import | 保存中...
[ DONE ] import

[  50% ] reimport | moebiusTiger.glb
[   0% ] import | Started 导入场景 (104 steps)
[   0% ] import | 导入场景中...
[   1% ] import | 执行自定义脚本...
[  99% ] import | 保存中...
[ DONE ] import

[  55% ] reimport | messenger.glb
[   0% ] import | Started 导入场景 (104 steps)
[   0% ] import | 导入场景中...
[   1% ] import | 执行自定义脚本...
[  99% ] import | 保存中...
[ DONE ] import

[  61% ] reimport | moonLake.glb
[   0% ] import | Started 导入场景 (104 steps)
[   0% ] import | 导入场景中...
[   1% ] import | 执行自定义脚本...
[  99% ] import | 保存中...
[ DONE ] import

[  66% ] reimport | longWingGlider.glb
[   0% ] import | Started 导入场景 (104 steps)
[   0% ] import | 导入场景中...
[   1% ] import | 执行自定义脚本...
[  99% ] import | 保存中...
[ DONE ] import

[  72% ] reimport | planet.glb
[   0% ] import | Started 导入场景 (104 steps)
[   0% ] import | 导入场景中...
[   1% ] import | 执行自定义脚本...
[  99% ] import | 保存中...
[ DONE ] import

[  77% ] reimport | swampZone.glb
[   0% ] import | Started 导入场景 (104 steps)
[   0% ] import | 导入场景中...
[   1% ] import | 执行自定义脚本...
[  99% ] import | 保存中...
[ DONE ] import

[  83% ] reimport | citadelElderTree.glb
[   0% ] import | Started 导入场景 (104 steps)
[   0% ] import | 导入场景中...
[   1% ] import | 执行自定义脚本...
[  99% ] import | 保存中...
[ DONE ] import

[  88% ] reimport | bird.glb
[   0% ] import | Started 导入场景 (104 steps)
[   0% ] import | 导入场景中...
[   1% ] import | 执行自定义脚本...
[  99% ] import | 保存中...
[ DONE ] import

[  94% ] reimport | 正在结束资产导入……
[ DONE ] reimport

[   0% ] reimport | Started 正在导入或重新导入资产 (17 steps)
[   0% ] reimport | 正在执行重新导入的后置操作……
[ DONE ] reimport

[   0% ] loading_editor_layout | Started 正在加载编辑器 (5 steps)
[   0% ] loading_editor_layout | 正在加载编辑器布局……
[  16% ] loading_editor_layout | 正在加载停靠面板……
[  33% ] loading_editor_layout | 正在重新打开场景……
[  50% ] loading_editor_layout | 正在加载中央编辑器布局……
[  66% ] loading_editor_layout | 正在加载插件窗口布局……
[  83% ] loading_editor_layout | 编辑器布局就绪。
[ DONE ] loading_editor_layout

