00:00.344  blend            | Read blend: "/Users/panglaohu/Downloads/TigerInBamboo/TigerMessenger/assets/models/originals/blender-r3/lowPolyTree.blend"
BlenderMCP: cannot start server in background mode (blender -b) - commands would never execute
BlenderMCP: run Blender with a GUI, or use a virtual display: xvfb-run -a blender
BlenderMCP addon registered
INFO Draco is available, use library at /Applications/Blender.app/Contents/Resources/5.2/scripts/addons_core/io_scene_gltf2/libbf_intern_draco_bridge.dylib
INFO MeshOptimizer is available, use library at /Applications/Blender.app/Contents/Resources/5.2/scripts/addons_core/io_scene_gltf2/libbf_intern_meshopt_bridge.dylib
04:16:05 | INFO: Starting glTF 2.0 export
04:16:05 | INFO: Extracting primitive: n1.001
04:16:05 | INFO: Primitives created: 3
04:16:05 | INFO: Extracting primitive: n3.001
04:16:05 | INFO: Primitives created: 2
04:16:05 | INFO: Extracting primitive: n6.001
04:16:05 | INFO: Primitives created: 3
04:16:05 | INFO: Extracting primitive: n8.001
04:16:05 | INFO: Primitives created: 2
04:16:05 | INFO: Extracting primitive: n11.001
04:16:05 | INFO: Primitives created: 3
04:16:05 | INFO: Extracting primitive: n13.001
04:16:05 | INFO: Primitives created: 2
04:16:05 | INFO: Extracting primitive: n16.001
04:16:05 | INFO: Primitives created: 3
04:16:05 | INFO: Extracting primitive: n18.001
04:16:05 | INFO: Primitives created: 2
04:16:05 | INFO: Extracting primitive: n21.001
04:16:05 | INFO: Primitives created: 3
04:16:05 | INFO: Extracting primitive: n23.001
04:16:05 | INFO: Primitives created: 2
04:16:05 | INFO: Extracting primitive: n26.001
04:16:05 | INFO: Primitives created: 3
04:16:05 | INFO: Extracting primitive: n28.001
04:16:05 | INFO: Primitives created: 2
04:16:05 | INFO: Extracting primitive: n30.001
04:16:05 | INFO: Primitives created: 3
04:16:05 | INFO: Extracting primitive: n32.001
04:16:05 | INFO: Primitives created: 2
04:16:05 | INFO: Extracting primitive: n35.001
04:16:05 | INFO: Primitives created: 3
04:16:05 | INFO: Extracting primitive: n37.001
04:16:05 | INFO: Primitives created: 2
04:16:05 | INFO: Extracting primitive: n40.001
04:16:05 | INFO: Primitives created: 3
04:16:05 | INFO: Extracting primitive: n42.001
04:16:05 | INFO: Primitives created: 2
04:16:05 | INFO: Extracting primitive: n45.001
04:16:05 | INFO: Primitives created: 3
04:16:05 | INFO: Extracting primitive: n47.001
04:16:05 | INFO: Primitives created: 2
04:16:05 | INFO: Extracting primitive: n50.001
04:16:05 | INFO: Primitives created: 3
04:16:05 | INFO: Extracting primitive: n52.001
04:16:05 | INFO: Primitives created: 2
04:16:05 | INFO: Extracting primitive: n54.001
04:16:05 | INFO: Primitives created: 3
04:16:05 | INFO: Extracting primitive: n56.001
04:16:05 | INFO: Primitives created: 2
04:16:05 | INFO: Extracting primitive: n59.001
04:16:05 | INFO: Primitives created: 3
04:16:05 | INFO: Extracting primitive: n61.001
04:16:05 | INFO: Primitives created: 2
04:16:05 | INFO: Extracting primitive: n64.001
04:16:05 | INFO: Primitives created: 3
04:16:05 | INFO: Extracting primitive: n66.001
04:16:05 | INFO: Primitives created: 2
04:16:05 | INFO: Extracting primitive: n69.001
04:16:05 | INFO: Primitives created: 3
04:16:05 | INFO: Extracting primitive: n71.001
04:16:05 | INFO: Primitives created: 2
04:16:05 | INFO: Extracting primitive: n73.001
04:16:05 | INFO: Primitives created: 3
04:16:05 | INFO: Extracting primitive: n75.001
04:16:05 | INFO: Primitives created: 2
04:16:05 | INFO: Extracting primitive: n78.001
04:16:05 | INFO: Primitives created: 3
04:16:05 | INFO: Extracting primitive: n80.001
04:16:05 | INFO: Primitives created: 2
04:16:05 | INFO: Extracting primitive: n83.001
04:16:05 | INFO: Primitives created: 3
04:16:05 | INFO: Extracting primitive: n85.001
04:16:05 | INFO: Primitives created: 2
04:16:05 | INFO: Extracting primitive: n87.001
04:16:05 | INFO: Primitives created: 3
04:16:05 | INFO: Extracting primitive: n89.001
04:16:05 | INFO: Primitives created: 2
04:16:05 | INFO: Extracting primitive: n92.001
04:16:05 | INFO: Primitives created: 3
04:16:05 | INFO: Extracting primitive: n94.001
04:16:05 | INFO: Primitives created: 2
04:16:05 | INFO: Extracting primitive: n97.001
04:16:05 | INFO: Primitives created: 3
04:16:05 | INFO: Extracting primitive: n99.001
04:16:05 | INFO: Primitives created: 2
04:16:05 | INFO: Finished glTF 2.0 export in 0.05268597602844238 s

EXPORT_OK /Users/panglaohu/Downloads/TigerInBamboo/TigerMessenger/artifacts/godot-export/lowPolyTree.glb
BlenderMCP server stopped
BlenderMCP addon unregistered
Blender 5.2.1 LTS (hash 9e2066aef7ef built 2026-08-25 01:35:57)

Blender quit
