00:00.365  blend            | Read blend: "/Users/panglaohu/Downloads/TigerInBamboo/TigerMessenger/assets/models/originals/blender-r3/moebiusTower.blend"
BlenderMCP: cannot start server in background mode (blender -b) - commands would never execute
BlenderMCP: run Blender with a GUI, or use a virtual display: xvfb-run -a blender
BlenderMCP addon registered
INFO Draco is available, use library at /Applications/Blender.app/Contents/Resources/5.2/scripts/addons_core/io_scene_gltf2/libbf_intern_draco_bridge.dylib
INFO MeshOptimizer is available, use library at /Applications/Blender.app/Contents/Resources/5.2/scripts/addons_core/io_scene_gltf2/libbf_intern_meshopt_bridge.dylib
04:15:59 | INFO: Starting glTF 2.0 export
04:15:59 | INFO: Extracting primitive: crystal-view-platform.003
04:15:59 | INFO: Primitives created: 3
04:15:59 | INFO: Extracting primitive: n23.001
04:15:59 | INFO: Primitives created: 6
04:15:59 | INFO: Extracting primitive: n25.001
04:15:59 | INFO: Primitives created: 6
04:15:59 | INFO: Extracting primitive: n27.001
04:15:59 | INFO: Primitives created: 6
04:15:59 | INFO: Extracting primitive: n29.001
04:15:59 | INFO: Primitives created: 6
04:15:59 | INFO: Extracting primitive: n31.001
04:15:59 | INFO: Primitives created: 6
04:15:59 | INFO: Extracting primitive: n33.001
04:15:59 | INFO: Primitives created: 6
04:15:59 | INFO: Extracting primitive: n35.001
04:15:59 | INFO: Primitives created: 6
04:15:59 | INFO: Extracting primitive: n37.001
04:15:59 | INFO: Primitives created: 6
04:15:59 | INFO: Extracting primitive: n39.001
04:15:59 | INFO: Primitives created: 6
04:15:59 | INFO: Extracting primitive: n41.001
04:15:59 | INFO: Primitives created: 6
04:15:59 | INFO: Extracting primitive: n43.001
04:15:59 | INFO: Primitives created: 3
04:15:59 | INFO: Extracting primitive: n45.001
04:15:59 | INFO: Primitives created: 3
04:15:59 | INFO: Extracting primitive: n47.001
04:15:59 | INFO: Primitives created: 6
04:15:59 | INFO: Extracting primitive: n49.001
04:15:59 | INFO: Primitives created: 6
04:15:59 | INFO: Extracting primitive: n52.001
04:15:59 | INFO: Primitives created: 3
04:15:59 | INFO: Extracting primitive: n54.001
04:15:59 | INFO: Primitives created: 1
04:15:59 | INFO: Extracting primitive: n56.001
04:15:59 | INFO: Primitives created: 3
04:15:59 | INFO: Extracting primitive: n58.001
04:15:59 | INFO: Primitives created: 3
04:15:59 | INFO: Extracting primitive: n60.001
04:15:59 | INFO: Primitives created: 3
04:15:59 | INFO: Extracting primitive: n62.001
04:15:59 | INFO: Primitives created: 3
04:15:59 | INFO: Extracting primitive: n64.001
04:15:59 | INFO: Primitives created: 3
04:15:59 | INFO: Extracting primitive: n66.001
04:15:59 | INFO: Primitives created: 3
04:15:59 | INFO: Extracting primitive: n68.001
04:15:59 | INFO: Primitives created: 3
04:15:59 | INFO: Extracting primitive: n70.001
04:15:59 | INFO: Primitives created: 6
04:15:59 | INFO: Extracting primitive: n72.001
04:15:59 | INFO: Primitives created: 6
04:15:59 | INFO: Extracting primitive: neon-dome-core.003
04:15:59 | INFO: Primitives created: 1
04:15:59 | INFO: Extracting primitive: neon-dome-shell.003
04:15:59 | INFO: Primitives created: 1
04:15:59 | INFO: Extracting primitive: neon-dome-wick.003
04:15:59 | INFO: Primitives created: 1
04:15:59 | INFO: Extracting primitive: crystal-view-platform.004
04:15:59 | INFO: Primitives created: 3
04:15:59 | INFO: Extracting primitive: n86.001
04:15:59 | INFO: Primitives created: 6
04:15:59 | INFO: Extracting primitive: n88.001
04:15:59 | INFO: Primitives created: 6
04:15:59 | INFO: Extracting primitive: n90.001
04:15:59 | INFO: Primitives created: 6
04:15:59 | INFO: Extracting primitive: n92.001
04:15:59 | INFO: Primitives created: 6
04:15:59 | INFO: Extracting primitive: n94.001
04:15:59 | INFO: Primitives created: 6
04:15:59 | INFO: Extracting primitive: n96.001
04:15:59 | INFO: Primitives created: 6
04:15:59 | INFO: Extracting primitive: n98.001
04:15:59 | INFO: Primitives created: 6
04:15:59 | INFO: Extracting primitive: n100.001
04:15:59 | INFO: Primitives created: 6
04:15:59 | INFO: Extracting primitive: n102.001
04:15:59 | INFO: Primitives created: 6
04:15:59 | INFO: Extracting primitive: n104.001
04:15:59 | INFO: Primitives created: 6
04:15:59 | INFO: Extracting primitive: neon-dome-core.004
04:15:59 | INFO: Primitives created: 1
04:15:59 | INFO: Extracting primitive: neon-dome-shell.004
04:15:59 | INFO: Primitives created: 1
04:15:59 | INFO: Extracting primitive: neon-dome-wick.004
04:15:59 | INFO: Primitives created: 1
04:15:59 | INFO: Extracting primitive: crystal-view-platform.005
04:15:59 | INFO: Primitives created: 3
04:15:59 | INFO: Extracting primitive: n118.001
04:15:59 | INFO: Primitives created: 6
04:15:59 | INFO: Extracting primitive: n120.001
04:15:59 | INFO: Primitives created: 6
04:15:59 | INFO: Extracting primitive: n122.001
04:15:59 | INFO: Primitives created: 6
04:15:59 | INFO: Extracting primitive: n124.001
04:15:59 | INFO: Primitives created: 6
04:15:59 | INFO: Extracting primitive: n126.001
04:15:59 | INFO: Primitives created: 6
04:15:59 | INFO: Extracting primitive: n128.001
04:15:59 | INFO: Primitives created: 6
04:15:59 | INFO: Extracting primitive: n130.001
04:15:59 | INFO: Primitives created: 6
04:15:59 | INFO: Extracting primitive: n132.001
04:15:59 | INFO: Primitives created: 6
04:15:59 | INFO: Extracting primitive: n134.001
04:15:59 | INFO: Primitives created: 6
04:15:59 | INFO: Extracting primitive: n136.001
04:15:59 | INFO: Primitives created: 6
04:15:59 | INFO: Extracting primitive: neon-dome-core.005
04:15:59 | INFO: Primitives created: 1
04:15:59 | INFO: Extracting primitive: neon-dome-shell.005
04:15:59 | INFO: Primitives created: 1
04:15:59 | INFO: Extracting primitive: neon-dome-wick.005
04:15:59 | INFO: Primitives created: 1
04:15:59 | INFO: Extracting primitive: n1.001
04:15:59 | INFO: Primitives created: 3
04:15:59 | INFO: Extracting primitive: n3.001
04:15:59 | INFO: Primitives created: 3
04:15:59 | INFO: Extracting primitive: n5.001
04:15:59 | INFO: Primitives created: 3
04:15:59 | INFO: Extracting primitive: n7.001
04:15:59 | INFO: Primitives created: 3
04:15:59 | INFO: Extracting primitive: n9.001
04:15:59 | INFO: Primitives created: 2
04:15:59 | INFO: Extracting primitive: n138.001
04:15:59 | INFO: Primitives created: 3
04:15:59 | INFO: Extracting primitive: n140.001
04:15:59 | INFO: Primitives created: 3
04:15:59 | INFO: Extracting primitive: n142.001
04:15:59 | INFO: Primitives created: 3
04:15:59 | INFO: Extracting primitive: n144.001
04:15:59 | INFO: Primitives created: 2
04:15:59 | INFO: Extracting primitive: n146.001
04:15:59 | INFO: Primitives created: 3
04:15:59 | INFO: Extracting primitive: n148.001
04:15:59 | INFO: Primitives created: 3
04:15:59 | INFO: Extracting primitive: n150.001
04:15:59 | INFO: Primitives created: 3
04:15:59 | INFO: Extracting primitive: n152.001
04:15:59 | INFO: Primitives created: 2
04:15:59 | INFO: Extracting primitive: n154.001
04:15:59 | INFO: Primitives created: 3
04:15:59 | INFO: Extracting primitive: n156.001
04:15:59 | INFO: Primitives created: 3
04:15:59 | INFO: Extracting primitive: n158.001
04:15:59 | INFO: Primitives created: 3
04:15:59 | INFO: Extracting primitive: n160.001
04:15:59 | INFO: Primitives created: 2
04:15:59 | INFO: Finished glTF 2.0 export in 0.16072821617126465 s

EXPORT_OK /Users/panglaohu/Downloads/TigerInBamboo/TigerMessenger/artifacts/godot-export/moebiusTower.glb
BlenderMCP server stopped
BlenderMCP addon unregistered
Blender 5.2.1 LTS (hash 9e2066aef7ef built 2026-08-25 01:35:57)

Blender quit
