00:00.368  blend            | Read blend: "/Users/panglaohu/Downloads/TigerInBamboo/TigerMessenger/assets/models/originals/blender-r3/moebiusAircraft.blend"
BlenderMCP: cannot start server in background mode (blender -b) - commands would never execute
BlenderMCP: run Blender with a GUI, or use a virtual display: xvfb-run -a blender
BlenderMCP addon registered
INFO Draco is available, use library at /Applications/Blender.app/Contents/Resources/5.2/scripts/addons_core/io_scene_gltf2/libbf_intern_draco_bridge.dylib
INFO MeshOptimizer is available, use library at /Applications/Blender.app/Contents/Resources/5.2/scripts/addons_core/io_scene_gltf2/libbf_intern_meshopt_bridge.dylib
04:17:52 | INFO: Starting glTF 2.0 export
04:17:52 | INFO: Extracting primitive: aircraft-cockpit-orange-dot.001
04:17:52 | INFO: Primitives created: 1
04:17:52 | INFO: Extracting primitive: aircraft-hull.001
04:17:52 | INFO: Primitives created: 1
04:17:52 | INFO: Extracting primitive: aircraft-neon-energy-line.001
04:17:52 | INFO: Primitives created: 1
04:17:52 | INFO: Extracting primitive: cockpit-lime-core.001
04:17:52 | INFO: Primitives created: 1
04:17:52 | INFO: Extracting primitive: cockpit-lime-glow.001
04:17:52 | INFO: Primitives created: 1
04:17:52 | INFO: Extracting primitive: n3.001
04:17:52 | INFO: Primitives created: 1
04:17:52 | INFO: Extracting primitive: n5.001
04:17:52 | INFO: Primitives created: 1
04:17:52 | INFO: Extracting primitive: n7.001
04:17:52 | INFO: Primitives created: 1
04:17:52 | INFO: Extracting primitive: n9.001
04:17:52 | INFO: Primitives created: 1
04:17:52 | INFO: Extracting primitive: n11.001
04:17:52 | INFO: Primitives created: 1
04:17:52 | INFO: Extracting primitive: n17.001
04:17:52 | INFO: Primitives created: 1
04:17:52 | INFO: Extracting primitive: n19.001
04:17:52 | INFO: Primitives created: 1
04:17:52 | INFO: Extracting primitive: n22.001
04:17:52 | INFO: Primitives created: 2
04:17:52 | INFO: Extracting primitive: n24.001
04:17:52 | INFO: Primitives created: 1
04:17:52 | INFO: Extracting primitive: n26.001
04:17:52 | INFO: Primitives created: 1
04:17:52 | INFO: Extracting primitive: n28.001
04:17:52 | INFO: Primitives created: 1
04:17:52 | INFO: Extracting primitive: n30.001
04:17:52 | INFO: Primitives created: 3
04:17:52 | INFO: Extracting primitive: n33.001
04:17:52 | INFO: Primitives created: 6
04:17:52 | INFO: Extracting primitive: n35.001
04:17:52 | INFO: Primitives created: 6
04:17:52 | INFO: Extracting primitive: n38.001
04:17:52 | INFO: Primitives created: 6
04:17:52 | INFO: Extracting primitive: n40.001
04:17:52 | INFO: Primitives created: 6
04:17:52 | INFO: Extracting primitive: n43.001
04:17:52 | INFO: Primitives created: 6
04:17:52 | INFO: Extracting primitive: n45.001
04:17:52 | INFO: Primitives created: 6
04:17:52 | INFO: Extracting primitive: n48.001
04:17:52 | INFO: Primitives created: 6
04:17:52 | INFO: Extracting primitive: n50.001
04:17:52 | INFO: Primitives created: 6
04:17:52 | INFO: Extracting primitive: n56.001
04:17:52 | INFO: Primitives created: 2
04:17:52 | INFO: Extracting primitive: n57.001
04:17:52 | INFO: Primitives created: 2
04:17:52 | INFO: Extracting primitive: n58.001
04:17:52 | INFO: Primitives created: 2
04:17:52 | INFO: Extracting primitive: n59.001
04:17:52 | INFO: Primitives created: 2
04:17:52 | INFO: Extracting primitive: n60.001
04:17:52 | INFO: Primitives created: 2
04:17:52 | INFO: Extracting primitive: n61.001
04:17:52 | INFO: Primitives created: 2
04:17:52 | INFO: Finished glTF 2.0 export in 0.059229135513305664 s

EXPORT_OK /Users/panglaohu/Downloads/TigerInBamboo/TigerMessenger/artifacts/godot-export/moebiusAircraft.glb
BlenderMCP server stopped
BlenderMCP addon unregistered
Blender 5.2.1 LTS (hash 9e2066aef7ef built 2026-08-25 01:35:57)

Blender quit
