00:00.361  blend            | Read blend: "/Users/panglaohu/Downloads/TigerInBamboo/TigerMessenger/assets/models/originals/blender-r3/moebiusTiger.blend"
BlenderMCP: cannot start server in background mode (blender -b) - commands would never execute
BlenderMCP: run Blender with a GUI, or use a virtual display: xvfb-run -a blender
BlenderMCP addon registered
INFO Draco is available, use library at /Applications/Blender.app/Contents/Resources/5.2/scripts/addons_core/io_scene_gltf2/libbf_intern_draco_bridge.dylib
INFO MeshOptimizer is available, use library at /Applications/Blender.app/Contents/Resources/5.2/scripts/addons_core/io_scene_gltf2/libbf_intern_meshopt_bridge.dylib
04:17:53 | INFO: Starting glTF 2.0 export
04:17:53 | INFO: Extracting primitive: n53.001
04:17:53 | INFO: Primitives created: 3
04:17:53 | INFO: Extracting primitive: n55.001
04:17:53 | INFO: Primitives created: 3
04:17:53 | INFO: Extracting primitive: n57.001
04:17:53 | INFO: Primitives created: 1
04:17:53 | INFO: Extracting primitive: n60.001
04:17:53 | INFO: Primitives created: 3
04:17:53 | INFO: Extracting primitive: n62.001
04:17:53 | INFO: Primitives created: 3
04:17:53 | INFO: Extracting primitive: n64.001
04:17:53 | INFO: Primitives created: 1
04:17:53 | INFO: Extracting primitive: n67.001
04:17:53 | INFO: Primitives created: 3
04:17:53 | INFO: Extracting primitive: n69.001
04:17:53 | INFO: Primitives created: 3
04:17:53 | INFO: Extracting primitive: n71.001
04:17:53 | INFO: Primitives created: 1
04:17:53 | INFO: Extracting primitive: n74.001
04:17:53 | INFO: Primitives created: 3
04:17:53 | INFO: Extracting primitive: n76.001
04:17:53 | INFO: Primitives created: 3
04:17:53 | INFO: Extracting primitive: n78.001
04:17:53 | INFO: Primitives created: 1
04:17:53 | INFO: Extracting primitive: n4.001
04:17:53 | INFO: Primitives created: 1
04:17:53 | INFO: Extracting primitive: n6.001
04:17:53 | INFO: Primitives created: 1
04:17:53 | INFO: Extracting primitive: tiger-tail-brush-1.001
04:17:53 | INFO: Primitives created: 3
04:17:53 | INFO: Extracting primitive: tiger-tail-brush-2.001
04:17:53 | INFO: Primitives created: 3
04:17:53 | INFO: Extracting primitive: tiger-tail-brush-3.001
04:17:53 | INFO: Primitives created: 3
04:17:53 | INFO: Extracting primitive: tiger-tail-brush-4.001
04:17:53 | INFO: Primitives created: 3
04:17:53 | INFO: Extracting primitive: tiger-tail-brush-5.001
04:17:53 | INFO: Primitives created: 3
04:17:53 | INFO: Extracting primitive: tiger-tail-brush-6.001
04:17:53 | INFO: Primitives created: 3
04:17:53 | INFO: Extracting primitive: tiger-tail-brush-tip.002
04:17:53 | INFO: Primitives created: 3
04:17:53 | INFO: Extracting primitive: tiger-tail-brush-tip.003
04:17:53 | INFO: Primitives created: 3
04:17:53 | INFO: Extracting primitive: n9.001
04:17:53 | INFO: Primitives created: 1
04:17:53 | INFO: Extracting primitive: n11.001
04:17:53 | INFO: Primitives created: 1
04:17:53 | INFO: Extracting primitive: n13.001
04:17:53 | INFO: Primitives created: 1
04:17:53 | INFO: Extracting primitive: n15.001
04:17:53 | INFO: Primitives created: 2
04:17:53 | INFO: Extracting primitive: n17.001
04:17:53 | INFO: Primitives created: 2
04:17:53 | INFO: Extracting primitive: n19.001
04:17:53 | INFO: Primitives created: 3
04:17:53 | INFO: Extracting primitive: n21.001
04:17:53 | INFO: Primitives created: 3
04:17:53 | INFO: Extracting primitive: n23.001
04:17:53 | INFO: Primitives created: 1
04:17:53 | INFO: Extracting primitive: n25.001
04:17:53 | INFO: Primitives created: 2
04:17:53 | INFO: Extracting primitive: tiger-torso.001
04:17:53 | INFO: Primitives created: 1
04:17:53 | INFO: Finished glTF 2.0 export in 0.07583808898925781 s

EXPORT_OK /Users/panglaohu/Downloads/TigerInBamboo/TigerMessenger/artifacts/godot-export/moebiusTiger.glb
BlenderMCP server stopped
BlenderMCP addon unregistered
Blender 5.2.1 LTS (hash 9e2066aef7ef built 2026-08-25 01:35:57)

Blender quit
