00:00.361  blend            | Read blend: "/Users/panglaohu/Downloads/TigerInBamboo/TigerMessenger/assets/models/originals/blender-r3/moebiusCity.blend"
BlenderMCP: cannot start server in background mode (blender -b) - commands would never execute
BlenderMCP: run Blender with a GUI, or use a virtual display: xvfb-run -a blender
BlenderMCP addon registered
INFO Draco is available, use library at /Applications/Blender.app/Contents/Resources/5.2/scripts/addons_core/io_scene_gltf2/libbf_intern_draco_bridge.dylib
INFO MeshOptimizer is available, use library at /Applications/Blender.app/Contents/Resources/5.2/scripts/addons_core/io_scene_gltf2/libbf_intern_meshopt_bridge.dylib
04:18:04 | INFO: Starting glTF 2.0 export
04:18:04 | INFO: Extracting primitive: crystal-view-platform.008
04:18:04 | INFO: Primitives created: 3
04:18:04 | INFO: Extracting primitive: n77.001
04:18:05 | INFO: Primitives created: 6
04:18:05 | INFO: Extracting primitive: n79.001
04:18:05 | INFO: Primitives created: 6
04:18:05 | INFO: Extracting primitive: n81.001
04:18:05 | INFO: Primitives created: 6
04:18:05 | INFO: Extracting primitive: n83.001
04:18:05 | INFO: Primitives created: 6
04:18:05 | INFO: Extracting primitive: n85.001
04:18:05 | INFO: Primitives created: 6
04:18:05 | INFO: Extracting primitive: n87.001
04:18:05 | INFO: Primitives created: 6
04:18:05 | INFO: Extracting primitive: n89.001
04:18:05 | INFO: Primitives created: 6
04:18:05 | INFO: Extracting primitive: n91.001
04:18:05 | INFO: Primitives created: 6
04:18:05 | INFO: Extracting primitive: n93.001
04:18:05 | INFO: Primitives created: 6
04:18:05 | INFO: Extracting primitive: n95.001
04:18:05 | INFO: Primitives created: 6
04:18:05 | INFO: Extracting primitive: n97.001
04:18:05 | INFO: Primitives created: 3
04:18:05 | INFO: Extracting primitive: n99.001
04:18:05 | INFO: Primitives created: 3
04:18:05 | INFO: Extracting primitive: n101.001
04:18:05 | INFO: Primitives created: 6
04:18:05 | INFO: Extracting primitive: n103.001
04:18:05 | INFO: Primitives created: 6
04:18:05 | INFO: Extracting primitive: n106.001
04:18:05 | INFO: Primitives created: 3
04:18:05 | INFO: Extracting primitive: n108.001
04:18:05 | INFO: Primitives created: 1
04:18:05 | INFO: Extracting primitive: n110.001
04:18:05 | INFO: Primitives created: 3
04:18:05 | INFO: Extracting primitive: n112.001
04:18:05 | INFO: Primitives created: 3
04:18:05 | INFO: Extracting primitive: n114.001
04:18:05 | INFO: Primitives created: 3
04:18:05 | INFO: Extracting primitive: n116.001
04:18:05 | INFO: Primitives created: 3
04:18:05 | INFO: Extracting primitive: n118.001
04:18:05 | INFO: Primitives created: 3
04:18:05 | INFO: Extracting primitive: n120.001
04:18:05 | INFO: Primitives created: 3
04:18:05 | INFO: Extracting primitive: n122.001
04:18:05 | INFO: Primitives created: 3
04:18:05 | INFO: Extracting primitive: n124.001
04:18:05 | INFO: Primitives created: 6
04:18:05 | INFO: Extracting primitive: n126.001
04:18:05 | INFO: Primitives created: 6
04:18:05 | INFO: Extracting primitive: neon-dome-core.008
04:18:05 | INFO: Primitives created: 1
04:18:05 | INFO: Extracting primitive: neon-dome-shell.008
04:18:05 | INFO: Primitives created: 1
04:18:05 | INFO: Extracting primitive: neon-dome-wick.008
04:18:05 | INFO: Primitives created: 1
04:18:05 | INFO: Extracting primitive: crystal-view-platform.009
04:18:05 | INFO: Primitives created: 3
04:18:05 | INFO: Extracting primitive: n140.001
04:18:05 | INFO: Primitives created: 6
04:18:05 | INFO: Extracting primitive: n142.001
04:18:05 | INFO: Primitives created: 6
04:18:05 | INFO: Extracting primitive: n144.001
04:18:05 | INFO: Primitives created: 6
04:18:05 | INFO: Extracting primitive: n146.001
04:18:05 | INFO: Primitives created: 6
04:18:05 | INFO: Extracting primitive: n148.001
04:18:05 | INFO: Primitives created: 6
04:18:05 | INFO: Extracting primitive: n150.001
04:18:05 | INFO: Primitives created: 6
04:18:05 | INFO: Extracting primitive: n152.001
04:18:05 | INFO: Primitives created: 6
04:18:05 | INFO: Extracting primitive: n154.001
04:18:05 | INFO: Primitives created: 6
04:18:05 | INFO: Extracting primitive: n156.001
04:18:05 | INFO: Primitives created: 6
04:18:05 | INFO: Extracting primitive: n158.001
04:18:05 | INFO: Primitives created: 6
04:18:05 | INFO: Extracting primitive: neon-dome-core.009
04:18:05 | INFO: Primitives created: 1
04:18:05 | INFO: Extracting primitive: neon-dome-shell.009
04:18:05 | INFO: Primitives created: 1
04:18:05 | INFO: Extracting primitive: neon-dome-wick.009
04:18:05 | INFO: Primitives created: 1
04:18:05 | INFO: Extracting primitive: crystal-view-platform.010
04:18:05 | INFO: Primitives created: 3
04:18:05 | INFO: Extracting primitive: n172.001
04:18:05 | INFO: Primitives created: 6
04:18:05 | INFO: Extracting primitive: n174.001
04:18:05 | INFO: Primitives created: 6
04:18:05 | INFO: Extracting primitive: n176.001
04:18:05 | INFO: Primitives created: 6
04:18:05 | INFO: Extracting primitive: n178.001
04:18:05 | INFO: Primitives created: 6
04:18:05 | INFO: Extracting primitive: n180.001
04:18:05 | INFO: Primitives created: 6
04:18:05 | INFO: Extracting primitive: n182.001
04:18:05 | INFO: Primitives created: 6
04:18:05 | INFO: Extracting primitive: n184.001
04:18:05 | INFO: Primitives created: 6
04:18:05 | INFO: Extracting primitive: n186.001
04:18:05 | INFO: Primitives created: 6
04:18:05 | INFO: Extracting primitive: n188.001
04:18:05 | INFO: Primitives created: 6
04:18:05 | INFO: Extracting primitive: n190.001
04:18:05 | INFO: Primitives created: 6
04:18:05 | INFO: Extracting primitive: neon-dome-core.010
04:18:05 | INFO: Primitives created: 1
04:18:05 | INFO: Extracting primitive: neon-dome-shell.010
04:18:05 | INFO: Primitives created: 1
04:18:05 | INFO: Extracting primitive: neon-dome-wick.010
04:18:05 | INFO: Primitives created: 1
04:18:05 | INFO: Extracting primitive: n37.001
04:18:05 | INFO: Primitives created: 3
04:18:05 | INFO: Extracting primitive: n39.001
04:18:05 | INFO: Primitives created: 6
04:18:05 | INFO: Extracting primitive: n41.001
04:18:05 | INFO: Primitives created: 6
04:18:05 | INFO: Extracting primitive: n43.001
04:18:05 | INFO: Primitives created: 6
04:18:05 | INFO: Extracting primitive: n45.001
04:18:05 | INFO: Primitives created: 3
04:18:05 | INFO: Extracting primitive: n47.001
04:18:05 | INFO: Primitives created: 6
04:18:05 | INFO: Extracting primitive: n49.001
04:18:05 | INFO: Primitives created: 6
04:18:05 | INFO: Extracting primitive: n51.001
04:18:05 | INFO: Primitives created: 6
04:18:05 | INFO: Extracting primitive: n53.001
04:18:05 | INFO: Primitives created: 3
04:18:05 | INFO: Extracting primitive: n55.001
04:18:05 | INFO: Primitives created: 6
04:18:05 | INFO: Extracting primitive: n57.001
04:18:05 | INFO: Primitives created: 6
04:18:05 | INFO: Extracting primitive: n59.001
04:18:05 | INFO: Primitives created: 6
04:18:05 | INFO: Extracting primitive: n61.001
04:18:05 | INFO: Primitives created: 3
04:18:05 | INFO: Extracting primitive: n63.001
04:18:05 | INFO: Primitives created: 2
04:18:05 | INFO: Extracting primitive: n192.001
04:18:05 | INFO: Primitives created: 3
04:18:05 | INFO: Extracting primitive: n194.001
04:18:05 | INFO: Primitives created: 3
04:18:05 | INFO: Extracting primitive: n196.001
04:18:05 | INFO: Primitives created: 3
04:18:05 | INFO: Extracting primitive: n198.001
04:18:05 | INFO: Primitives created: 2
04:18:05 | INFO: Extracting primitive: n200.001
04:18:05 | INFO: Primitives created: 3
04:18:05 | INFO: Extracting primitive: n202.001
04:18:05 | INFO: Primitives created: 3
04:18:05 | INFO: Extracting primitive: n204.001
04:18:05 | INFO: Primitives created: 3
04:18:05 | INFO: Extracting primitive: n206.001
04:18:05 | INFO: Primitives created: 2
04:18:05 | INFO: Extracting primitive: n208.001
04:18:05 | INFO: Primitives created: 3
04:18:05 | INFO: Extracting primitive: n210.001
04:18:05 | INFO: Primitives created: 3
04:18:05 | INFO: Extracting primitive: n212.001
04:18:05 | INFO: Primitives created: 3
04:18:05 | INFO: Extracting primitive: n214.001
04:18:05 | INFO: Primitives created: 2
04:18:05 | INFO: Extracting primitive: moebius-green-hill-body.003
04:18:05 | INFO: Primitives created: 1
04:18:05 | INFO: Extracting primitive: moebius-hall-hill-terrace.003
04:18:05 | INFO: Primitives created: 3
04:18:05 | INFO: Extracting primitive: n6.001
04:18:05 | INFO: Primitives created: 1
04:18:05 | INFO: Extracting primitive: n7.001
04:18:05 | INFO: Primitives created: 1
04:18:05 | INFO: Extracting primitive: n8.001
04:18:05 | INFO: Primitives created: 1
04:18:05 | INFO: Extracting primitive: n9.001
04:18:05 | INFO: Primitives created: 1
04:18:05 | INFO: Extracting primitive: n10.001
04:18:05 | INFO: Primitives created: 1
04:18:05 | INFO: Extracting primitive: n11.001
04:18:05 | INFO: Primitives created: 1
04:18:05 | INFO: Extracting primitive: moebius-green-hill-body.004
04:18:05 | INFO: Primitives created: 1
04:18:05 | INFO: Extracting primitive: moebius-hall-hill-terrace.004
04:18:05 | INFO: Primitives created: 3
04:18:05 | INFO: Extracting primitive: n17.001
04:18:05 | INFO: Primitives created: 1
04:18:05 | INFO: Extracting primitive: n18.001
04:18:05 | INFO: Primitives created: 1
04:18:05 | INFO: Extracting primitive: n19.001
04:18:05 | INFO: Primitives created: 1
04:18:05 | INFO: Extracting primitive: n20.001
04:18:05 | INFO: Primitives created: 1
04:18:05 | INFO: Extracting primitive: n21.001
04:18:05 | INFO: Primitives created: 1
04:18:05 | INFO: Extracting primitive: n22.001
04:18:05 | INFO: Primitives created: 1
04:18:05 | INFO: Extracting primitive: moebius-green-hill-body.005
04:18:05 | INFO: Primitives created: 1
04:18:05 | INFO: Extracting primitive: moebius-hall-hill-terrace.005
04:18:05 | INFO: Primitives created: 3
04:18:05 | INFO: Extracting primitive: n28.001
04:18:05 | INFO: Primitives created: 1
04:18:05 | INFO: Extracting primitive: n29.001
04:18:05 | INFO: Primitives created: 1
04:18:05 | INFO: Extracting primitive: n30.001
04:18:05 | INFO: Primitives created: 1
04:18:05 | INFO: Extracting primitive: n31.001
04:18:05 | INFO: Primitives created: 1
04:18:05 | INFO: Extracting primitive: n32.001
04:18:05 | INFO: Primitives created: 1
04:18:05 | INFO: Extracting primitive: n33.001
04:18:05 | INFO: Primitives created: 1
04:18:05 | INFO: Extracting primitive: n555.001
04:18:05 | INFO: Primitives created: 1
04:18:05 | INFO: Extracting primitive: n556.001
04:18:05 | INFO: Primitives created: 1
04:18:05 | INFO: Extracting primitive: n557.001
04:18:05 | INFO: Primitives created: 1
04:18:05 | INFO: Extracting primitive: n559.001
04:18:05 | INFO: Primitives created: 1
04:18:05 | INFO: Extracting primitive: n560.001
04:18:05 | INFO: Primitives created: 1
04:18:05 | INFO: Extracting primitive: n561.001
04:18:05 | INFO: Primitives created: 1
04:18:05 | INFO: Extracting primitive: n563.001
04:18:05 | INFO: Primitives created: 1
04:18:05 | INFO: Extracting primitive: n564.001
04:18:05 | INFO: Primitives created: 1
04:18:05 | INFO: Extracting primitive: n565.001
04:18:05 | INFO: Primitives created: 1
04:18:05 | INFO: Extracting primitive: n567.001
04:18:05 | INFO: Primitives created: 1
04:18:05 | INFO: Extracting primitive: n568.001
04:18:05 | INFO: Primitives created: 1
04:18:05 | INFO: Extracting primitive: n569.001
04:18:05 | INFO: Primitives created: 1
04:18:05 | INFO: Extracting primitive: n571.001
04:18:05 | INFO: Primitives created: 1
04:18:05 | INFO: Extracting primitive: n572.001
04:18:05 | INFO: Primitives created: 1
04:18:05 | INFO: Extracting primitive: n573.001
04:18:05 | INFO: Primitives created: 1
04:18:05 | INFO: Extracting primitive: n575.001
04:18:05 | INFO: Primitives created: 1
04:18:05 | INFO: Extracting primitive: n576.001
04:18:05 | INFO: Primitives created: 1
04:18:05 | INFO: Extracting primitive: n577.001
04:18:05 | INFO: Primitives created: 1
04:18:05 | INFO: Extracting primitive: n579.001
04:18:05 | INFO: Primitives created: 1
04:18:05 | INFO: Extracting primitive: n580.001
04:18:05 | INFO: Primitives created: 1
04:18:05 | INFO: Extracting primitive: n581.001
04:18:05 | INFO: Primitives created: 1
04:18:05 | INFO: Extracting primitive: n583.001
04:18:05 | INFO: Primitives created: 1
04:18:05 | INFO: Extracting primitive: n584.001
04:18:05 | INFO: Primitives created: 1
04:18:05 | INFO: Extracting primitive: n585.001
04:18:05 | INFO: Primitives created: 1
04:18:05 | INFO: Extracting primitive: n587.001
04:18:05 | INFO: Primitives created: 1
04:18:05 | INFO: Extracting primitive: n588.001
04:18:05 | INFO: Primitives created: 1
04:18:05 | INFO: Extracting primitive: n589.001
04:18:05 | INFO: Primitives created: 1
04:18:05 | INFO: Extracting primitive: n592.001
04:18:05 | INFO: Primitives created: 1
04:18:05 | INFO: Extracting primitive: n593.001
04:18:05 | INFO: Primitives created: 1
04:18:05 | INFO: Extracting primitive: n594.001
04:18:05 | INFO: Primitives created: 1
04:18:05 | INFO: Extracting primitive: n596.001
04:18:05 | INFO: Primitives created: 1
04:18:05 | INFO: Extracting primitive: n597.001
04:18:05 | INFO: Primitives created: 1
04:18:05 | INFO: Extracting primitive: n598.001
04:18:05 | INFO: Primitives created: 1
04:18:05 | INFO: Extracting primitive: n600.001
04:18:05 | INFO: Primitives created: 1
04:18:05 | INFO: Extracting primitive: n601.001
04:18:05 | INFO: Primitives created: 1
04:18:05 | INFO: Extracting primitive: n602.001
04:18:05 | INFO: Primitives created: 1
04:18:05 | INFO: Extracting primitive: n604.001
04:18:05 | INFO: Primitives created: 1
04:18:05 | INFO: Extracting primitive: n605.001
04:18:05 | INFO: Primitives created: 1
04:18:05 | INFO: Extracting primitive: n606.001
04:18:05 | INFO: Primitives created: 1
04:18:05 | INFO: Extracting primitive: n608.001
04:18:05 | INFO: Primitives created: 1
04:18:05 | INFO: Extracting primitive: n609.001
04:18:05 | INFO: Primitives created: 1
04:18:05 | INFO: Extracting primitive: n610.001
04:18:05 | INFO: Primitives created: 1
04:18:05 | INFO: Extracting primitive: n612.001
04:18:05 | INFO: Primitives created: 1
04:18:05 | INFO: Extracting primitive: n613.001
04:18:05 | INFO: Primitives created: 1
04:18:05 | INFO: Extracting primitive: n614.001
04:18:05 | INFO: Primitives created: 1
04:18:05 | INFO: Extracting primitive: n616.001
04:18:05 | INFO: Primitives created: 1
04:18:05 | INFO: Extracting primitive: n617.001
04:18:05 | INFO: Primitives created: 1
04:18:05 | INFO: Extracting primitive: n618.001
04:18:05 | INFO: Primitives created: 1
04:18:05 | INFO: Extracting primitive: n620.001
04:18:05 | INFO: Primitives created: 1
04:18:05 | INFO: Extracting primitive: n621.001
04:18:05 | INFO: Primitives created: 1
04:18:05 | INFO: Extracting primitive: n622.001
04:18:05 | INFO: Primitives created: 1
04:18:05 | INFO: Extracting primitive: n624.001
04:18:05 | INFO: Primitives created: 1
04:18:05 | INFO: Extracting primitive: n625.001
04:18:05 | INFO: Primitives created: 1
04:18:05 | INFO: Extracting primitive: n626.001
04:18:05 | INFO: Primitives created: 1
04:18:05 | INFO: Extracting primitive: n629.001
04:18:05 | INFO: Primitives created: 1
04:18:05 | INFO: Extracting primitive: n630.001
04:18:05 | INFO: Primitives created: 1
04:18:05 | INFO: Extracting primitive: n631.001
04:18:05 | INFO: Primitives created: 1
04:18:05 | INFO: Extracting primitive: n633.001
04:18:05 | INFO: Primitives created: 1
04:18:05 | INFO: Extracting primitive: n634.001
04:18:05 | INFO: Primitives created: 1
04:18:05 | INFO: Extracting primitive: n635.001
04:18:05 | INFO: Primitives created: 1
04:18:05 | INFO: Extracting primitive: n637.001
04:18:05 | INFO: Primitives created: 1
04:18:05 | INFO: Extracting primitive: n638.001
04:18:05 | INFO: Primitives created: 1
04:18:05 | INFO: Extracting primitive: n639.001
04:18:05 | INFO: Primitives created: 1
04:18:05 | INFO: Extracting primitive: n641.001
04:18:05 | INFO: Primitives created: 1
04:18:05 | INFO: Extracting primitive: n642.001
04:18:05 | INFO: Primitives created: 1
04:18:05 | INFO: Extracting primitive: n643.001
04:18:05 | INFO: Primitives created: 1
04:18:05 | INFO: Extracting primitive: n645.001
04:18:05 | INFO: Primitives created: 1
04:18:05 | INFO: Extracting primitive: n646.001
04:18:05 | INFO: Primitives created: 1
04:18:05 | INFO: Extracting primitive: n647.001
04:18:05 | INFO: Primitives created: 1
04:18:05 | INFO: Extracting primitive: n649.001
04:18:05 | INFO: Primitives created: 1
04:18:05 | INFO: Extracting primitive: n650.001
04:18:05 | INFO: Primitives created: 1
04:18:05 | INFO: Extracting primitive: n651.001
04:18:05 | INFO: Primitives created: 1
04:18:05 | INFO: Extracting primitive: crystal-view-platform.014
04:18:05 | INFO: Primitives created: 3
04:18:05 | INFO: Extracting primitive: n444.001
04:18:05 | INFO: Primitives created: 6
04:18:05 | INFO: Extracting primitive: n446.001
04:18:05 | INFO: Primitives created: 6
04:18:05 | INFO: Extracting primitive: n448.001
04:18:05 | INFO: Primitives created: 6
04:18:05 | INFO: Extracting primitive: n450.001
04:18:05 | INFO: Primitives created: 6
04:18:05 | INFO: Extracting primitive: n452.001
04:18:05 | INFO: Primitives created: 6
04:18:05 | INFO: Extracting primitive: n454.001
04:18:05 | INFO: Primitives created: 6
04:18:05 | INFO: Extracting primitive: n456.001
04:18:05 | INFO: Primitives created: 6
04:18:05 | INFO: Extracting primitive: n458.001
04:18:05 | INFO: Primitives created: 6
04:18:05 | INFO: Extracting primitive: n460.001
04:18:05 | INFO: Primitives created: 6
04:18:05 | INFO: Extracting primitive: n462.001
04:18:05 | INFO: Primitives created: 6
04:18:05 | INFO: Extracting primitive: n464.001
04:18:05 | INFO: Primitives created: 3
04:18:05 | INFO: Extracting primitive: n466.001
04:18:05 | INFO: Primitives created: 3
04:18:05 | INFO: Extracting primitive: n468.001
04:18:05 | INFO: Primitives created: 6
04:18:05 | INFO: Extracting primitive: n470.001
04:18:05 | INFO: Primitives created: 6
04:18:05 | INFO: Extracting primitive: n472.001
04:18:05 | INFO: Primitives created: 3
04:18:05 | INFO: Extracting primitive: n474.001
04:18:05 | INFO: Primitives created: 3
04:18:05 | INFO: Extracting primitive: n476.001
04:18:05 | INFO: Primitives created: 6
04:18:05 | INFO: Extracting primitive: n478.001
04:18:05 | INFO: Primitives created: 6
04:18:05 | INFO: Extracting primitive: n481.001
04:18:05 | INFO: Primitives created: 3
04:18:05 | INFO: Extracting primitive: n483.001
04:18:05 | INFO: Primitives created: 1
04:18:05 | INFO: Extracting primitive: n485.001
04:18:05 | INFO: Primitives created: 3
04:18:05 | INFO: Extracting primitive: n487.001
04:18:05 | INFO: Primitives created: 3
04:18:05 | INFO: Extracting primitive: n489.001
04:18:05 | INFO: Primitives created: 3
04:18:05 | INFO: Extracting primitive: n491.001
04:18:05 | INFO: Primitives created: 3
04:18:05 | INFO: Extracting primitive: n493.001
04:18:05 | INFO: Primitives created: 3
04:18:05 | INFO: Extracting primitive: neon-dome-core.014
04:18:05 | INFO: Primitives created: 1
04:18:05 | INFO: Extracting primitive: neon-dome-shell.014
04:18:05 | INFO: Primitives created: 1
04:18:05 | INFO: Extracting primitive: neon-dome-wick.014
04:18:05 | INFO: Primitives created: 1
04:18:05 | INFO: Extracting primitive: crystal-view-platform.015
04:18:05 | INFO: Primitives created: 3
04:18:05 | INFO: Extracting primitive: n507.001
04:18:05 | INFO: Primitives created: 6
04:18:05 | INFO: Extracting primitive: n509.001
04:18:05 | INFO: Primitives created: 6
04:18:05 | INFO: Extracting primitive: n511.001
04:18:05 | INFO: Primitives created: 6
04:18:05 | INFO: Extracting primitive: n513.001
04:18:05 | INFO: Primitives created: 6
04:18:05 | INFO: Extracting primitive: n515.001
04:18:05 | INFO: Primitives created: 6
04:18:05 | INFO: Extracting primitive: n517.001
04:18:05 | INFO: Primitives created: 6
04:18:05 | INFO: Extracting primitive: n519.001
04:18:05 | INFO: Primitives created: 6
04:18:05 | INFO: Extracting primitive: n521.001
04:18:05 | INFO: Primitives created: 6
04:18:05 | INFO: Extracting primitive: n523.001
04:18:05 | INFO: Primitives created: 6
04:18:05 | INFO: Extracting primitive: n525.001
04:18:05 | INFO: Primitives created: 6
04:18:05 | INFO: Extracting primitive: neon-dome-core.015
04:18:05 | INFO: Primitives created: 1
04:18:05 | INFO: Extracting primitive: neon-dome-shell.015
04:18:05 | INFO: Primitives created: 1
04:18:05 | INFO: Extracting primitive: neon-dome-wick.015
04:18:05 | INFO: Primitives created: 1
04:18:05 | INFO: Extracting primitive: n412.001
04:18:05 | INFO: Primitives created: 3
04:18:05 | INFO: Extracting primitive: n414.001
04:18:05 | INFO: Primitives created: 6
04:18:05 | INFO: Extracting primitive: n416.001
04:18:05 | INFO: Primitives created: 6
04:18:05 | INFO: Extracting primitive: n418.001
04:18:05 | INFO: Primitives created: 6
04:18:05 | INFO: Extracting primitive: n420.001
04:18:05 | INFO: Primitives created: 3
04:18:05 | INFO: Extracting primitive: n422.001
04:18:05 | INFO: Primitives created: 6
04:18:05 | INFO: Extracting primitive: n424.001
04:18:05 | INFO: Primitives created: 6
04:18:05 | INFO: Extracting primitive: n426.001
04:18:05 | INFO: Primitives created: 6
04:18:05 | INFO: Extracting primitive: n428.001
04:18:05 | INFO: Primitives created: 3
04:18:05 | INFO: Extracting primitive: n430.001
04:18:05 | INFO: Primitives created: 2
04:18:05 | INFO: Extracting primitive: n527.001
04:18:05 | INFO: Primitives created: 3
04:18:05 | INFO: Extracting primitive: n529.001
04:18:05 | INFO: Primitives created: 3
04:18:05 | INFO: Extracting primitive: n531.001
04:18:05 | INFO: Primitives created: 3
04:18:05 | INFO: Extracting primitive: n533.001
04:18:05 | INFO: Primitives created: 2
04:18:05 | INFO: Extracting primitive: n535.001
04:18:05 | INFO: Primitives created: 3
04:18:05 | INFO: Extracting primitive: n537.001
04:18:05 | INFO: Primitives created: 3
04:18:05 | INFO: Extracting primitive: n539.001
04:18:05 | INFO: Primitives created: 3
04:18:05 | INFO: Extracting primitive: n541.001
04:18:05 | INFO: Primitives created: 2
04:18:05 | INFO: Extracting primitive: n543.001
04:18:05 | INFO: Primitives created: 3
04:18:05 | INFO: Extracting primitive: n545.001
04:18:05 | INFO: Primitives created: 3
04:18:05 | INFO: Extracting primitive: n547.001
04:18:05 | INFO: Primitives created: 3
04:18:05 | INFO: Extracting primitive: n549.001
04:18:05 | INFO: Primitives created: 2
04:18:05 | INFO: Extracting primitive: crystal-view-platform.011
04:18:05 | INFO: Primitives created: 3
04:18:05 | INFO: Extracting primitive: n257.001
04:18:05 | INFO: Primitives created: 6
04:18:05 | INFO: Extracting primitive: n259.001
04:18:05 | INFO: Primitives created: 6
04:18:05 | INFO: Extracting primitive: n261.001
04:18:05 | INFO: Primitives created: 6
04:18:05 | INFO: Extracting primitive: n263.001
04:18:05 | INFO: Primitives created: 6
04:18:05 | INFO: Extracting primitive: n265.001
04:18:05 | INFO: Primitives created: 6
04:18:05 | INFO: Extracting primitive: n267.001
04:18:05 | INFO: Primitives created: 6
04:18:05 | INFO: Extracting primitive: n269.001
04:18:05 | INFO: Primitives created: 6
04:18:05 | INFO: Extracting primitive: n271.001
04:18:05 | INFO: Primitives created: 6
04:18:05 | INFO: Extracting primitive: n273.001
04:18:05 | INFO: Primitives created: 6
04:18:05 | INFO: Extracting primitive: n275.001
04:18:05 | INFO: Primitives created: 6
04:18:05 | INFO: Extracting primitive: n277.001
04:18:05 | INFO: Primitives created: 3
04:18:05 | INFO: Extracting primitive: n279.001
04:18:05 | INFO: Primitives created: 3
04:18:05 | INFO: Extracting primitive: n281.001
04:18:05 | INFO: Primitives created: 6
04:18:05 | INFO: Extracting primitive: n283.001
04:18:05 | INFO: Primitives created: 6
04:18:05 | INFO: Extracting primitive: n286.001
04:18:05 | INFO: Primitives created: 3
04:18:05 | INFO: Extracting primitive: n288.001
04:18:05 | INFO: Primitives created: 1
04:18:05 | INFO: Extracting primitive: n290.001
04:18:05 | INFO: Primitives created: 3
04:18:05 | INFO: Extracting primitive: n292.001
04:18:05 | INFO: Primitives created: 3
04:18:05 | INFO: Extracting primitive: n294.001
04:18:05 | INFO: Primitives created: 3
04:18:05 | INFO: Extracting primitive: n296.001
04:18:05 | INFO: Primitives created: 3
04:18:05 | INFO: Extracting primitive: n298.001
04:18:05 | INFO: Primitives created: 3
04:18:05 | INFO: Extracting primitive: n300.001
04:18:05 | INFO: Primitives created: 3
04:18:05 | INFO: Extracting primitive: n302.001
04:18:05 | INFO: Primitives created: 3
04:18:05 | INFO: Extracting primitive: n304.001
04:18:05 | INFO: Primitives created: 6
04:18:05 | INFO: Extracting primitive: n306.001
04:18:05 | INFO: Primitives created: 6
04:18:05 | INFO: Extracting primitive: n309.001
04:18:05 | INFO: Primitives created: 3
04:18:05 | INFO: Extracting primitive: n311.001
04:18:05 | INFO: Primitives created: 1
04:18:05 | INFO: Extracting primitive: n313.001
04:18:05 | INFO: Primitives created: 3
04:18:05 | INFO: Extracting primitive: n315.001
04:18:05 | INFO: Primitives created: 3
04:18:05 | INFO: Extracting primitive: n317.001
04:18:05 | INFO: Primitives created: 3
04:18:05 | INFO: Extracting primitive: n319.001
04:18:05 | INFO: Primitives created: 3
04:18:05 | INFO: Extracting primitive: n321.001
04:18:05 | INFO: Primitives created: 3
04:18:05 | INFO: Extracting primitive: neon-dome-core.011
04:18:05 | INFO: Primitives created: 1
04:18:05 | INFO: Extracting primitive: neon-dome-shell.011
04:18:05 | INFO: Primitives created: 1
04:18:05 | INFO: Extracting primitive: neon-dome-wick.011
04:18:05 | INFO: Primitives created: 1
04:18:05 | INFO: Extracting primitive: crystal-view-platform.012
04:18:05 | INFO: Primitives created: 3
04:18:05 | INFO: Extracting primitive: n335.001
04:18:05 | INFO: Primitives created: 6
04:18:05 | INFO: Extracting primitive: n337.001
04:18:05 | INFO: Primitives created: 6
04:18:05 | INFO: Extracting primitive: n339.001
04:18:05 | INFO: Primitives created: 6
04:18:05 | INFO: Extracting primitive: n341.001
04:18:05 | INFO: Primitives created: 6
04:18:05 | INFO: Extracting primitive: n343.001
04:18:05 | INFO: Primitives created: 6
04:18:05 | INFO: Extracting primitive: n345.001
04:18:05 | INFO: Primitives created: 6
04:18:05 | INFO: Extracting primitive: n347.001
04:18:05 | INFO: Primitives created: 6
04:18:05 | INFO: Extracting primitive: n349.001
04:18:05 | INFO: Primitives created: 6
04:18:05 | INFO: Extracting primitive: n351.001
04:18:05 | INFO: Primitives created: 6
04:18:05 | INFO: Extracting primitive: n353.001
04:18:05 | INFO: Primitives created: 6
04:18:05 | INFO: Extracting primitive: neon-dome-core.012
04:18:05 | INFO: Primitives created: 1
04:18:05 | INFO: Extracting primitive: neon-dome-shell.012
04:18:05 | INFO: Primitives created: 1
04:18:05 | INFO: Extracting primitive: neon-dome-wick.012
04:18:05 | INFO: Primitives created: 1
04:18:05 | INFO: Extracting primitive: crystal-view-platform.013
04:18:05 | INFO: Primitives created: 3
04:18:05 | INFO: Extracting primitive: n367.001
04:18:05 | INFO: Primitives created: 6
04:18:05 | INFO: Extracting primitive: n369.001
04:18:05 | INFO: Primitives created: 6
04:18:05 | INFO: Extracting primitive: n371.001
04:18:05 | INFO: Primitives created: 6
04:18:05 | INFO: Extracting primitive: n373.001
04:18:05 | INFO: Primitives created: 6
04:18:05 | INFO: Extracting primitive: n375.001
04:18:05 | INFO: Primitives created: 6
04:18:05 | INFO: Extracting primitive: n377.001
04:18:05 | INFO: Primitives created: 6
04:18:05 | INFO: Extracting primitive: n379.001
04:18:05 | INFO: Primitives created: 6
04:18:05 | INFO: Extracting primitive: n381.001
04:18:05 | INFO: Primitives created: 6
04:18:05 | INFO: Extracting primitive: n383.001
04:18:05 | INFO: Primitives created: 6
04:18:05 | INFO: Extracting primitive: n385.001
04:18:05 | INFO: Primitives created: 6
04:18:05 | INFO: Extracting primitive: neon-dome-core.013
04:18:05 | INFO: Primitives created: 1
04:18:05 | INFO: Extracting primitive: neon-dome-shell.013
04:18:05 | INFO: Primitives created: 1
04:18:05 | INFO: Extracting primitive: neon-dome-wick.013
04:18:05 | INFO: Primitives created: 1
04:18:05 | INFO: Extracting primitive: n217.001
04:18:05 | INFO: Primitives created: 3
04:18:05 | INFO: Extracting primitive: n219.001
04:18:05 | INFO: Primitives created: 6
04:18:05 | INFO: Extracting primitive: n221.001
04:18:05 | INFO: Primitives created: 6
04:18:05 | INFO: Extracting primitive: n223.001
04:18:05 | INFO: Primitives created: 6
04:18:05 | INFO: Extracting primitive: n225.001
04:18:05 | INFO: Primitives created: 3
04:18:05 | INFO: Extracting primitive: n227.001
04:18:05 | INFO: Primitives created: 6
04:18:05 | INFO: Extracting primitive: n229.001
04:18:05 | INFO: Primitives created: 6
04:18:05 | INFO: Extracting primitive: n231.001
04:18:05 | INFO: Primitives created: 6
04:18:05 | INFO: Extracting primitive: n233.001
04:18:05 | INFO: Primitives created: 3
04:18:05 | INFO: Extracting primitive: n235.001
04:18:05 | INFO: Primitives created: 6
04:18:05 | INFO: Extracting primitive: n237.001
04:18:05 | INFO: Primitives created: 6
04:18:05 | INFO: Extracting primitive: n239.001
04:18:05 | INFO: Primitives created: 6
04:18:05 | INFO: Extracting primitive: n241.001
04:18:05 | INFO: Primitives created: 3
04:18:05 | INFO: Extracting primitive: n243.001
04:18:05 | INFO: Primitives created: 2
04:18:05 | INFO: Extracting primitive: n387.001
04:18:05 | INFO: Primitives created: 3
04:18:05 | INFO: Extracting primitive: n389.001
04:18:05 | INFO: Primitives created: 3
04:18:05 | INFO: Extracting primitive: n391.001
04:18:05 | INFO: Primitives created: 3
04:18:05 | INFO: Extracting primitive: n393.001
04:18:05 | INFO: Primitives created: 2
04:18:05 | INFO: Extracting primitive: n395.001
04:18:05 | INFO: Primitives created: 3
04:18:05 | INFO: Extracting primitive: n397.001
04:18:05 | INFO: Primitives created: 3
04:18:05 | INFO: Extracting primitive: n399.001
04:18:05 | INFO: Primitives created: 3
04:18:05 | INFO: Extracting primitive: n401.001
04:18:05 | INFO: Primitives created: 2
04:18:05 | INFO: Extracting primitive: n403.001
04:18:05 | INFO: Primitives created: 3
04:18:05 | INFO: Extracting primitive: n405.001
04:18:05 | INFO: Primitives created: 3
04:18:05 | INFO: Extracting primitive: n407.001
04:18:05 | INFO: Primitives created: 3
04:18:05 | INFO: Extracting primitive: n409.001
04:18:05 | INFO: Primitives created: 2
04:18:05 | INFO: Extracting primitive: n551.001
04:18:05 | INFO: Primitives created: 1
04:18:05 | INFO: Extracting primitive: n551.002
04:18:05 | INFO: Primitives created: 1
04:18:05 | INFO: Extracting primitive: n551.113
04:18:05 | INFO: Primitives created: 1
04:18:05 | INFO: Extracting primitive: n551.224
04:18:05 | INFO: Primitives created: 1
04:18:05 | INFO: Extracting primitive: n551.335
04:18:05 | INFO: Primitives created: 1
04:18:05 | INFO: Extracting primitive: n551.366
04:18:05 | INFO: Primitives created: 1
04:18:05 | INFO: Extracting primitive: n551.377
04:18:05 | INFO: Primitives created: 1
04:18:05 | INFO: Extracting primitive: n551.388
04:18:05 | INFO: Primitives created: 1
04:18:05 | INFO: Extracting primitive: n551.399
04:18:05 | INFO: Primitives created: 1
04:18:05 | INFO: Extracting primitive: n551.410
04:18:05 | INFO: Primitives created: 1
04:18:05 | INFO: Extracting primitive: n551.003
04:18:05 | INFO: Primitives created: 1
04:18:05 | INFO: Extracting primitive: n551.014
04:18:05 | INFO: Primitives created: 1
04:18:05 | INFO: Extracting primitive: n551.025
04:18:05 | INFO: Primitives created: 1
04:18:05 | INFO: Extracting primitive: n551.036
04:18:05 | INFO: Primitives created: 1
04:18:05 | INFO: Extracting primitive: n551.047
04:18:05 | INFO: Primitives created: 1
04:18:05 | INFO: Extracting primitive: n551.058
04:18:05 | INFO: Primitives created: 1
04:18:05 | INFO: Extracting primitive: n551.069
04:18:05 | INFO: Primitives created: 1
04:18:05 | INFO: Extracting primitive: n551.080
04:18:05 | INFO: Primitives created: 1
04:18:05 | INFO: Extracting primitive: n551.091
04:18:05 | INFO: Primitives created: 1
04:18:05 | INFO: Extracting primitive: n551.102
04:18:05 | INFO: Primitives created: 1
04:18:05 | INFO: Extracting primitive: n551.114
04:18:05 | INFO: Primitives created: 1
04:18:05 | INFO: Extracting primitive: n551.125
04:18:05 | INFO: Primitives created: 1
04:18:05 | INFO: Extracting primitive: n551.136
04:18:05 | INFO: Primitives created: 1
04:18:05 | INFO: Extracting primitive: n551.147
04:18:05 | INFO: Primitives created: 1
04:18:05 | INFO: Extracting primitive: n551.158
04:18:05 | INFO: Primitives created: 1
04:18:05 | INFO: Extracting primitive: n551.169
04:18:05 | INFO: Primitives created: 1
04:18:05 | INFO: Extracting primitive: n551.180
04:18:05 | INFO: Primitives created: 1
04:18:05 | INFO: Extracting primitive: n551.191
04:18:05 | INFO: Primitives created: 1
04:18:05 | INFO: Extracting primitive: n551.202
04:18:05 | INFO: Primitives created: 1
04:18:05 | INFO: Extracting primitive: n551.213
04:18:05 | INFO: Primitives created: 1
04:18:05 | INFO: Extracting primitive: n551.225
04:18:05 | INFO: Primitives created: 1
04:18:05 | INFO: Extracting primitive: n551.236
04:18:05 | INFO: Primitives created: 1
04:18:05 | INFO: Extracting primitive: n551.247
04:18:05 | INFO: Primitives created: 1
04:18:05 | INFO: Extracting primitive: n551.258
04:18:05 | INFO: Primitives created: 1
04:18:05 | INFO: Extracting primitive: n551.269
04:18:05 | INFO: Primitives created: 1
04:18:05 | INFO: Extracting primitive: n551.280
04:18:05 | INFO: Primitives created: 1
04:18:05 | INFO: Extracting primitive: n551.291
04:18:05 | INFO: Primitives created: 1
04:18:05 | INFO: Extracting primitive: n551.302
04:18:05 | INFO: Primitives created: 1
04:18:05 | INFO: Extracting primitive: n551.313
04:18:05 | INFO: Primitives created: 1
04:18:05 | INFO: Extracting primitive: n551.324
04:18:05 | INFO: Primitives created: 1
04:18:05 | INFO: Extracting primitive: n551.336
04:18:05 | INFO: Primitives created: 1
04:18:05 | INFO: Extracting primitive: n551.347
04:18:05 | INFO: Primitives created: 1
04:18:05 | INFO: Extracting primitive: n551.358
04:18:05 | INFO: Primitives created: 1
04:18:05 | INFO: Extracting primitive: n551.359
04:18:05 | INFO: Primitives created: 1
04:18:05 | INFO: Extracting primitive: n551.360
04:18:05 | INFO: Primitives created: 1
04:18:05 | INFO: Extracting primitive: n551.361
04:18:05 | INFO: Primitives created: 1
04:18:05 | INFO: Extracting primitive: n551.362
04:18:05 | INFO: Primitives created: 1
04:18:05 | INFO: Extracting primitive: n551.363
04:18:05 | INFO: Primitives created: 1
04:18:05 | INFO: Extracting primitive: n551.364
04:18:05 | INFO: Primitives created: 1
04:18:05 | INFO: Extracting primitive: n551.365
04:18:05 | INFO: Primitives created: 1
04:18:05 | INFO: Extracting primitive: n551.367
04:18:05 | INFO: Primitives created: 1
04:18:05 | INFO: Extracting primitive: n551.368
04:18:05 | INFO: Primitives created: 1
04:18:05 | INFO: Extracting primitive: n551.369
04:18:05 | INFO: Primitives created: 1
04:18:05 | INFO: Extracting primitive: n551.370
04:18:05 | INFO: Primitives created: 1
04:18:05 | INFO: Extracting primitive: n551.371
04:18:05 | INFO: Primitives created: 1
04:18:05 | INFO: Extracting primitive: n551.372
04:18:05 | INFO: Primitives created: 1
04:18:05 | INFO: Extracting primitive: n551.373
04:18:05 | INFO: Primitives created: 1
04:18:05 | INFO: Extracting primitive: n551.374
04:18:05 | INFO: Primitives created: 1
04:18:05 | INFO: Extracting primitive: n551.375
04:18:05 | INFO: Primitives created: 1
04:18:05 | INFO: Extracting primitive: n551.376
04:18:05 | INFO: Primitives created: 1
04:18:05 | INFO: Extracting primitive: n551.378
04:18:05 | INFO: Primitives created: 1
04:18:05 | INFO: Extracting primitive: n551.379
04:18:05 | INFO: Primitives created: 1
04:18:05 | INFO: Extracting primitive: n551.380
04:18:05 | INFO: Primitives created: 1
04:18:05 | INFO: Extracting primitive: n551.381
04:18:05 | INFO: Primitives created: 1
04:18:05 | INFO: Extracting primitive: n551.382
04:18:05 | INFO: Primitives created: 1
04:18:05 | INFO: Extracting primitive: n551.383
04:18:05 | INFO: Primitives created: 1
04:18:05 | INFO: Extracting primitive: n551.384
04:18:05 | INFO: Primitives created: 1
04:18:05 | INFO: Extracting primitive: n551.385
04:18:05 | INFO: Primitives created: 1
04:18:05 | INFO: Extracting primitive: n551.386
04:18:05 | INFO: Primitives created: 1
04:18:05 | INFO: Extracting primitive: n551.387
04:18:05 | INFO: Primitives created: 1
04:18:05 | INFO: Extracting primitive: n551.389
04:18:05 | INFO: Primitives created: 1
04:18:05 | INFO: Extracting primitive: n551.390
04:18:05 | INFO: Primitives created: 1
04:18:05 | INFO: Extracting primitive: n551.391
04:18:05 | INFO: Primitives created: 1
04:18:05 | INFO: Extracting primitive: n551.392
04:18:05 | INFO: Primitives created: 1
04:18:05 | INFO: Extracting primitive: n551.393
04:18:05 | INFO: Primitives created: 1
04:18:05 | INFO: Extracting primitive: n551.394
04:18:05 | INFO: Primitives created: 1
04:18:05 | INFO: Extracting primitive: n551.395
04:18:05 | INFO: Primitives created: 1
04:18:05 | INFO: Extracting primitive: n551.396
04:18:05 | INFO: Primitives created: 1
04:18:05 | INFO: Extracting primitive: n551.397
04:18:05 | INFO: Primitives created: 1
04:18:05 | INFO: Extracting primitive: n551.398
04:18:05 | INFO: Primitives created: 1
04:18:05 | INFO: Extracting primitive: n551.400
04:18:05 | INFO: Primitives created: 1
04:18:05 | INFO: Extracting primitive: n551.401
04:18:05 | INFO: Primitives created: 1
04:18:05 | INFO: Extracting primitive: n551.402
04:18:05 | INFO: Primitives created: 1
04:18:05 | INFO: Extracting primitive: n551.403
04:18:05 | INFO: Primitives created: 1
04:18:05 | INFO: Extracting primitive: n551.404
04:18:05 | INFO: Primitives created: 1
04:18:05 | INFO: Extracting primitive: n551.405
04:18:05 | INFO: Primitives created: 1
04:18:05 | INFO: Extracting primitive: n551.406
04:18:05 | INFO: Primitives created: 1
04:18:05 | INFO: Extracting primitive: n551.407
04:18:05 | INFO: Primitives created: 1
04:18:05 | INFO: Extracting primitive: n551.408
04:18:05 | INFO: Primitives created: 1
04:18:05 | INFO: Extracting primitive: n551.409
04:18:05 | INFO: Primitives created: 1
04:18:05 | INFO: Extracting primitive: n551.411
04:18:05 | INFO: Primitives created: 1
04:18:05 | INFO: Extracting primitive: n551.412
04:18:05 | INFO: Primitives created: 1
04:18:05 | INFO: Extracting primitive: n551.413
04:18:05 | INFO: Primitives created: 1
04:18:05 | INFO: Extracting primitive: n551.414
04:18:05 | INFO: Primitives created: 1
04:18:05 | INFO: Extracting primitive: n551.415
04:18:05 | INFO: Primitives created: 1
04:18:05 | INFO: Extracting primitive: n551.416
04:18:05 | INFO: Primitives created: 1
04:18:05 | INFO: Extracting primitive: n551.417
04:18:05 | INFO: Primitives created: 1
04:18:05 | INFO: Extracting primitive: n551.418
04:18:05 | INFO: Primitives created: 1
04:18:05 | INFO: Extracting primitive: n551.419
04:18:05 | INFO: Primitives created: 1
04:18:05 | INFO: Extracting primitive: n551.420
04:18:05 | INFO: Primitives created: 1
04:18:05 | INFO: Extracting primitive: n551.004
04:18:05 | INFO: Primitives created: 1
04:18:05 | INFO: Extracting primitive: n551.005
04:18:05 | INFO: Primitives created: 1
04:18:05 | INFO: Extracting primitive: n551.006
04:18:05 | INFO: Primitives created: 1
04:18:05 | INFO: Extracting primitive: n551.007
04:18:05 | INFO: Primitives created: 1
04:18:05 | INFO: Extracting primitive: n551.008
04:18:05 | INFO: Primitives created: 1
04:18:05 | INFO: Extracting primitive: n551.009
04:18:05 | INFO: Primitives created: 1
04:18:05 | INFO: Extracting primitive: n551.010
04:18:05 | INFO: Primitives created: 1
04:18:05 | INFO: Extracting primitive: n551.011
04:18:05 | INFO: Primitives created: 1
04:18:05 | INFO: Extracting primitive: n551.012
04:18:05 | INFO: Primitives created: 1
04:18:05 | INFO: Extracting primitive: n551.013
04:18:05 | INFO: Primitives created: 1
04:18:05 | INFO: Extracting primitive: n551.015
04:18:05 | INFO: Primitives created: 1
04:18:05 | INFO: Extracting primitive: n551.016
04:18:05 | INFO: Primitives created: 1
04:18:05 | INFO: Extracting primitive: n551.017
04:18:05 | INFO: Primitives created: 1
04:18:05 | INFO: Extracting primitive: n551.018
04:18:05 | INFO: Primitives created: 1
04:18:05 | INFO: Extracting primitive: n551.019
04:18:05 | INFO: Primitives created: 1
04:18:05 | INFO: Extracting primitive: n551.020
04:18:05 | INFO: Primitives created: 1
04:18:05 | INFO: Extracting primitive: n551.021
04:18:05 | INFO: Primitives created: 1
04:18:05 | INFO: Extracting primitive: n551.022
04:18:05 | INFO: Primitives created: 1
04:18:05 | INFO: Extracting primitive: n551.023
04:18:05 | INFO: Primitives created: 1
04:18:05 | INFO: Extracting primitive: n551.024
04:18:05 | INFO: Primitives created: 1
04:18:05 | INFO: Extracting primitive: n551.026
04:18:05 | INFO: Primitives created: 1
04:18:05 | INFO: Extracting primitive: n551.027
04:18:05 | INFO: Primitives created: 1
04:18:05 | INFO: Extracting primitive: n551.028
04:18:05 | INFO: Primitives created: 1
04:18:05 | INFO: Extracting primitive: n551.029
04:18:05 | INFO: Primitives created: 1
04:18:05 | INFO: Extracting primitive: n551.030
04:18:05 | INFO: Primitives created: 1
04:18:05 | INFO: Extracting primitive: n551.031
04:18:05 | INFO: Primitives created: 1
04:18:05 | INFO: Extracting primitive: n551.032
04:18:05 | INFO: Primitives created: 1
04:18:05 | INFO: Extracting primitive: n551.033
04:18:05 | INFO: Primitives created: 1
04:18:05 | INFO: Extracting primitive: n551.034
04:18:05 | INFO: Primitives created: 1
04:18:05 | INFO: Extracting primitive: n551.035
04:18:05 | INFO: Primitives created: 1
04:18:05 | INFO: Extracting primitive: n551.037
04:18:05 | INFO: Primitives created: 1
04:18:05 | INFO: Extracting primitive: n551.038
04:18:05 | INFO: Primitives created: 1
04:18:05 | INFO: Extracting primitive: n551.039
04:18:05 | INFO: Primitives created: 1
04:18:05 | INFO: Extracting primitive: n551.040
04:18:05 | INFO: Primitives created: 1
04:18:05 | INFO: Extracting primitive: n551.041
04:18:05 | INFO: Primitives created: 1
04:18:05 | INFO: Extracting primitive: n551.042
04:18:05 | INFO: Primitives created: 1
04:18:05 | INFO: Extracting primitive: n551.043
04:18:05 | INFO: Primitives created: 1
04:18:05 | INFO: Extracting primitive: n551.044
04:18:05 | INFO: Primitives created: 1
04:18:05 | INFO: Extracting primitive: n551.045
04:18:05 | INFO: Primitives created: 1
04:18:05 | INFO: Extracting primitive: n551.046
04:18:05 | INFO: Primitives created: 1
04:18:05 | INFO: Extracting primitive: n551.048
04:18:05 | INFO: Primitives created: 1
04:18:05 | INFO: Extracting primitive: n551.049
04:18:05 | INFO: Primitives created: 1
04:18:05 | INFO: Extracting primitive: n551.050
04:18:05 | INFO: Primitives created: 1
04:18:05 | INFO: Extracting primitive: n551.051
04:18:05 | INFO: Primitives created: 1
04:18:05 | INFO: Extracting primitive: n551.052
04:18:05 | INFO: Primitives created: 1
04:18:05 | INFO: Extracting primitive: n551.053
04:18:05 | INFO: Primitives created: 1
04:18:05 | INFO: Extracting primitive: n551.054
04:18:05 | INFO: Primitives created: 1
04:18:05 | INFO: Extracting primitive: n551.055
04:18:05 | INFO: Primitives created: 1
04:18:05 | INFO: Extracting primitive: n551.056
04:18:05 | INFO: Primitives created: 1
04:18:05 | INFO: Extracting primitive: n551.057
04:18:05 | INFO: Primitives created: 1
04:18:05 | INFO: Extracting primitive: n551.059
04:18:05 | INFO: Primitives created: 1
04:18:05 | INFO: Extracting primitive: n551.060
04:18:05 | INFO: Primitives created: 1
04:18:05 | INFO: Extracting primitive: n551.061
04:18:05 | INFO: Primitives created: 1
04:18:05 | INFO: Extracting primitive: n551.062
04:18:05 | INFO: Primitives created: 1
04:18:05 | INFO: Extracting primitive: n551.063
04:18:05 | INFO: Primitives created: 1
04:18:05 | INFO: Extracting primitive: n551.064
04:18:05 | INFO: Primitives created: 1
04:18:05 | INFO: Extracting primitive: n551.065
04:18:05 | INFO: Primitives created: 1
04:18:05 | INFO: Extracting primitive: n551.066
04:18:05 | INFO: Primitives created: 1
04:18:05 | INFO: Extracting primitive: n551.067
04:18:05 | INFO: Primitives created: 1
04:18:05 | INFO: Extracting primitive: n551.068
04:18:05 | INFO: Primitives created: 1
04:18:05 | INFO: Extracting primitive: n551.070
04:18:05 | INFO: Primitives created: 1
04:18:05 | INFO: Extracting primitive: n551.071
04:18:05 | INFO: Primitives created: 1
04:18:05 | INFO: Extracting primitive: n551.072
04:18:05 | INFO: Primitives created: 1
04:18:05 | INFO: Extracting primitive: n551.073
04:18:05 | INFO: Primitives created: 1
04:18:05 | INFO: Extracting primitive: n551.074
04:18:05 | INFO: Primitives created: 1
04:18:05 | INFO: Extracting primitive: n551.075
04:18:05 | INFO: Primitives created: 1
04:18:05 | INFO: Extracting primitive: n551.076
04:18:05 | INFO: Primitives created: 1
04:18:05 | INFO: Extracting primitive: n551.077
04:18:05 | INFO: Primitives created: 1
04:18:05 | INFO: Extracting primitive: n551.078
04:18:05 | INFO: Primitives created: 1
04:18:05 | INFO: Extracting primitive: n551.079
04:18:05 | INFO: Primitives created: 1
04:18:05 | INFO: Extracting primitive: n551.081
04:18:05 | INFO: Primitives created: 1
04:18:05 | INFO: Extracting primitive: n551.082
04:18:05 | INFO: Primitives created: 1
04:18:05 | INFO: Extracting primitive: n551.083
04:18:05 | INFO: Primitives created: 1
04:18:05 | INFO: Extracting primitive: n551.084
04:18:05 | INFO: Primitives created: 1
04:18:05 | INFO: Extracting primitive: n551.085
04:18:05 | INFO: Primitives created: 1
04:18:05 | INFO: Extracting primitive: n551.086
04:18:05 | INFO: Primitives created: 1
04:18:05 | INFO: Extracting primitive: n551.087
04:18:05 | INFO: Primitives created: 1
04:18:05 | INFO: Extracting primitive: n551.088
04:18:05 | INFO: Primitives created: 1
04:18:05 | INFO: Extracting primitive: n551.089
04:18:05 | INFO: Primitives created: 1
04:18:05 | INFO: Extracting primitive: n551.090
04:18:05 | INFO: Primitives created: 1
04:18:05 | INFO: Extracting primitive: n551.092
04:18:05 | INFO: Primitives created: 1
04:18:05 | INFO: Extracting primitive: n551.093
04:18:05 | INFO: Primitives created: 1
04:18:05 | INFO: Extracting primitive: n551.094
04:18:05 | INFO: Primitives created: 1
04:18:05 | INFO: Extracting primitive: n551.095
04:18:05 | INFO: Primitives created: 1
04:18:05 | INFO: Extracting primitive: n551.096
04:18:05 | INFO: Primitives created: 1
04:18:05 | INFO: Extracting primitive: n551.097
04:18:05 | INFO: Primitives created: 1
04:18:05 | INFO: Extracting primitive: n551.098
04:18:05 | INFO: Primitives created: 1
04:18:05 | INFO: Extracting primitive: n551.099
04:18:05 | INFO: Primitives created: 1
04:18:05 | INFO: Extracting primitive: n551.100
04:18:05 | INFO: Primitives created: 1
04:18:05 | INFO: Extracting primitive: n551.101
04:18:05 | INFO: Primitives created: 1
04:18:05 | INFO: Extracting primitive: n551.103
04:18:05 | INFO: Primitives created: 1
04:18:05 | INFO: Extracting primitive: n551.104
04:18:05 | INFO: Primitives created: 1
04:18:05 | INFO: Extracting primitive: n551.105
04:18:05 | INFO: Primitives created: 1
04:18:05 | INFO: Extracting primitive: n551.106
04:18:05 | INFO: Primitives created: 1
04:18:05 | INFO: Extracting primitive: n551.107
04:18:05 | INFO: Primitives created: 1
04:18:05 | INFO: Extracting primitive: n551.108
04:18:05 | INFO: Primitives created: 1
04:18:05 | INFO: Extracting primitive: n551.109
04:18:05 | INFO: Primitives created: 1
04:18:05 | INFO: Extracting primitive: n551.110
04:18:05 | INFO: Primitives created: 1
04:18:05 | INFO: Extracting primitive: n551.111
04:18:05 | INFO: Primitives created: 1
04:18:05 | INFO: Extracting primitive: n551.112
04:18:05 | INFO: Primitives created: 1
04:18:05 | INFO: Extracting primitive: n551.115
04:18:05 | INFO: Primitives created: 1
04:18:05 | INFO: Extracting primitive: n551.116
04:18:05 | INFO: Primitives created: 1
04:18:05 | INFO: Extracting primitive: n551.117
04:18:05 | INFO: Primitives created: 1
04:18:05 | INFO: Extracting primitive: n551.118
04:18:05 | INFO: Primitives created: 1
04:18:05 | INFO: Extracting primitive: n551.119
04:18:05 | INFO: Primitives created: 1
04:18:05 | INFO: Extracting primitive: n551.120
04:18:05 | INFO: Primitives created: 1
04:18:05 | INFO: Extracting primitive: n551.121
04:18:05 | INFO: Primitives created: 1
04:18:05 | INFO: Extracting primitive: n551.122
04:18:05 | INFO: Primitives created: 1
04:18:05 | INFO: Extracting primitive: n551.123
04:18:05 | INFO: Primitives created: 1
04:18:05 | INFO: Extracting primitive: n551.124
04:18:05 | INFO: Primitives created: 1
04:18:05 | INFO: Extracting primitive: n551.126
04:18:05 | INFO: Primitives created: 1
04:18:05 | INFO: Extracting primitive: n551.127
04:18:05 | INFO: Primitives created: 1
04:18:05 | INFO: Extracting primitive: n551.128
04:18:05 | INFO: Primitives created: 1
04:18:05 | INFO: Extracting primitive: n551.129
04:18:05 | INFO: Primitives created: 1
04:18:05 | INFO: Extracting primitive: n551.130
04:18:05 | INFO: Primitives created: 1
04:18:05 | INFO: Extracting primitive: n551.131
04:18:05 | INFO: Primitives created: 1
04:18:05 | INFO: Extracting primitive: n551.132
04:18:05 | INFO: Primitives created: 1
04:18:05 | INFO: Extracting primitive: n551.133
04:18:05 | INFO: Primitives created: 1
04:18:05 | INFO: Extracting primitive: n551.134
04:18:05 | INFO: Primitives created: 1
04:18:05 | INFO: Extracting primitive: n551.135
04:18:05 | INFO: Primitives created: 1
04:18:05 | INFO: Extracting primitive: n551.137
04:18:05 | INFO: Primitives created: 1
04:18:05 | INFO: Extracting primitive: n551.138
04:18:05 | INFO: Primitives created: 1
04:18:05 | INFO: Extracting primitive: n551.139
04:18:05 | INFO: Primitives created: 1
04:18:05 | INFO: Extracting primitive: n551.140
04:18:05 | INFO: Primitives created: 1
04:18:05 | INFO: Extracting primitive: n551.141
04:18:05 | INFO: Primitives created: 1
04:18:05 | INFO: Extracting primitive: n551.142
04:18:05 | INFO: Primitives created: 1
04:18:05 | INFO: Extracting primitive: n551.143
04:18:05 | INFO: Primitives created: 1
04:18:05 | INFO: Extracting primitive: n551.144
04:18:05 | INFO: Primitives created: 1
04:18:05 | INFO: Extracting primitive: n551.145
04:18:05 | INFO: Primitives created: 1
04:18:05 | INFO: Extracting primitive: n551.146
04:18:05 | INFO: Primitives created: 1
04:18:05 | INFO: Extracting primitive: n551.148
04:18:05 | INFO: Primitives created: 1
04:18:05 | INFO: Extracting primitive: n551.149
04:18:05 | INFO: Primitives created: 1
04:18:05 | INFO: Extracting primitive: n551.150
04:18:05 | INFO: Primitives created: 1
04:18:05 | INFO: Extracting primitive: n551.151
04:18:05 | INFO: Primitives created: 1
04:18:05 | INFO: Extracting primitive: n551.152
04:18:05 | INFO: Primitives created: 1
04:18:05 | INFO: Extracting primitive: n551.153
04:18:05 | INFO: Primitives created: 1
04:18:05 | INFO: Extracting primitive: n551.154
04:18:05 | INFO: Primitives created: 1
04:18:05 | INFO: Extracting primitive: n551.155
04:18:05 | INFO: Primitives created: 1
04:18:05 | INFO: Extracting primitive: n551.156
04:18:05 | INFO: Primitives created: 1
04:18:05 | INFO: Extracting primitive: n551.157
04:18:05 | INFO: Primitives created: 1
04:18:05 | INFO: Extracting primitive: n551.159
04:18:05 | INFO: Primitives created: 1
04:18:05 | INFO: Extracting primitive: n551.160
04:18:05 | INFO: Primitives created: 1
04:18:05 | INFO: Extracting primitive: n551.161
04:18:05 | INFO: Primitives created: 1
04:18:05 | INFO: Extracting primitive: n551.162
04:18:05 | INFO: Primitives created: 1
04:18:05 | INFO: Extracting primitive: n551.163
04:18:05 | INFO: Primitives created: 1
04:18:05 | INFO: Extracting primitive: n551.164
04:18:05 | INFO: Primitives created: 1
04:18:05 | INFO: Extracting primitive: n551.165
04:18:05 | INFO: Primitives created: 1
04:18:05 | INFO: Extracting primitive: n551.166
04:18:05 | INFO: Primitives created: 1
04:18:05 | INFO: Extracting primitive: n551.167
04:18:05 | INFO: Primitives created: 1
04:18:05 | INFO: Extracting primitive: n551.168
04:18:05 | INFO: Primitives created: 1
04:18:05 | INFO: Extracting primitive: n551.170
04:18:05 | INFO: Primitives created: 1
04:18:05 | INFO: Extracting primitive: n551.171
04:18:05 | INFO: Primitives created: 1
04:18:05 | INFO: Extracting primitive: n551.172
04:18:05 | INFO: Primitives created: 1
04:18:05 | INFO: Extracting primitive: n551.173
04:18:05 | INFO: Primitives created: 1
04:18:05 | INFO: Extracting primitive: n551.174
04:18:05 | INFO: Primitives created: 1
04:18:05 | INFO: Extracting primitive: n551.175
04:18:05 | INFO: Primitives created: 1
04:18:05 | INFO: Extracting primitive: n551.176
04:18:05 | INFO: Primitives created: 1
04:18:05 | INFO: Extracting primitive: n551.177
04:18:05 | INFO: Primitives created: 1
04:18:05 | INFO: Extracting primitive: n551.178
04:18:05 | INFO: Primitives created: 1
04:18:05 | INFO: Extracting primitive: n551.179
04:18:05 | INFO: Primitives created: 1
04:18:05 | INFO: Extracting primitive: n551.181
04:18:05 | INFO: Primitives created: 1
04:18:05 | INFO: Extracting primitive: n551.182
04:18:05 | INFO: Primitives created: 1
04:18:05 | INFO: Extracting primitive: n551.183
04:18:05 | INFO: Primitives created: 1
04:18:05 | INFO: Extracting primitive: n551.184
04:18:05 | INFO: Primitives created: 1
04:18:05 | INFO: Extracting primitive: n551.185
04:18:05 | INFO: Primitives created: 1
04:18:05 | INFO: Extracting primitive: n551.186
04:18:05 | INFO: Primitives created: 1
04:18:05 | INFO: Extracting primitive: n551.187
04:18:05 | INFO: Primitives created: 1
04:18:05 | INFO: Extracting primitive: n551.188
04:18:05 | INFO: Primitives created: 1
04:18:05 | INFO: Extracting primitive: n551.189
04:18:05 | INFO: Primitives created: 1
04:18:05 | INFO: Extracting primitive: n551.190
04:18:05 | INFO: Primitives created: 1
04:18:05 | INFO: Extracting primitive: n551.192
04:18:05 | INFO: Primitives created: 1
04:18:05 | INFO: Extracting primitive: n551.193
04:18:05 | INFO: Primitives created: 1
04:18:05 | INFO: Extracting primitive: n551.194
04:18:05 | INFO: Primitives created: 1
04:18:05 | INFO: Extracting primitive: n551.195
04:18:05 | INFO: Primitives created: 1
04:18:05 | INFO: Extracting primitive: n551.196
04:18:05 | INFO: Primitives created: 1
04:18:05 | INFO: Extracting primitive: n551.197
04:18:05 | INFO: Primitives created: 1
04:18:05 | INFO: Extracting primitive: n551.198
04:18:05 | INFO: Primitives created: 1
04:18:05 | INFO: Extracting primitive: n551.199
04:18:05 | INFO: Primitives created: 1
04:18:05 | INFO: Extracting primitive: n551.200
04:18:05 | INFO: Primitives created: 1
04:18:05 | INFO: Extracting primitive: n551.201
04:18:05 | INFO: Primitives created: 1
04:18:05 | INFO: Extracting primitive: n551.203
04:18:05 | INFO: Primitives created: 1
04:18:05 | INFO: Extracting primitive: n551.204
04:18:05 | INFO: Primitives created: 1
04:18:05 | INFO: Extracting primitive: n551.205
04:18:05 | INFO: Primitives created: 1
04:18:05 | INFO: Extracting primitive: n551.206
04:18:05 | INFO: Primitives created: 1
04:18:05 | INFO: Extracting primitive: n551.207
04:18:05 | INFO: Primitives created: 1
04:18:05 | INFO: Extracting primitive: n551.208
04:18:05 | INFO: Primitives created: 1
04:18:05 | INFO: Extracting primitive: n551.209
04:18:05 | INFO: Primitives created: 1
04:18:05 | INFO: Extracting primitive: n551.210
04:18:05 | INFO: Primitives created: 1
04:18:05 | INFO: Extracting primitive: n551.211
04:18:05 | INFO: Primitives created: 1
04:18:05 | INFO: Extracting primitive: n551.212
04:18:05 | INFO: Primitives created: 1
04:18:05 | INFO: Extracting primitive: n551.214
04:18:05 | INFO: Primitives created: 1
04:18:05 | INFO: Extracting primitive: n551.215
04:18:05 | INFO: Primitives created: 1
04:18:05 | INFO: Extracting primitive: n551.216
04:18:05 | INFO: Primitives created: 1
04:18:05 | INFO: Extracting primitive: n551.217
04:18:05 | INFO: Primitives created: 1
04:18:05 | INFO: Extracting primitive: n551.218
04:18:05 | INFO: Primitives created: 1
04:18:05 | INFO: Extracting primitive: n551.219
04:18:05 | INFO: Primitives created: 1
04:18:05 | INFO: Extracting primitive: n551.220
04:18:05 | INFO: Primitives created: 1
04:18:05 | INFO: Extracting primitive: n551.221
04:18:05 | INFO: Primitives created: 1
04:18:05 | INFO: Extracting primitive: n551.222
04:18:05 | INFO: Primitives created: 1
04:18:05 | INFO: Extracting primitive: n551.223
04:18:05 | INFO: Primitives created: 1
04:18:05 | INFO: Extracting primitive: n551.226
04:18:05 | INFO: Primitives created: 1
04:18:05 | INFO: Extracting primitive: n551.227
04:18:05 | INFO: Primitives created: 1
04:18:05 | INFO: Extracting primitive: n551.228
04:18:05 | INFO: Primitives created: 1
04:18:05 | INFO: Extracting primitive: n551.229
04:18:05 | INFO: Primitives created: 1
04:18:05 | INFO: Extracting primitive: n551.230
04:18:05 | INFO: Primitives created: 1
04:18:05 | INFO: Extracting primitive: n551.231
04:18:05 | INFO: Primitives created: 1
04:18:05 | INFO: Extracting primitive: n551.232
04:18:05 | INFO: Primitives created: 1
04:18:05 | INFO: Extracting primitive: n551.233
04:18:05 | INFO: Primitives created: 1
04:18:05 | INFO: Extracting primitive: n551.234
04:18:05 | INFO: Primitives created: 1
04:18:05 | INFO: Extracting primitive: n551.235
04:18:05 | INFO: Primitives created: 1
04:18:05 | INFO: Extracting primitive: n551.237
04:18:05 | INFO: Primitives created: 1
04:18:05 | INFO: Extracting primitive: n551.238
04:18:05 | INFO: Primitives created: 1
04:18:05 | INFO: Extracting primitive: n551.239
04:18:05 | INFO: Primitives created: 1
04:18:05 | INFO: Extracting primitive: n551.240
04:18:05 | INFO: Primitives created: 1
04:18:05 | INFO: Extracting primitive: n551.241
04:18:05 | INFO: Primitives created: 1
04:18:05 | INFO: Extracting primitive: n551.242
04:18:05 | INFO: Primitives created: 1
04:18:05 | INFO: Extracting primitive: n551.243
04:18:05 | INFO: Primitives created: 1
04:18:05 | INFO: Extracting primitive: n551.244
04:18:05 | INFO: Primitives created: 1
04:18:05 | INFO: Extracting primitive: n551.245
04:18:05 | INFO: Primitives created: 1
04:18:05 | INFO: Extracting primitive: n551.246
04:18:05 | INFO: Primitives created: 1
04:18:05 | INFO: Extracting primitive: n551.248
04:18:05 | INFO: Primitives created: 1
04:18:05 | INFO: Extracting primitive: n551.249
04:18:05 | INFO: Primitives created: 1
04:18:05 | INFO: Extracting primitive: n551.250
04:18:05 | INFO: Primitives created: 1
04:18:05 | INFO: Extracting primitive: n551.251
04:18:05 | INFO: Primitives created: 1
04:18:05 | INFO: Extracting primitive: n551.252
04:18:05 | INFO: Primitives created: 1
04:18:05 | INFO: Extracting primitive: n551.253
04:18:05 | INFO: Primitives created: 1
04:18:05 | INFO: Extracting primitive: n551.254
04:18:05 | INFO: Primitives created: 1
04:18:05 | INFO: Extracting primitive: n551.255
04:18:05 | INFO: Primitives created: 1
04:18:05 | INFO: Extracting primitive: n551.256
04:18:05 | INFO: Primitives created: 1
04:18:05 | INFO: Extracting primitive: n551.257
04:18:05 | INFO: Primitives created: 1
04:18:05 | INFO: Extracting primitive: n551.259
04:18:05 | INFO: Primitives created: 1
04:18:05 | INFO: Extracting primitive: n551.260
04:18:05 | INFO: Primitives created: 1
04:18:05 | INFO: Extracting primitive: n551.261
04:18:05 | INFO: Primitives created: 1
04:18:05 | INFO: Extracting primitive: n551.262
04:18:05 | INFO: Primitives created: 1
04:18:05 | INFO: Extracting primitive: n551.263
04:18:05 | INFO: Primitives created: 1
04:18:05 | INFO: Extracting primitive: n551.264
04:18:05 | INFO: Primitives created: 1
04:18:05 | INFO: Extracting primitive: n551.265
04:18:05 | INFO: Primitives created: 1
04:18:05 | INFO: Extracting primitive: n551.266
04:18:05 | INFO: Primitives created: 1
04:18:05 | INFO: Extracting primitive: n551.267
04:18:05 | INFO: Primitives created: 1
04:18:05 | INFO: Extracting primitive: n551.268
04:18:05 | INFO: Primitives created: 1
04:18:05 | INFO: Extracting primitive: n551.270
04:18:05 | INFO: Primitives created: 1
04:18:05 | INFO: Extracting primitive: n551.271
04:18:05 | INFO: Primitives created: 1
04:18:05 | INFO: Extracting primitive: n551.272
04:18:05 | INFO: Primitives created: 1
04:18:05 | INFO: Extracting primitive: n551.273
04:18:05 | INFO: Primitives created: 1
04:18:05 | INFO: Extracting primitive: n551.274
04:18:05 | INFO: Primitives created: 1
04:18:05 | INFO: Extracting primitive: n551.275
04:18:05 | INFO: Primitives created: 1
04:18:05 | INFO: Extracting primitive: n551.276
04:18:05 | INFO: Primitives created: 1
04:18:05 | INFO: Extracting primitive: n551.277
04:18:05 | INFO: Primitives created: 1
04:18:05 | INFO: Extracting primitive: n551.278
04:18:05 | INFO: Primitives created: 1
04:18:05 | INFO: Extracting primitive: n551.279
04:18:05 | INFO: Primitives created: 1
04:18:05 | INFO: Extracting primitive: n551.281
04:18:05 | INFO: Primitives created: 1
04:18:05 | INFO: Extracting primitive: n551.282
04:18:05 | INFO: Primitives created: 1
04:18:05 | INFO: Extracting primitive: n551.283
04:18:05 | INFO: Primitives created: 1
04:18:05 | INFO: Extracting primitive: n551.284
04:18:05 | INFO: Primitives created: 1
04:18:05 | INFO: Extracting primitive: n551.285
04:18:05 | INFO: Primitives created: 1
04:18:05 | INFO: Extracting primitive: n551.286
04:18:05 | INFO: Primitives created: 1
04:18:05 | INFO: Extracting primitive: n551.287
04:18:05 | INFO: Primitives created: 1
04:18:05 | INFO: Extracting primitive: n551.288
04:18:05 | INFO: Primitives created: 1
04:18:05 | INFO: Extracting primitive: n551.289
04:18:05 | INFO: Primitives created: 1
04:18:05 | INFO: Extracting primitive: n551.290
04:18:05 | INFO: Primitives created: 1
04:18:05 | INFO: Extracting primitive: n551.292
04:18:05 | INFO: Primitives created: 1
04:18:05 | INFO: Extracting primitive: n551.293
04:18:05 | INFO: Primitives created: 1
04:18:05 | INFO: Extracting primitive: n551.294
04:18:05 | INFO: Primitives created: 1
04:18:05 | INFO: Extracting primitive: n551.295
04:18:05 | INFO: Primitives created: 1
04:18:05 | INFO: Extracting primitive: n551.296
04:18:05 | INFO: Primitives created: 1
04:18:05 | INFO: Extracting primitive: n551.297
04:18:05 | INFO: Primitives created: 1
04:18:05 | INFO: Extracting primitive: n551.298
04:18:05 | INFO: Primitives created: 1
04:18:05 | INFO: Extracting primitive: n551.299
04:18:05 | INFO: Primitives created: 1
04:18:05 | INFO: Extracting primitive: n551.300
04:18:05 | INFO: Primitives created: 1
04:18:05 | INFO: Extracting primitive: n551.301
04:18:05 | INFO: Primitives created: 1
04:18:05 | INFO: Extracting primitive: n551.303
04:18:05 | INFO: Primitives created: 1
04:18:05 | INFO: Extracting primitive: n551.304
04:18:05 | INFO: Primitives created: 1
04:18:05 | INFO: Extracting primitive: n551.305
04:18:05 | INFO: Primitives created: 1
04:18:05 | INFO: Extracting primitive: n551.306
04:18:05 | INFO: Primitives created: 1
04:18:05 | INFO: Extracting primitive: n551.307
04:18:05 | INFO: Primitives created: 1
04:18:05 | INFO: Extracting primitive: n551.308
04:18:05 | INFO: Primitives created: 1
04:18:05 | INFO: Extracting primitive: n551.309
04:18:05 | INFO: Primitives created: 1
04:18:05 | INFO: Extracting primitive: n551.310
04:18:05 | INFO: Primitives created: 1
04:18:05 | INFO: Extracting primitive: n551.311
04:18:05 | INFO: Primitives created: 1
04:18:05 | INFO: Extracting primitive: n551.312
04:18:05 | INFO: Primitives created: 1
04:18:05 | INFO: Extracting primitive: n551.314
04:18:05 | INFO: Primitives created: 1
04:18:05 | INFO: Extracting primitive: n551.315
04:18:05 | INFO: Primitives created: 1
04:18:05 | INFO: Extracting primitive: n551.316
04:18:05 | INFO: Primitives created: 1
04:18:05 | INFO: Extracting primitive: n551.317
04:18:05 | INFO: Primitives created: 1
04:18:05 | INFO: Extracting primitive: n551.318
04:18:05 | INFO: Primitives created: 1
04:18:05 | INFO: Extracting primitive: n551.319
04:18:05 | INFO: Primitives created: 1
04:18:05 | INFO: Extracting primitive: n551.320
04:18:05 | INFO: Primitives created: 1
04:18:05 | INFO: Extracting primitive: n551.321
04:18:05 | INFO: Primitives created: 1
04:18:05 | INFO: Extracting primitive: n551.322
04:18:05 | INFO: Primitives created: 1
04:18:05 | INFO: Extracting primitive: n551.323
04:18:05 | INFO: Primitives created: 1
04:18:05 | INFO: Extracting primitive: n551.325
04:18:05 | INFO: Primitives created: 1
04:18:05 | INFO: Extracting primitive: n551.326
04:18:05 | INFO: Primitives created: 1
04:18:05 | INFO: Extracting primitive: n551.327
04:18:05 | INFO: Primitives created: 1
04:18:05 | INFO: Extracting primitive: n551.328
04:18:05 | INFO: Primitives created: 1
04:18:05 | INFO: Extracting primitive: n551.329
04:18:05 | INFO: Primitives created: 1
04:18:05 | INFO: Extracting primitive: n551.330
04:18:05 | INFO: Primitives created: 1
04:18:05 | INFO: Extracting primitive: n551.331
04:18:05 | INFO: Primitives created: 1
04:18:05 | INFO: Extracting primitive: n551.332
04:18:05 | INFO: Primitives created: 1
04:18:05 | INFO: Extracting primitive: n551.333
04:18:05 | INFO: Primitives created: 1
04:18:05 | INFO: Extracting primitive: n551.334
04:18:05 | INFO: Primitives created: 1
04:18:05 | INFO: Extracting primitive: n551.337
04:18:05 | INFO: Primitives created: 1
04:18:05 | INFO: Extracting primitive: n551.338
04:18:05 | INFO: Primitives created: 1
04:18:05 | INFO: Extracting primitive: n551.339
04:18:05 | INFO: Primitives created: 1
04:18:05 | INFO: Extracting primitive: n551.340
04:18:05 | INFO: Primitives created: 1
04:18:05 | INFO: Extracting primitive: n551.341
04:18:05 | INFO: Primitives created: 1
04:18:05 | INFO: Extracting primitive: n551.342
04:18:05 | INFO: Primitives created: 1
04:18:05 | INFO: Extracting primitive: n551.343
04:18:05 | INFO: Primitives created: 1
04:18:05 | INFO: Extracting primitive: n551.344
04:18:05 | INFO: Primitives created: 1
04:18:05 | INFO: Extracting primitive: n551.345
04:18:05 | INFO: Primitives created: 1
04:18:05 | INFO: Extracting primitive: n551.346
04:18:05 | INFO: Primitives created: 1
04:18:05 | INFO: Extracting primitive: n551.348
04:18:05 | INFO: Primitives created: 1
04:18:05 | INFO: Extracting primitive: n551.349
04:18:05 | INFO: Primitives created: 1
04:18:05 | INFO: Extracting primitive: n551.350
04:18:05 | INFO: Primitives created: 1
04:18:05 | INFO: Extracting primitive: n551.351
04:18:05 | INFO: Primitives created: 1
04:18:05 | INFO: Extracting primitive: n551.352
04:18:05 | INFO: Primitives created: 1
04:18:05 | INFO: Extracting primitive: n551.353
04:18:05 | INFO: Primitives created: 1
04:18:05 | INFO: Extracting primitive: n551.354
04:18:05 | INFO: Primitives created: 1
04:18:05 | INFO: Extracting primitive: n551.355
04:18:05 | INFO: Primitives created: 1
04:18:05 | INFO: Extracting primitive: n551.356
04:18:05 | INFO: Primitives created: 1
04:18:05 | INFO: Extracting primitive: n551.357
04:18:05 | INFO: Primitives created: 1
04:18:05 | INFO: Finished glTF 2.0 export in 0.9391911029815674 s

EXPORT_OK /Users/panglaohu/Downloads/TigerInBamboo/TigerMessenger/artifacts/godot-export/moebiusCity.glb
BlenderMCP server stopped
BlenderMCP addon unregistered
Blender 5.2.1 LTS (hash 9e2066aef7ef built 2026-08-25 01:35:57)

Blender quit
