00:00.362  blend            | Read blend: "/Users/panglaohu/Downloads/TigerInBamboo/TigerMessenger/assets/models/originals/blender-r3/moonLake.blend"
BlenderMCP: cannot start server in background mode (blender -b) - commands would never execute
BlenderMCP: run Blender with a GUI, or use a virtual display: xvfb-run -a blender
BlenderMCP addon registered
INFO Draco is available, use library at /Applications/Blender.app/Contents/Resources/5.2/scripts/addons_core/io_scene_gltf2/libbf_intern_draco_bridge.dylib
INFO MeshOptimizer is available, use library at /Applications/Blender.app/Contents/Resources/5.2/scripts/addons_core/io_scene_gltf2/libbf_intern_meshopt_bridge.dylib
04:18:07 | INFO: Starting glTF 2.0 export
04:18:07 | INFO: Extracting primitive: moon-lake-orb-body.001
04:18:07 | INFO: Primitives created: 2
04:18:07 | INFO: Extracting primitive: moon-lake-orb-earthshine.001
04:18:07 | INFO: Primitives created: 1
04:18:07 | INFO: Extracting primitive: n28.001
04:18:07 | INFO: Primitives created: 1
04:18:07 | INFO: Extracting primitive: n29.001
04:18:07 | INFO: Primitives created: 1
04:18:07 | INFO: Extracting primitive: n30.001
04:18:07 | INFO: Primitives created: 1
04:18:07 | INFO: Extracting primitive: n31.001
04:18:07 | INFO: Primitives created: 1
04:18:07 | INFO: Extracting primitive: n32.001
04:18:07 | INFO: Primitives created: 1
04:18:07 | INFO: Extracting primitive: moon-lake-orb-halo.001
04:18:07 | WARNING: More than one shader node tex image used for a texture. The resulting glTF sampler will behave like the first shader node tex image.
04:18:07 | INFO: Primitives created: 1
04:18:07 | INFO: Extracting primitive: n35.001
04:18:07 | INFO: Primitives created: 1
04:18:07 | INFO: Extracting primitive: n36.001
04:18:07 | INFO: Primitives created: 1
04:18:07 | INFO: Extracting primitive: n37.001
04:18:07 | INFO: Primitives created: 1
04:18:07 | INFO: Extracting primitive: n38.001
04:18:07 | INFO: Primitives created: 1
04:18:07 | INFO: Extracting primitive: n39.001
04:18:07 | INFO: Primitives created: 1
04:18:07 | INFO: Extracting primitive: n2.001
04:18:07 | INFO: Primitives created: 1
04:18:07 | INFO: Extracting primitive: n3.001
04:18:07 | INFO: Primitives created: 1
04:18:07 | INFO: Extracting primitive: n4.001
04:18:07 | INFO: Primitives created: 1
04:18:07 | INFO: Extracting primitive: n5.001
04:18:07 | INFO: Primitives created: 1
04:18:07 | INFO: Extracting primitive: n6.001
04:18:07 | INFO: Primitives created: 1
04:18:07 | INFO: Extracting primitive: n7.001
04:18:07 | INFO: Primitives created: 1
04:18:07 | INFO: Extracting primitive: n8.001
04:18:07 | INFO: Primitives created: 1
04:18:07 | INFO: Finished glTF 2.0 export in 0.061009883880615234 s

EXPORT_OK /Users/panglaohu/Downloads/TigerInBamboo/TigerMessenger/artifacts/godot-export/moonLake.glb
BlenderMCP server stopped
BlenderMCP addon unregistered
Blender 5.2.1 LTS (hash 9e2066aef7ef built 2026-08-25 01:35:57)

Blender quit
