00:00.357  blend            | Read blend: "/Users/panglaohu/Downloads/TigerInBamboo/TigerMessenger/assets/models/originals/blender-r3/oldHarbor.blend"
BlenderMCP: cannot start server in background mode (blender -b) - commands would never execute
BlenderMCP: run Blender with a GUI, or use a virtual display: xvfb-run -a blender
BlenderMCP addon registered
INFO Draco is available, use library at /Applications/Blender.app/Contents/Resources/5.2/scripts/addons_core/io_scene_gltf2/libbf_intern_draco_bridge.dylib
INFO MeshOptimizer is available, use library at /Applications/Blender.app/Contents/Resources/5.2/scripts/addons_core/io_scene_gltf2/libbf_intern_meshopt_bridge.dylib
04:15:46 | INFO: Starting glTF 2.0 export
04:15:46 | INFO: Extracting primitive: hull-low.001
04:15:46 | INFO: Primitives created: 2
04:15:46 | INFO: Extracting primitive: hull-prow.001
04:15:46 | INFO: Primitives created: 2
04:15:46 | INFO: Extracting primitive: mast.001
04:15:46 | INFO: Primitives created: 3
04:15:46 | INFO: Extracting primitive: n43.001
04:15:46 | INFO: Primitives created: 6
04:15:46 | INFO: Extracting primitive: n45.001
04:15:46 | INFO: Primitives created: 6
04:15:46 | INFO: Extracting primitive: n47.001
04:15:46 | INFO: Primitives created: 6
04:15:46 | INFO: Extracting primitive: n49.001
04:15:46 | INFO: Primitives created: 6
04:15:46 | INFO: Extracting primitive: n51.001
04:15:46 | INFO: Primitives created: 6
04:15:46 | INFO: Extracting primitive: n53.001
04:15:46 | INFO: Primitives created: 6
04:15:46 | INFO: Extracting primitive: n55.001
04:15:46 | INFO: Primitives created: 6
04:15:46 | INFO: Extracting primitive: n57.001
04:15:46 | INFO: Primitives created: 6
04:15:46 | INFO: Extracting primitive: n59.001
04:15:46 | INFO: Primitives created: 6
04:15:46 | INFO: Extracting primitive: n61.001
04:15:46 | INFO: Primitives created: 6
04:15:46 | INFO: Extracting primitive: n63.001
04:15:46 | INFO: Primitives created: 3
04:15:46 | INFO: Extracting primitive: n65.001
04:15:46 | INFO: Primitives created: 3
04:15:46 | INFO: Extracting primitive: n67.001
04:15:46 | INFO: Primitives created: 6
04:15:46 | INFO: Extracting primitive: n69.001
04:15:46 | INFO: Primitives created: 6
04:15:46 | INFO: Extracting primitive: n71.001
04:15:46 | INFO: Primitives created: 6
04:15:46 | INFO: Extracting primitive: n73.001
04:15:46 | INFO: Primitives created: 6
04:15:46 | INFO: Extracting primitive: n75.001
04:15:46 | INFO: Primitives created: 6
04:15:46 | INFO: Extracting primitive: n77.001
04:15:46 | INFO: Primitives created: 6
04:15:46 | INFO: Extracting primitive: n79.001
04:15:46 | INFO: Primitives created: 6
04:15:46 | INFO: Extracting primitive: n81.001
04:15:46 | INFO: Primitives created: 6
04:15:46 | INFO: Extracting primitive: n83.001
04:15:46 | INFO: Primitives created: 6
04:15:46 | INFO: Extracting primitive: n85.001
04:15:46 | INFO: Primitives created: 6
04:15:46 | INFO: Extracting primitive: n87.001
04:15:46 | INFO: Primitives created: 3
04:15:46 | INFO: Extracting primitive: n89.001
04:15:46 | INFO: Primitives created: 3
04:15:46 | INFO: Extracting primitive: n93.001
04:15:46 | INFO: Primitives created: 2
04:15:46 | INFO: Extracting primitive: n95.001
04:15:46 | INFO: Primitives created: 6
04:15:46 | INFO: Extracting primitive: n97.001
04:15:46 | INFO: Primitives created: 6
04:15:46 | INFO: Extracting primitive: n99.001
04:15:46 | INFO: Primitives created: 1
04:15:46 | INFO: Extracting primitive: n101.001
04:15:46 | INFO: Primitives created: 6
04:15:46 | INFO: Extracting primitive: n271.001
04:15:46 | INFO: Primitives created: 6
04:15:46 | INFO: Extracting primitive: n273.001
04:15:46 | INFO: Primitives created: 6
04:15:46 | INFO: Extracting primitive: n275.001
04:15:46 | INFO: Primitives created: 6
04:15:46 | INFO: Extracting primitive: n277.001
04:15:46 | INFO: Primitives created: 6
04:15:46 | INFO: Extracting primitive: n279.001
04:15:46 | INFO: Primitives created: 6
04:15:46 | INFO: Extracting primitive: n281.001
04:15:46 | INFO: Primitives created: 6
04:15:46 | INFO: Extracting primitive: n283.001
04:15:46 | INFO: Primitives created: 6
04:15:46 | INFO: Extracting primitive: n285.001
04:15:46 | INFO: Primitives created: 6
04:15:46 | INFO: Extracting primitive: n287.001
04:15:46 | INFO: Primitives created: 6
04:15:46 | INFO: Extracting primitive: n289.001
04:15:46 | INFO: Primitives created: 6
04:15:46 | INFO: Extracting primitive: n291.001
04:15:46 | INFO: Primitives created: 6
04:15:46 | INFO: Extracting primitive: n293.001
04:15:46 | INFO: Primitives created: 6
04:15:46 | INFO: Extracting primitive: n295.001
04:15:46 | INFO: Primitives created: 6
04:15:46 | INFO: Extracting primitive: n297.001
04:15:46 | INFO: Primitives created: 6
04:15:46 | INFO: Extracting primitive: n299.001
04:15:46 | INFO: Primitives created: 6
04:15:46 | INFO: Extracting primitive: n301.001
04:15:46 | INFO: Primitives created: 6
04:15:46 | INFO: Extracting primitive: n303.001
04:15:46 | INFO: Primitives created: 6
04:15:46 | INFO: Extracting primitive: n305.001
04:15:46 | INFO: Primitives created: 6
04:15:46 | INFO: Extracting primitive: n307.001
04:15:46 | INFO: Primitives created: 6
04:15:46 | INFO: Extracting primitive: n309.001
04:15:47 | INFO: Primitives created: 6
04:15:47 | INFO: Extracting primitive: n311.001
04:15:47 | INFO: Primitives created: 6
04:15:47 | INFO: Extracting primitive: n313.001
04:15:47 | INFO: Primitives created: 6
04:15:47 | INFO: Extracting primitive: n315.001
04:15:47 | INFO: Primitives created: 6
04:15:47 | INFO: Extracting primitive: n317.001
04:15:47 | INFO: Primitives created: 6
04:15:47 | INFO: Extracting primitive: n319.001
04:15:47 | INFO: Primitives created: 6
04:15:47 | INFO: Extracting primitive: n321.001
04:15:47 | INFO: Primitives created: 6
04:15:47 | INFO: Extracting primitive: n323.001
04:15:47 | INFO: Primitives created: 6
04:15:47 | INFO: Extracting primitive: n327.001
04:15:47 | INFO: Primitives created: 3
04:15:47 | INFO: Extracting primitive: n329.001
04:15:47 | INFO: Primitives created: 3
04:15:47 | INFO: Extracting primitive: n333.001
04:15:47 | INFO: Primitives created: 1
04:15:47 | INFO: Extracting primitive: n335.001
04:15:47 | INFO: Primitives created: 1
04:15:47 | INFO: Extracting primitive: n337.001
04:15:47 | INFO: Primitives created: 1
04:15:47 | INFO: Extracting primitive: n339.001
04:15:47 | INFO: Primitives created: 1
04:15:47 | INFO: Extracting primitive: n341.001
04:15:47 | INFO: Primitives created: 3
04:15:47 | INFO: Extracting primitive: n343.001
04:15:47 | INFO: Primitives created: 3
04:15:47 | INFO: Extracting primitive: n345.001
04:15:47 | INFO: Primitives created: 3
04:15:47 | INFO: Extracting primitive: n347.001
04:15:47 | INFO: Primitives created: 3
04:15:47 | INFO: Extracting primitive: n349.001
04:15:47 | INFO: Primitives created: 3
04:15:47 | INFO: Extracting primitive: n351.001
04:15:47 | INFO: Primitives created: 3
04:15:47 | INFO: Extracting primitive: n353.001
04:15:47 | INFO: Primitives created: 6
04:15:47 | INFO: Extracting primitive: n355.001
04:15:47 | INFO: Primitives created: 6
04:15:47 | INFO: Extracting primitive: n357.001
04:15:47 | INFO: Primitives created: 6
04:15:47 | INFO: Extracting primitive: n359.001
04:15:47 | INFO: Primitives created: 6
04:15:47 | INFO: Extracting primitive: n361.001
04:15:47 | INFO: Primitives created: 6
04:15:47 | INFO: Extracting primitive: n363.001
04:15:47 | INFO: Primitives created: 3
04:15:47 | INFO: Extracting primitive: n365.001
04:15:47 | INFO: Primitives created: 3
04:15:47 | INFO: Extracting primitive: n367.001
04:15:47 | INFO: Primitives created: 2
04:15:47 | INFO: Extracting primitive: n369.001
04:15:47 | INFO: Primitives created: 2
04:15:47 | INFO: Extracting primitive: n371.001
04:15:47 | INFO: Primitives created: 2
04:15:47 | INFO: Extracting primitive: n373.001
04:15:47 | INFO: Primitives created: 2
04:15:47 | INFO: Extracting primitive: n375.001
04:15:47 | INFO: Primitives created: 2
04:15:47 | INFO: Extracting primitive: night-lantern-mast.001
04:15:47 | INFO: Primitives created: 6
04:15:47 | INFO: Extracting primitive: night-lantern-stern.001
04:15:47 | INFO: Primitives created: 6
04:15:47 | INFO: Extracting primitive: oar-blade.026
04:15:47 | INFO: Primitives created: 6
04:15:47 | INFO: Extracting primitive: oar-shaft.026
04:15:47 | INFO: Primitives created: 3
04:15:47 | INFO: Extracting primitive: oar-blade.027
04:15:47 | INFO: Primitives created: 6
04:15:47 | INFO: Extracting primitive: oar-shaft.027
04:15:47 | INFO: Primitives created: 3
04:15:47 | INFO: Extracting primitive: oar-blade.028
04:15:47 | INFO: Primitives created: 6
04:15:47 | INFO: Extracting primitive: oar-shaft.028
04:15:47 | INFO: Primitives created: 3
04:15:47 | INFO: Extracting primitive: oar-blade.029
04:15:47 | INFO: Primitives created: 6
04:15:47 | INFO: Extracting primitive: oar-shaft.029
04:15:47 | INFO: Primitives created: 3
04:15:47 | INFO: Extracting primitive: oar-blade.030
04:15:47 | INFO: Primitives created: 6
04:15:47 | INFO: Extracting primitive: oar-shaft.030
04:15:47 | INFO: Primitives created: 3
04:15:47 | INFO: Extracting primitive: oar-blade.031
04:15:47 | INFO: Primitives created: 6
04:15:47 | INFO: Extracting primitive: oar-shaft.031
04:15:47 | INFO: Primitives created: 3
04:15:47 | INFO: Extracting primitive: oar-blade.032
04:15:47 | INFO: Primitives created: 6
04:15:47 | INFO: Extracting primitive: oar-shaft.032
04:15:47 | INFO: Primitives created: 3
04:15:47 | INFO: Extracting primitive: oar-blade.033
04:15:47 | INFO: Primitives created: 6
04:15:47 | INFO: Extracting primitive: oar-shaft.033
04:15:47 | INFO: Primitives created: 3
04:15:47 | INFO: Extracting primitive: oar-blade.034
04:15:47 | INFO: Primitives created: 6
04:15:47 | INFO: Extracting primitive: oar-shaft.034
04:15:47 | INFO: Primitives created: 3
04:15:47 | INFO: Extracting primitive: oar-blade.035
04:15:47 | INFO: Primitives created: 6
04:15:47 | INFO: Extracting primitive: oar-shaft.035
04:15:47 | INFO: Primitives created: 3
04:15:47 | INFO: Extracting primitive: oar-blade.036
04:15:47 | INFO: Primitives created: 6
04:15:47 | INFO: Extracting primitive: oar-shaft.036
04:15:47 | INFO: Primitives created: 3
04:15:47 | INFO: Extracting primitive: oar-blade.037
04:15:47 | INFO: Primitives created: 6
04:15:47 | INFO: Extracting primitive: oar-shaft.037
04:15:47 | INFO: Primitives created: 3
04:15:47 | INFO: Extracting primitive: oar-blade.038
04:15:47 | INFO: Primitives created: 6
04:15:47 | INFO: Extracting primitive: oar-shaft.038
04:15:47 | INFO: Primitives created: 3
04:15:47 | INFO: Extracting primitive: oar-blade.039
04:15:47 | INFO: Primitives created: 6
04:15:47 | INFO: Extracting primitive: oar-shaft.039
04:15:47 | INFO: Primitives created: 3
04:15:47 | INFO: Extracting primitive: oar-blade.040
04:15:47 | INFO: Primitives created: 6
04:15:47 | INFO: Extracting primitive: oar-shaft.040
04:15:47 | INFO: Primitives created: 3
04:15:47 | INFO: Extracting primitive: oar-blade.041
04:15:47 | INFO: Primitives created: 6
04:15:47 | INFO: Extracting primitive: oar-shaft.041
04:15:47 | INFO: Primitives created: 3
04:15:47 | INFO: Extracting primitive: oar-blade.042
04:15:47 | INFO: Primitives created: 6
04:15:47 | INFO: Extracting primitive: oar-shaft.042
04:15:47 | INFO: Primitives created: 3
04:15:47 | INFO: Extracting primitive: oar-blade.043
04:15:47 | INFO: Primitives created: 6
04:15:47 | INFO: Extracting primitive: oar-shaft.043
04:15:47 | INFO: Primitives created: 3
04:15:47 | INFO: Extracting primitive: oar-blade.044
04:15:47 | INFO: Primitives created: 6
04:15:47 | INFO: Extracting primitive: oar-shaft.044
04:15:47 | INFO: Primitives created: 3
04:15:47 | INFO: Extracting primitive: oar-blade.045
04:15:47 | INFO: Primitives created: 6
04:15:47 | INFO: Extracting primitive: oar-shaft.045
04:15:47 | INFO: Primitives created: 3
04:15:47 | INFO: Extracting primitive: oar-blade.046
04:15:47 | INFO: Primitives created: 6
04:15:47 | INFO: Extracting primitive: oar-shaft.046
04:15:47 | INFO: Primitives created: 3
04:15:47 | INFO: Extracting primitive: oar-blade.047
04:15:47 | INFO: Primitives created: 6
04:15:47 | INFO: Extracting primitive: oar-shaft.047
04:15:47 | INFO: Primitives created: 3
04:15:47 | INFO: Extracting primitive: oar-blade.048
04:15:47 | INFO: Primitives created: 6
04:15:47 | INFO: Extracting primitive: oar-shaft.048
04:15:47 | INFO: Primitives created: 3
04:15:47 | INFO: Extracting primitive: oar-blade.049
04:15:47 | INFO: Primitives created: 6
04:15:47 | INFO: Extracting primitive: oar-shaft.049
04:15:47 | INFO: Primitives created: 3
04:15:47 | INFO: Extracting primitive: oar-blade.050
04:15:47 | INFO: Primitives created: 6
04:15:47 | INFO: Extracting primitive: oar-shaft.050
04:15:47 | INFO: Primitives created: 3
04:15:47 | INFO: Extracting primitive: oar-blade.051
04:15:47 | INFO: Primitives created: 6
04:15:47 | INFO: Extracting primitive: oar-shaft.051
04:15:47 | INFO: Primitives created: 3
04:15:47 | INFO: Extracting primitive: sail.001
04:15:47 | INFO: Primitives created: 1
04:15:47 | INFO: Extracting primitive: crew-armL.001
04:15:47 | INFO: Primitives created: 3
04:15:47 | INFO: Extracting primitive: crew-armL.002
04:15:47 | INFO: Primitives created: 3
04:15:47 | INFO: Extracting primitive: crew-armL.013
04:15:47 | INFO: Primitives created: 3
04:15:47 | INFO: Extracting primitive: crew-armL.020
04:15:47 | INFO: Primitives created: 3
04:15:47 | INFO: Extracting primitive: crew-armL.021
04:15:47 | INFO: Primitives created: 3
04:15:47 | INFO: Extracting primitive: crew-armL.022
04:15:47 | INFO: Primitives created: 3
04:15:47 | INFO: Extracting primitive: crew-armL.023
04:15:47 | INFO: Primitives created: 3
04:15:47 | INFO: Extracting primitive: crew-armL.024
04:15:47 | INFO: Primitives created: 3
04:15:47 | INFO: Extracting primitive: crew-armL.025
04:15:47 | INFO: Primitives created: 3
04:15:47 | INFO: Extracting primitive: crew-armL.026
04:15:47 | INFO: Primitives created: 3
04:15:47 | INFO: Extracting primitive: crew-armL.003
04:15:47 | INFO: Primitives created: 3
04:15:47 | INFO: Extracting primitive: crew-armL.004
04:15:47 | INFO: Primitives created: 3
04:15:47 | INFO: Extracting primitive: crew-armL.005
04:15:47 | INFO: Primitives created: 3
04:15:47 | INFO: Extracting primitive: crew-armL.006
04:15:47 | INFO: Primitives created: 3
04:15:47 | INFO: Extracting primitive: crew-armL.007
04:15:47 | INFO: Primitives created: 3
04:15:47 | INFO: Extracting primitive: crew-armL.008
04:15:47 | INFO: Primitives created: 3
04:15:47 | INFO: Extracting primitive: crew-armL.009
04:15:47 | INFO: Primitives created: 3
04:15:47 | INFO: Extracting primitive: crew-armL.010
04:15:47 | INFO: Primitives created: 3
04:15:47 | INFO: Extracting primitive: crew-armL.011
04:15:47 | INFO: Primitives created: 3
04:15:47 | INFO: Extracting primitive: crew-armL.012
04:15:47 | INFO: Primitives created: 3
04:15:47 | INFO: Extracting primitive: crew-armL.014
04:15:47 | INFO: Primitives created: 3
04:15:47 | INFO: Extracting primitive: crew-armL.015
04:15:47 | INFO: Primitives created: 3
04:15:47 | INFO: Extracting primitive: crew-armL.016
04:15:47 | INFO: Primitives created: 3
04:15:47 | INFO: Extracting primitive: crew-armL.017
04:15:47 | INFO: Primitives created: 3
04:15:47 | INFO: Extracting primitive: crew-armL.018
04:15:47 | INFO: Primitives created: 3
04:15:47 | INFO: Extracting primitive: crew-armL.019
04:15:47 | INFO: Primitives created: 3
04:15:47 | INFO: Extracting primitive: crew-armL.027
04:15:47 | INFO: Primitives created: 3
04:15:47 | INFO: Extracting primitive: crew-armL.028
04:15:47 | INFO: Primitives created: 3
04:15:47 | INFO: Extracting primitive: crew-armL.039
04:15:47 | INFO: Primitives created: 3
04:15:47 | INFO: Extracting primitive: crew-armL.046
04:15:47 | INFO: Primitives created: 3
04:15:47 | INFO: Extracting primitive: crew-armL.047
04:15:47 | INFO: Primitives created: 3
04:15:47 | INFO: Extracting primitive: crew-armL.048
04:15:47 | INFO: Primitives created: 3
04:15:47 | INFO: Extracting primitive: crew-armL.049
04:15:47 | INFO: Primitives created: 3
04:15:47 | INFO: Extracting primitive: crew-armL.050
04:15:47 | INFO: Primitives created: 3
04:15:47 | INFO: Extracting primitive: crew-armL.051
04:15:47 | INFO: Primitives created: 3
04:15:47 | INFO: Extracting primitive: crew-armL.052
04:15:47 | INFO: Primitives created: 3
04:15:47 | INFO: Extracting primitive: crew-armL.029
04:15:47 | INFO: Primitives created: 3
04:15:47 | INFO: Extracting primitive: crew-armL.030
04:15:47 | INFO: Primitives created: 3
04:15:47 | INFO: Extracting primitive: crew-armL.031
04:15:47 | INFO: Primitives created: 3
04:15:47 | INFO: Extracting primitive: crew-armL.032
04:15:47 | INFO: Primitives created: 3
04:15:47 | INFO: Extracting primitive: crew-armL.033
04:15:47 | INFO: Primitives created: 3
04:15:47 | INFO: Extracting primitive: crew-armL.034
04:15:47 | INFO: Primitives created: 3
04:15:47 | INFO: Extracting primitive: crew-armL.035
04:15:47 | INFO: Primitives created: 3
04:15:47 | INFO: Extracting primitive: crew-armL.036
04:15:47 | INFO: Primitives created: 3
04:15:47 | INFO: Extracting primitive: crew-armL.037
04:15:47 | INFO: Primitives created: 3
04:15:47 | INFO: Extracting primitive: crew-armL.038
04:15:47 | INFO: Primitives created: 3
04:15:47 | INFO: Extracting primitive: crew-armL.040
04:15:47 | INFO: Primitives created: 3
04:15:47 | INFO: Extracting primitive: crew-armL.041
04:15:47 | INFO: Primitives created: 3
04:15:47 | INFO: Extracting primitive: crew-armL.042
04:15:47 | INFO: Primitives created: 3
04:15:47 | INFO: Extracting primitive: crew-armL.043
04:15:47 | INFO: Primitives created: 3
04:15:47 | INFO: Extracting primitive: crew-armL.044
04:15:47 | INFO: Primitives created: 3
04:15:47 | INFO: Extracting primitive: crew-armL.045
04:15:47 | INFO: Primitives created: 3
04:15:47 | INFO: Extracting primitive: crew-crest.001
04:15:47 | INFO: Primitives created: 2
04:15:47 | INFO: Extracting primitive: crew-crest.002
04:15:47 | INFO: Primitives created: 2
04:15:47 | INFO: Extracting primitive: crew-crest.013
04:15:47 | INFO: Primitives created: 2
04:15:47 | INFO: Extracting primitive: crew-crest.020
04:15:47 | INFO: Primitives created: 2
04:15:47 | INFO: Extracting primitive: crew-crest.021
04:15:47 | INFO: Primitives created: 2
04:15:47 | INFO: Extracting primitive: crew-crest.022
04:15:47 | INFO: Primitives created: 2
04:15:47 | INFO: Extracting primitive: crew-crest.023
04:15:47 | INFO: Primitives created: 2
04:15:47 | INFO: Extracting primitive: crew-crest.024
04:15:47 | INFO: Primitives created: 2
04:15:47 | INFO: Extracting primitive: crew-crest.025
04:15:47 | INFO: Primitives created: 2
04:15:47 | INFO: Extracting primitive: crew-crest.026
04:15:47 | INFO: Primitives created: 2
04:15:47 | INFO: Extracting primitive: crew-crest.003
04:15:47 | INFO: Primitives created: 2
04:15:47 | INFO: Extracting primitive: crew-crest.004
04:15:47 | INFO: Primitives created: 2
04:15:47 | INFO: Extracting primitive: crew-crest.005
04:15:47 | INFO: Primitives created: 2
04:15:47 | INFO: Extracting primitive: crew-crest.006
04:15:47 | INFO: Primitives created: 2
04:15:47 | INFO: Extracting primitive: crew-crest.007
04:15:47 | INFO: Primitives created: 2
04:15:47 | INFO: Extracting primitive: crew-crest.008
04:15:47 | INFO: Primitives created: 2
04:15:47 | INFO: Extracting primitive: crew-crest.009
04:15:47 | INFO: Primitives created: 2
04:15:47 | INFO: Extracting primitive: crew-crest.010
04:15:47 | INFO: Primitives created: 2
04:15:47 | INFO: Extracting primitive: crew-crest.011
04:15:47 | INFO: Primitives created: 2
04:15:47 | INFO: Extracting primitive: crew-crest.012
04:15:47 | INFO: Primitives created: 2
04:15:47 | INFO: Extracting primitive: crew-crest.014
04:15:47 | INFO: Primitives created: 2
04:15:47 | INFO: Extracting primitive: crew-crest.015
04:15:47 | INFO: Primitives created: 2
04:15:47 | INFO: Extracting primitive: crew-crest.016
04:15:47 | INFO: Primitives created: 2
04:15:47 | INFO: Extracting primitive: crew-crest.017
04:15:47 | INFO: Primitives created: 2
04:15:47 | INFO: Extracting primitive: crew-crest.018
04:15:47 | INFO: Primitives created: 2
04:15:47 | INFO: Extracting primitive: crew-crest.019
04:15:47 | INFO: Primitives created: 2
04:15:47 | INFO: Extracting primitive: crew-crestFeathers.001
04:15:47 | INFO: Primitives created: 1
04:15:47 | INFO: Extracting primitive: crew-crestFeathers.002
04:15:47 | INFO: Primitives created: 1
04:15:47 | INFO: Extracting primitive: crew-crestFeathers.013
04:15:47 | INFO: Primitives created: 1
04:15:47 | INFO: Extracting primitive: crew-crestFeathers.020
04:15:47 | INFO: Primitives created: 1
04:15:47 | INFO: Extracting primitive: crew-crestFeathers.021
04:15:47 | INFO: Primitives created: 1
04:15:47 | INFO: Extracting primitive: crew-crestFeathers.022
04:15:47 | INFO: Primitives created: 1
04:15:47 | INFO: Extracting primitive: crew-crestFeathers.023
04:15:47 | INFO: Primitives created: 1
04:15:47 | INFO: Extracting primitive: crew-crestFeathers.024
04:15:47 | INFO: Primitives created: 1
04:15:47 | INFO: Extracting primitive: crew-crestFeathers.025
04:15:47 | INFO: Primitives created: 1
04:15:47 | INFO: Extracting primitive: crew-crestFeathers.026
04:15:47 | INFO: Primitives created: 1
04:15:47 | INFO: Extracting primitive: crew-crestFeathers.003
04:15:47 | INFO: Primitives created: 1
04:15:47 | INFO: Extracting primitive: crew-crestFeathers.004
04:15:47 | INFO: Primitives created: 1
04:15:47 | INFO: Extracting primitive: crew-crestFeathers.005
04:15:47 | INFO: Primitives created: 1
04:15:47 | INFO: Extracting primitive: crew-crestFeathers.006
04:15:47 | INFO: Primitives created: 1
04:15:47 | INFO: Extracting primitive: crew-crestFeathers.007
04:15:47 | INFO: Primitives created: 1
04:15:47 | INFO: Extracting primitive: crew-crestFeathers.008
04:15:47 | INFO: Primitives created: 1
04:15:47 | INFO: Extracting primitive: crew-crestFeathers.009
04:15:47 | INFO: Primitives created: 1
04:15:47 | INFO: Extracting primitive: crew-crestFeathers.010
04:15:47 | INFO: Primitives created: 1
04:15:47 | INFO: Extracting primitive: crew-crestFeathers.011
04:15:47 | INFO: Primitives created: 1
04:15:47 | INFO: Extracting primitive: crew-crestFeathers.012
04:15:47 | INFO: Primitives created: 1
04:15:47 | INFO: Extracting primitive: crew-crestFeathers.014
04:15:47 | INFO: Primitives created: 1
04:15:47 | INFO: Extracting primitive: crew-crestFeathers.015
04:15:47 | INFO: Primitives created: 1
04:15:47 | INFO: Extracting primitive: crew-crestFeathers.016
04:15:47 | INFO: Primitives created: 1
04:15:47 | INFO: Extracting primitive: crew-crestFeathers.017
04:15:47 | INFO: Primitives created: 1
04:15:47 | INFO: Extracting primitive: crew-crestFeathers.018
04:15:47 | INFO: Primitives created: 1
04:15:47 | INFO: Extracting primitive: crew-crestFeathers.019
04:15:47 | INFO: Primitives created: 1
04:15:47 | INFO: Extracting primitive: crew-crestStems.001
04:15:47 | INFO: Primitives created: 1
04:15:47 | INFO: Extracting primitive: crew-crestStems.002
04:15:47 | INFO: Primitives created: 1
04:15:47 | INFO: Extracting primitive: crew-crestStems.013
04:15:47 | INFO: Primitives created: 1
04:15:47 | INFO: Extracting primitive: crew-crestStems.020
04:15:47 | INFO: Primitives created: 1
04:15:47 | INFO: Extracting primitive: crew-crestStems.021
04:15:47 | INFO: Primitives created: 1
04:15:47 | INFO: Extracting primitive: crew-crestStems.022
04:15:47 | INFO: Primitives created: 1
04:15:47 | INFO: Extracting primitive: crew-crestStems.023
04:15:47 | INFO: Primitives created: 1
04:15:47 | INFO: Extracting primitive: crew-crestStems.024
04:15:47 | INFO: Primitives created: 1
04:15:47 | INFO: Extracting primitive: crew-crestStems.025
04:15:47 | INFO: Primitives created: 1
04:15:47 | INFO: Extracting primitive: crew-crestStems.026
04:15:47 | INFO: Primitives created: 1
04:15:47 | INFO: Extracting primitive: crew-crestStems.003
04:15:47 | INFO: Primitives created: 1
04:15:47 | INFO: Extracting primitive: crew-crestStems.004
04:15:47 | INFO: Primitives created: 1
04:15:47 | INFO: Extracting primitive: crew-crestStems.005
04:15:47 | INFO: Primitives created: 1
04:15:47 | INFO: Extracting primitive: crew-crestStems.006
04:15:47 | INFO: Primitives created: 1
04:15:47 | INFO: Extracting primitive: crew-crestStems.007
04:15:47 | INFO: Primitives created: 1
04:15:47 | INFO: Extracting primitive: crew-crestStems.008
04:15:47 | INFO: Primitives created: 1
04:15:47 | INFO: Extracting primitive: crew-crestStems.009
04:15:47 | INFO: Primitives created: 1
04:15:47 | INFO: Extracting primitive: crew-crestStems.010
04:15:47 | INFO: Primitives created: 1
04:15:47 | INFO: Extracting primitive: crew-crestStems.011
04:15:47 | INFO: Primitives created: 1
04:15:47 | INFO: Extracting primitive: crew-crestStems.012
04:15:47 | INFO: Primitives created: 1
04:15:47 | INFO: Extracting primitive: crew-crestStems.014
04:15:47 | INFO: Primitives created: 1
04:15:47 | INFO: Extracting primitive: crew-crestStems.015
04:15:47 | INFO: Primitives created: 1
04:15:47 | INFO: Extracting primitive: crew-crestStems.016
04:15:47 | INFO: Primitives created: 1
04:15:47 | INFO: Extracting primitive: crew-crestStems.017
04:15:47 | INFO: Primitives created: 1
04:15:47 | INFO: Extracting primitive: crew-crestStems.018
04:15:47 | INFO: Primitives created: 1
04:15:47 | INFO: Extracting primitive: crew-crestStems.019
04:15:47 | INFO: Primitives created: 1
04:15:47 | INFO: Extracting primitive: crew-head.001
04:15:47 | INFO: Primitives created: 1
04:15:47 | INFO: Extracting primitive: crew-head.002
04:15:47 | INFO: Primitives created: 1
04:15:47 | INFO: Extracting primitive: crew-head.013
04:15:47 | INFO: Primitives created: 1
04:15:47 | INFO: Extracting primitive: crew-head.020
04:15:47 | INFO: Primitives created: 1
04:15:47 | INFO: Extracting primitive: crew-head.021
04:15:47 | INFO: Primitives created: 1
04:15:47 | INFO: Extracting primitive: crew-head.022
04:15:47 | INFO: Primitives created: 1
04:15:47 | INFO: Extracting primitive: crew-head.023
04:15:47 | INFO: Primitives created: 1
04:15:47 | INFO: Extracting primitive: crew-head.024
04:15:47 | INFO: Primitives created: 1
04:15:47 | INFO: Extracting primitive: crew-head.025
04:15:47 | INFO: Primitives created: 1
04:15:47 | INFO: Extracting primitive: crew-head.026
04:15:47 | INFO: Primitives created: 1
04:15:47 | INFO: Extracting primitive: crew-head.003
04:15:47 | INFO: Primitives created: 1
04:15:47 | INFO: Extracting primitive: crew-head.004
04:15:47 | INFO: Primitives created: 1
04:15:47 | INFO: Extracting primitive: crew-head.005
04:15:47 | INFO: Primitives created: 1
04:15:47 | INFO: Extracting primitive: crew-head.006
04:15:47 | INFO: Primitives created: 1
04:15:47 | INFO: Extracting primitive: crew-head.007
04:15:47 | INFO: Primitives created: 1
04:15:47 | INFO: Extracting primitive: crew-head.008
04:15:47 | INFO: Primitives created: 1
04:15:47 | INFO: Extracting primitive: crew-head.009
04:15:47 | INFO: Primitives created: 1
04:15:47 | INFO: Extracting primitive: crew-head.010
04:15:47 | INFO: Primitives created: 1
04:15:47 | INFO: Extracting primitive: crew-head.011
04:15:47 | INFO: Primitives created: 1
04:15:47 | INFO: Extracting primitive: crew-head.012
04:15:47 | INFO: Primitives created: 1
04:15:47 | INFO: Extracting primitive: crew-head.014
04:15:47 | INFO: Primitives created: 1
04:15:47 | INFO: Extracting primitive: crew-head.015
04:15:47 | INFO: Primitives created: 1
04:15:47 | INFO: Extracting primitive: crew-head.016
04:15:47 | INFO: Primitives created: 1
04:15:47 | INFO: Extracting primitive: crew-head.017
04:15:47 | INFO: Primitives created: 1
04:15:47 | INFO: Extracting primitive: crew-head.018
04:15:47 | INFO: Primitives created: 1
04:15:47 | INFO: Extracting primitive: crew-head.019
04:15:47 | INFO: Primitives created: 1
04:15:47 | INFO: Extracting primitive: crew-helmet.001
04:15:47 | INFO: Primitives created: 1
04:15:47 | INFO: Extracting primitive: crew-helmet.002
04:15:47 | INFO: Primitives created: 1
04:15:47 | INFO: Extracting primitive: crew-helmet.013
04:15:47 | INFO: Primitives created: 1
04:15:47 | INFO: Extracting primitive: crew-helmet.020
04:15:47 | INFO: Primitives created: 1
04:15:47 | INFO: Extracting primitive: crew-helmet.021
04:15:47 | INFO: Primitives created: 1
04:15:47 | INFO: Extracting primitive: crew-helmet.022
04:15:47 | INFO: Primitives created: 1
04:15:47 | INFO: Extracting primitive: crew-helmet.023
04:15:47 | INFO: Primitives created: 1
04:15:47 | INFO: Extracting primitive: crew-helmet.024
04:15:47 | INFO: Primitives created: 1
04:15:47 | INFO: Extracting primitive: crew-helmet.025
04:15:47 | INFO: Primitives created: 1
04:15:47 | INFO: Extracting primitive: crew-helmet.026
04:15:47 | INFO: Primitives created: 1
04:15:47 | INFO: Extracting primitive: crew-helmet.003
04:15:47 | INFO: Primitives created: 1
04:15:47 | INFO: Extracting primitive: crew-helmet.004
04:15:47 | INFO: Primitives created: 1
04:15:47 | INFO: Extracting primitive: crew-helmet.005
04:15:47 | INFO: Primitives created: 1
04:15:47 | INFO: Extracting primitive: crew-helmet.006
04:15:47 | INFO: Primitives created: 1
04:15:47 | INFO: Extracting primitive: crew-helmet.007
04:15:47 | INFO: Primitives created: 1
04:15:47 | INFO: Extracting primitive: crew-helmet.008
04:15:47 | INFO: Primitives created: 1
04:15:47 | INFO: Extracting primitive: crew-helmet.009
04:15:47 | INFO: Primitives created: 1
04:15:47 | INFO: Extracting primitive: crew-helmet.010
04:15:47 | INFO: Primitives created: 1
04:15:47 | INFO: Extracting primitive: crew-helmet.011
04:15:47 | INFO: Primitives created: 1
04:15:47 | INFO: Extracting primitive: crew-helmet.012
04:15:47 | INFO: Primitives created: 1
04:15:47 | INFO: Extracting primitive: crew-helmet.014
04:15:47 | INFO: Primitives created: 1
04:15:47 | INFO: Extracting primitive: crew-helmet.015
04:15:47 | INFO: Primitives created: 1
04:15:47 | INFO: Extracting primitive: crew-helmet.016
04:15:47 | INFO: Primitives created: 1
04:15:47 | INFO: Extracting primitive: crew-helmet.017
04:15:47 | INFO: Primitives created: 1
04:15:47 | INFO: Extracting primitive: crew-helmet.018
04:15:47 | INFO: Primitives created: 1
04:15:47 | INFO: Extracting primitive: crew-helmet.019
04:15:47 | INFO: Primitives created: 1
04:15:47 | INFO: Extracting primitive: crew-legL.001
04:15:47 | INFO: Primitives created: 3
04:15:47 | INFO: Extracting primitive: crew-legL.002
04:15:47 | INFO: Primitives created: 3
04:15:47 | INFO: Extracting primitive: crew-legL.013
04:15:47 | INFO: Primitives created: 3
04:15:47 | INFO: Extracting primitive: crew-legL.020
04:15:47 | INFO: Primitives created: 3
04:15:47 | INFO: Extracting primitive: crew-legL.021
04:15:47 | INFO: Primitives created: 3
04:15:47 | INFO: Extracting primitive: crew-legL.022
04:15:47 | INFO: Primitives created: 3
04:15:47 | INFO: Extracting primitive: crew-legL.023
04:15:47 | INFO: Primitives created: 3
04:15:47 | INFO: Extracting primitive: crew-legL.024
04:15:47 | INFO: Primitives created: 3
04:15:47 | INFO: Extracting primitive: crew-legL.025
04:15:47 | INFO: Primitives created: 3
04:15:47 | INFO: Extracting primitive: crew-legL.026
04:15:47 | INFO: Primitives created: 3
04:15:47 | INFO: Extracting primitive: crew-legL.003
04:15:47 | INFO: Primitives created: 3
04:15:47 | INFO: Extracting primitive: crew-legL.004
04:15:47 | INFO: Primitives created: 3
04:15:47 | INFO: Extracting primitive: crew-legL.005
04:15:47 | INFO: Primitives created: 3
04:15:47 | INFO: Extracting primitive: crew-legL.006
04:15:47 | INFO: Primitives created: 3
04:15:47 | INFO: Extracting primitive: crew-legL.007
04:15:47 | INFO: Primitives created: 3
04:15:47 | INFO: Extracting primitive: crew-legL.008
04:15:47 | INFO: Primitives created: 3
04:15:47 | INFO: Extracting primitive: crew-legL.009
04:15:47 | INFO: Primitives created: 3
04:15:47 | INFO: Extracting primitive: crew-legL.010
04:15:47 | INFO: Primitives created: 3
04:15:47 | INFO: Extracting primitive: crew-legL.011
04:15:47 | INFO: Primitives created: 3
04:15:47 | INFO: Extracting primitive: crew-legL.012
04:15:47 | INFO: Primitives created: 3
04:15:47 | INFO: Extracting primitive: crew-legL.014
04:15:47 | INFO: Primitives created: 3
04:15:47 | INFO: Extracting primitive: crew-legL.015
04:15:47 | INFO: Primitives created: 3
04:15:47 | INFO: Extracting primitive: crew-legL.016
04:15:47 | INFO: Primitives created: 3
04:15:47 | INFO: Extracting primitive: crew-legL.017
04:15:47 | INFO: Primitives created: 3
04:15:47 | INFO: Extracting primitive: crew-legL.018
04:15:47 | INFO: Primitives created: 3
04:15:47 | INFO: Extracting primitive: crew-legL.019
04:15:47 | INFO: Primitives created: 3
04:15:47 | INFO: Extracting primitive: crew-legL.027
04:15:47 | INFO: Primitives created: 3
04:15:47 | INFO: Extracting primitive: crew-legL.028
04:15:47 | INFO: Primitives created: 3
04:15:47 | INFO: Extracting primitive: crew-legL.039
04:15:47 | INFO: Primitives created: 3
04:15:47 | INFO: Extracting primitive: crew-legL.046
04:15:47 | INFO: Primitives created: 3
04:15:47 | INFO: Extracting primitive: crew-legL.047
04:15:47 | INFO: Primitives created: 3
04:15:47 | INFO: Extracting primitive: crew-legL.048
04:15:47 | INFO: Primitives created: 3
04:15:47 | INFO: Extracting primitive: crew-legL.049
04:15:47 | INFO: Primitives created: 3
04:15:47 | INFO: Extracting primitive: crew-legL.050
04:15:47 | INFO: Primitives created: 3
04:15:47 | INFO: Extracting primitive: crew-legL.051
04:15:47 | INFO: Primitives created: 3
04:15:47 | INFO: Extracting primitive: crew-legL.052
04:15:47 | INFO: Primitives created: 3
04:15:47 | INFO: Extracting primitive: crew-legL.029
04:15:47 | INFO: Primitives created: 3
04:15:47 | INFO: Extracting primitive: crew-legL.030
04:15:47 | INFO: Primitives created: 3
04:15:47 | INFO: Extracting primitive: crew-legL.031
04:15:47 | INFO: Primitives created: 3
04:15:47 | INFO: Extracting primitive: crew-legL.032
04:15:47 | INFO: Primitives created: 3
04:15:47 | INFO: Extracting primitive: crew-legL.033
04:15:47 | INFO: Primitives created: 3
04:15:47 | INFO: Extracting primitive: crew-legL.034
04:15:47 | INFO: Primitives created: 3
04:15:47 | INFO: Extracting primitive: crew-legL.035
04:15:47 | INFO: Primitives created: 3
04:15:47 | INFO: Extracting primitive: crew-legL.036
04:15:47 | INFO: Primitives created: 3
04:15:47 | INFO: Extracting primitive: crew-legL.037
04:15:47 | INFO: Primitives created: 3
04:15:47 | INFO: Extracting primitive: crew-legL.038
04:15:47 | INFO: Primitives created: 3
04:15:47 | INFO: Extracting primitive: crew-legL.040
04:15:47 | INFO: Primitives created: 3
04:15:47 | INFO: Extracting primitive: crew-legL.041
04:15:47 | INFO: Primitives created: 3
04:15:47 | INFO: Extracting primitive: crew-legL.042
04:15:47 | INFO: Primitives created: 3
04:15:47 | INFO: Extracting primitive: crew-legL.043
04:15:47 | INFO: Primitives created: 3
04:15:47 | INFO: Extracting primitive: crew-legL.044
04:15:47 | INFO: Primitives created: 3
04:15:47 | INFO: Extracting primitive: crew-legL.045
04:15:47 | INFO: Primitives created: 3
04:15:47 | INFO: Extracting primitive: crew-skirt.001
04:15:47 | INFO: Primitives created: 1
04:15:47 | INFO: Extracting primitive: crew-skirt.002
04:15:47 | INFO: Primitives created: 1
04:15:47 | INFO: Extracting primitive: crew-skirt.013
04:15:47 | INFO: Primitives created: 1
04:15:47 | INFO: Extracting primitive: crew-skirt.020
04:15:47 | INFO: Primitives created: 1
04:15:47 | INFO: Extracting primitive: crew-skirt.021
04:15:47 | INFO: Primitives created: 1
04:15:47 | INFO: Extracting primitive: crew-skirt.022
04:15:47 | INFO: Primitives created: 1
04:15:47 | INFO: Extracting primitive: crew-skirt.023
04:15:47 | INFO: Primitives created: 1
04:15:47 | INFO: Extracting primitive: crew-skirt.024
04:15:47 | INFO: Primitives created: 1
04:15:47 | INFO: Extracting primitive: crew-skirt.025
04:15:47 | INFO: Primitives created: 1
04:15:47 | INFO: Extracting primitive: crew-skirt.026
04:15:47 | INFO: Primitives created: 1
04:15:47 | INFO: Extracting primitive: crew-skirt.003
04:15:47 | INFO: Primitives created: 1
04:15:47 | INFO: Extracting primitive: crew-skirt.004
04:15:47 | INFO: Primitives created: 1
04:15:47 | INFO: Extracting primitive: crew-skirt.005
04:15:47 | INFO: Primitives created: 1
04:15:47 | INFO: Extracting primitive: crew-skirt.006
04:15:47 | INFO: Primitives created: 1
04:15:47 | INFO: Extracting primitive: crew-skirt.007
04:15:47 | INFO: Primitives created: 1
04:15:47 | INFO: Extracting primitive: crew-skirt.008
04:15:47 | INFO: Primitives created: 1
04:15:47 | INFO: Extracting primitive: crew-skirt.009
04:15:47 | INFO: Primitives created: 1
04:15:47 | INFO: Extracting primitive: crew-skirt.010
04:15:47 | INFO: Primitives created: 1
04:15:47 | INFO: Extracting primitive: crew-skirt.011
04:15:47 | INFO: Primitives created: 1
04:15:47 | INFO: Extracting primitive: crew-skirt.012
04:15:47 | INFO: Primitives created: 1
04:15:47 | INFO: Extracting primitive: crew-skirt.014
04:15:47 | INFO: Primitives created: 1
04:15:47 | INFO: Extracting primitive: crew-skirt.015
04:15:47 | INFO: Primitives created: 1
04:15:47 | INFO: Extracting primitive: crew-skirt.016
04:15:47 | INFO: Primitives created: 1
04:15:47 | INFO: Extracting primitive: crew-skirt.017
04:15:47 | INFO: Primitives created: 1
04:15:47 | INFO: Extracting primitive: crew-skirt.018
04:15:47 | INFO: Primitives created: 1
04:15:47 | INFO: Extracting primitive: crew-skirt.019
04:15:47 | INFO: Primitives created: 1
04:15:47 | INFO: Extracting primitive: crew-torso.001
04:15:47 | INFO: Primitives created: 1
04:15:47 | INFO: Extracting primitive: crew-torso.002
04:15:47 | INFO: Primitives created: 1
04:15:47 | INFO: Extracting primitive: crew-torso.013
04:15:47 | INFO: Primitives created: 1
04:15:47 | INFO: Extracting primitive: crew-torso.020
04:15:47 | INFO: Primitives created: 1
04:15:47 | INFO: Extracting primitive: crew-torso.021
04:15:47 | INFO: Primitives created: 1
04:15:47 | INFO: Extracting primitive: crew-torso.022
04:15:47 | INFO: Primitives created: 1
04:15:47 | INFO: Extracting primitive: crew-torso.023
04:15:47 | INFO: Primitives created: 1
04:15:47 | INFO: Extracting primitive: crew-torso.024
04:15:47 | INFO: Primitives created: 1
04:15:47 | INFO: Extracting primitive: crew-torso.025
04:15:47 | INFO: Primitives created: 1
04:15:47 | INFO: Extracting primitive: crew-torso.026
04:15:47 | INFO: Primitives created: 1
04:15:47 | INFO: Extracting primitive: crew-torso.003
04:15:47 | INFO: Primitives created: 1
04:15:47 | INFO: Extracting primitive: crew-torso.004
04:15:47 | INFO: Primitives created: 1
04:15:47 | INFO: Extracting primitive: crew-torso.005
04:15:47 | INFO: Primitives created: 1
04:15:47 | INFO: Extracting primitive: crew-torso.006
04:15:47 | INFO: Primitives created: 1
04:15:47 | INFO: Extracting primitive: crew-torso.007
04:15:47 | INFO: Primitives created: 1
04:15:47 | INFO: Extracting primitive: crew-torso.008
04:15:47 | INFO: Primitives created: 1
04:15:47 | INFO: Extracting primitive: crew-torso.009
04:15:47 | INFO: Primitives created: 1
04:15:47 | INFO: Extracting primitive: crew-torso.010
04:15:47 | INFO: Primitives created: 1
04:15:47 | INFO: Extracting primitive: crew-torso.011
04:15:47 | INFO: Primitives created: 1
04:15:47 | INFO: Extracting primitive: crew-torso.012
04:15:47 | INFO: Primitives created: 1
04:15:47 | INFO: Extracting primitive: crew-torso.014
04:15:47 | INFO: Primitives created: 1
04:15:47 | INFO: Extracting primitive: crew-torso.015
04:15:47 | INFO: Primitives created: 1
04:15:47 | INFO: Extracting primitive: crew-torso.016
04:15:47 | INFO: Primitives created: 1
04:15:47 | INFO: Extracting primitive: crew-torso.017
04:15:47 | INFO: Primitives created: 1
04:15:47 | INFO: Extracting primitive: crew-torso.018
04:15:47 | INFO: Primitives created: 1
04:15:47 | INFO: Extracting primitive: crew-torso.019
04:15:47 | INFO: Primitives created: 1
04:15:47 | INFO: Extracting primitive: crane-boom.001
04:15:47 | INFO: Primitives created: 6
04:15:47 | INFO: Extracting primitive: crane-rope.001
04:15:47 | INFO: Primitives created: 3
04:15:47 | INFO: Extracting primitive: crane-winch.001
04:15:47 | INFO: Primitives created: 3
04:15:47 | INFO: Extracting primitive: n602.001
04:15:47 | INFO: Primitives created: 6
04:15:47 | INFO: Extracting primitive: n604.001
04:15:47 | INFO: Primitives created: 6
04:15:47 | INFO: Extracting primitive: n606.001
04:15:47 | INFO: Primitives created: 6
04:15:47 | INFO: Extracting primitive: n608.001
04:15:47 | INFO: Primitives created: 6
04:15:47 | INFO: Extracting primitive: n612.001
04:15:47 | INFO: Primitives created: 6
04:15:47 | INFO: Extracting primitive: n616.001
04:15:47 | INFO: Primitives created: 3
04:15:47 | INFO: Extracting primitive: n620.001
04:15:47 | INFO: Primitives created: 6
04:15:47 | INFO: Extracting primitive: n622.001
04:15:47 | INFO: Primitives created: 1
04:15:47 | INFO: Extracting primitive: n624.001
04:15:47 | INFO: Primitives created: 6
04:15:47 | INFO: Extracting primitive: n626.001
04:15:47 | INFO: Primitives created: 6
04:15:47 | INFO: Extracting primitive: n628.001
04:15:47 | INFO: Primitives created: 6
04:15:47 | INFO: Extracting primitive: n548.001
04:15:47 | INFO: Primitives created: 6
04:15:47 | INFO: Extracting primitive: n550.001
04:15:47 | INFO: Primitives created: 6
04:15:47 | INFO: Extracting primitive: n552.001
04:15:47 | INFO: Primitives created: 6
04:15:47 | INFO: Extracting primitive: n554.001
04:15:47 | INFO: Primitives created: 6
04:15:47 | INFO: Extracting primitive: n566.001
04:15:47 | INFO: Primitives created: 6
04:15:47 | INFO: Extracting primitive: n568.001
04:15:47 | INFO: Primitives created: 6
04:15:47 | INFO: Extracting primitive: n570.001
04:15:47 | INFO: Primitives created: 6
04:15:47 | INFO: Extracting primitive: n572.001
04:15:47 | INFO: Primitives created: 6
04:15:47 | INFO: Extracting primitive: n574.001
04:15:47 | INFO: Primitives created: 6
04:15:47 | INFO: Extracting primitive: n577.001
04:15:47 | INFO: Primitives created: 6
04:15:47 | INFO: Extracting primitive: n579.001
04:15:47 | INFO: Primitives created: 6
04:15:47 | INFO: Extracting primitive: n581.001
04:15:47 | INFO: Primitives created: 6
04:15:47 | INFO: Extracting primitive: n583.001
04:15:47 | INFO: Primitives created: 6
04:15:47 | INFO: Extracting primitive: n585.001
04:15:47 | INFO: Primitives created: 6
04:15:47 | INFO: Extracting primitive: n588.001
04:15:47 | INFO: Primitives created: 6
04:15:47 | INFO: Extracting primitive: n590.001
04:15:47 | INFO: Primitives created: 6
04:15:47 | INFO: Extracting primitive: n592.001
04:15:47 | INFO: Primitives created: 6
04:15:47 | INFO: Extracting primitive: n594.001
04:15:47 | INFO: Primitives created: 6
04:15:47 | INFO: Extracting primitive: n557.001
04:15:47 | INFO: Primitives created: 6
04:15:47 | INFO: Extracting primitive: n559.001
04:15:47 | INFO: Primitives created: 6
04:15:47 | INFO: Extracting primitive: n561.001
04:15:47 | INFO: Primitives created: 6
04:15:47 | INFO: Extracting primitive: n563.001
04:15:47 | INFO: Primitives created: 6
04:15:47 | INFO: Extracting primitive: n597.001
04:15:47 | INFO: Primitives created: 6
04:15:47 | INFO: Extracting primitive: n599.001
04:15:47 | INFO: Primitives created: 6
04:15:47 | INFO: Extracting primitive: harbor-water.001
04:15:47 | INFO: Primitives created: 6
04:15:47 | INFO: Extracting primitive: n3.001
04:15:47 | INFO: Primitives created: 6
04:15:47 | INFO: Extracting primitive: n5.001
04:15:47 | INFO: Primitives created: 6
04:15:47 | INFO: Extracting primitive: n7.001
04:15:47 | INFO: Primitives created: 6
04:15:47 | INFO: Extracting primitive: n9.001
04:15:47 | INFO: Primitives created: 6
04:15:47 | INFO: Extracting primitive: n11.001
04:15:47 | INFO: Primitives created: 6
04:15:47 | INFO: Extracting primitive: n13.001
04:15:47 | INFO: Primitives created: 6
04:15:47 | INFO: Extracting primitive: n15.001
04:15:47 | INFO: Primitives created: 6
04:15:47 | INFO: Extracting primitive: n17.001
04:15:47 | INFO: Primitives created: 6
04:15:47 | INFO: Extracting primitive: n19.001
04:15:47 | INFO: Primitives created: 6
04:15:47 | INFO: Extracting primitive: n22.001
04:15:47 | INFO: Primitives created: 3
04:15:47 | INFO: Extracting primitive: n24.001
04:15:47 | INFO: Primitives created: 3
04:15:47 | INFO: Extracting primitive: n26.001
04:15:47 | INFO: Primitives created: 3
04:15:47 | INFO: Extracting primitive: n28.001
04:15:47 | INFO: Primitives created: 3
04:15:47 | INFO: Extracting primitive: n30.001
04:15:47 | INFO: Primitives created: 3
04:15:47 | INFO: Extracting primitive: n32.001
04:15:47 | INFO: Primitives created: 3
04:15:47 | INFO: Extracting primitive: n34.001
04:15:47 | INFO: Primitives created: 3
04:15:47 | INFO: Extracting primitive: n36.001
04:15:47 | INFO: Primitives created: 3
04:15:47 | INFO: Extracting primitive: n38.001
04:15:47 | INFO: Primitives created: 6
04:15:47 | INFO: Extracting primitive: n389.001
04:15:47 | INFO: Primitives created: 6
04:15:47 | INFO: Extracting primitive: n391.001
04:15:47 | INFO: Primitives created: 6
04:15:47 | INFO: Extracting primitive: n630.001
04:15:47 | INFO: Primitives created: 3
04:15:47 | INFO: Extracting primitive: n632.001
04:15:47 | INFO: Primitives created: 3
04:15:47 | INFO: Extracting primitive: n634.001
04:15:47 | INFO: Primitives created: 3
04:15:47 | INFO: Extracting primitive: pier-deck.001
04:15:47 | INFO: Primitives created: 6
04:15:47 | INFO: Extracting primitive: crew-armL.053
04:15:47 | INFO: Primitives created: 3
04:15:47 | INFO: Extracting primitive: crew-armL.054
04:15:47 | INFO: Primitives created: 3
04:15:47 | INFO: Extracting primitive: crew-legL.053
04:15:47 | INFO: Primitives created: 3
04:15:47 | INFO: Extracting primitive: crew-legL.054
04:15:47 | INFO: Primitives created: 3
04:15:47 | INFO: Extracting primitive: crew-torso.027
04:15:47 | INFO: Primitives created: 1
04:15:47 | INFO: Extracting primitive: crew-skirt.027
04:15:47 | INFO: Primitives created: 1
04:15:47 | INFO: Extracting primitive: crew-head.027
04:15:47 | INFO: Primitives created: 1
04:15:47 | INFO: Extracting primitive: crew-crest.027
04:15:47 | INFO: Primitives created: 2
04:15:47 | INFO: Extracting primitive: crew-crestFeathers.027
04:15:47 | INFO: Primitives created: 1
04:15:47 | INFO: Extracting primitive: crew-crestStems.027
04:15:47 | INFO: Primitives created: 1
04:15:47 | INFO: Extracting primitive: crew-helmet.027
04:15:47 | INFO: Primitives created: 1
04:15:47 | INFO: Extracting primitive: porter-crate.004
04:15:47 | INFO: Primitives created: 6
04:15:47 | INFO: Extracting primitive: crew-armL.055
04:15:47 | INFO: Primitives created: 3
04:15:47 | INFO: Extracting primitive: crew-armL.056
04:15:47 | INFO: Primitives created: 3
04:15:47 | INFO: Extracting primitive: crew-legL.055
04:15:47 | INFO: Primitives created: 3
04:15:47 | INFO: Extracting primitive: crew-legL.056
04:15:47 | INFO: Primitives created: 3
04:15:47 | INFO: Extracting primitive: crew-torso.028
04:15:47 | INFO: Primitives created: 1
04:15:47 | INFO: Extracting primitive: crew-skirt.028
04:15:47 | INFO: Primitives created: 1
04:15:47 | INFO: Extracting primitive: crew-head.028
04:15:47 | INFO: Primitives created: 1
04:15:47 | INFO: Extracting primitive: crew-crestFeathers.028
04:15:47 | INFO: Primitives created: 1
04:15:47 | INFO: Extracting primitive: crew-crestStems.028
04:15:47 | INFO: Primitives created: 1
04:15:47 | INFO: Extracting primitive: crew-crest.028
04:15:47 | INFO: Primitives created: 2
04:15:47 | INFO: Extracting primitive: crew-helmet.028
04:15:47 | INFO: Primitives created: 1
04:15:47 | INFO: Extracting primitive: porter-crate.005
04:15:47 | INFO: Primitives created: 6
04:15:47 | INFO: Extracting primitive: crew-armL.057
04:15:47 | INFO: Primitives created: 3
04:15:47 | INFO: Extracting primitive: crew-armL.058
04:15:47 | INFO: Primitives created: 3
04:15:47 | INFO: Extracting primitive: crew-legL.057
04:15:47 | INFO: Primitives created: 3
04:15:47 | INFO: Extracting primitive: crew-legL.058
04:15:47 | INFO: Primitives created: 3
04:15:47 | INFO: Extracting primitive: crew-torso.029
04:15:47 | INFO: Primitives created: 1
04:15:47 | INFO: Extracting primitive: crew-skirt.029
04:15:47 | INFO: Primitives created: 1
04:15:47 | INFO: Extracting primitive: crew-head.029
04:15:47 | INFO: Primitives created: 1
04:15:47 | INFO: Extracting primitive: crew-crestFeathers.029
04:15:47 | INFO: Primitives created: 1
04:15:47 | INFO: Extracting primitive: crew-crestStems.029
04:15:47 | INFO: Primitives created: 1
04:15:47 | INFO: Extracting primitive: crew-crest.029
04:15:47 | INFO: Primitives created: 2
04:15:47 | INFO: Extracting primitive: crew-helmet.029
04:15:47 | INFO: Primitives created: 1
04:15:47 | INFO: Extracting primitive: porter-crate.006
04:15:47 | INFO: Primitives created: 6
04:15:47 | INFO: Extracting primitive: crew-armL.059
04:15:47 | INFO: Primitives created: 3
04:15:47 | INFO: Extracting primitive: crew-armL.060
04:15:47 | INFO: Primitives created: 3
04:15:47 | INFO: Extracting primitive: crew-legL.059
04:15:47 | INFO: Primitives created: 3
04:15:47 | INFO: Extracting primitive: crew-legL.060
04:15:47 | INFO: Primitives created: 3
04:15:47 | INFO: Extracting primitive: crew-torso.030
04:15:47 | INFO: Primitives created: 1
04:15:47 | INFO: Extracting primitive: crew-skirt.030
04:15:47 | INFO: Primitives created: 1
04:15:47 | INFO: Extracting primitive: crew-head.030
04:15:47 | INFO: Primitives created: 1
04:15:47 | INFO: Extracting primitive: crew-crestFeathers.030
04:15:47 | INFO: Primitives created: 1
04:15:47 | INFO: Extracting primitive: crew-crestStems.030
04:15:47 | INFO: Primitives created: 1
04:15:47 | INFO: Extracting primitive: crew-crest.030
04:15:47 | INFO: Primitives created: 2
04:15:47 | INFO: Extracting primitive: crew-helmet.030
04:15:47 | INFO: Primitives created: 1
04:15:47 | INFO: Extracting primitive: porter-crate.007
04:15:47 | INFO: Primitives created: 6
04:15:47 | INFO: Extracting primitive: n409.001
04:15:47 | INFO: Primitives created: 6
04:15:47 | INFO: Extracting primitive: n411.001
04:15:47 | INFO: Primitives created: 6
04:15:47 | INFO: Extracting primitive: n413.001
04:15:47 | INFO: Primitives created: 6
04:15:47 | INFO: Extracting primitive: n415.001
04:15:47 | INFO: Primitives created: 6
04:15:47 | INFO: Extracting primitive: n417.001
04:15:47 | INFO: Primitives created: 6
04:15:47 | INFO: Extracting primitive: n439.001
04:15:47 | INFO: Primitives created: 6
04:15:47 | INFO: Extracting primitive: n441.001
04:15:47 | INFO: Primitives created: 6
04:15:47 | INFO: Extracting primitive: n443.001
04:15:47 | INFO: Primitives created: 6
04:15:47 | INFO: Extracting primitive: n445.001
04:15:47 | INFO: Primitives created: 6
04:15:47 | INFO: Extracting primitive: n448.001
04:15:47 | INFO: Primitives created: 6
04:15:47 | INFO: Extracting primitive: n450.001
04:15:47 | INFO: Primitives created: 6
04:15:47 | INFO: Extracting primitive: n452.001
04:15:47 | INFO: Primitives created: 6
04:15:47 | INFO: Extracting primitive: n455.001
04:15:47 | INFO: Primitives created: 6
04:15:47 | INFO: Extracting primitive: n457.001
04:15:47 | INFO: Primitives created: 6
04:15:47 | INFO: Extracting primitive: n459.001
04:15:47 | INFO: Primitives created: 6
04:15:47 | INFO: Extracting primitive: n461.001
04:15:47 | INFO: Primitives created: 6
04:15:47 | INFO: Extracting primitive: n463.001
04:15:47 | INFO: Primitives created: 6
04:15:47 | INFO: Extracting primitive: n493.001
04:15:47 | INFO: Primitives created: 6
04:15:47 | INFO: Extracting primitive: n495.001
04:15:47 | INFO: Primitives created: 6
04:15:47 | INFO: Extracting primitive: n497.001
04:15:47 | INFO: Primitives created: 6
04:15:47 | INFO: Extracting primitive: n499.001
04:15:47 | INFO: Primitives created: 6
04:15:47 | INFO: Extracting primitive: n501.001
04:15:47 | INFO: Primitives created: 6
04:15:47 | INFO: Extracting primitive: n536.001
04:15:47 | INFO: Primitives created: 6
04:15:47 | INFO: Extracting primitive: n538.001
04:15:47 | INFO: Primitives created: 6
04:15:47 | INFO: Extracting primitive: n540.001
04:15:47 | INFO: Primitives created: 6
04:15:47 | INFO: Extracting primitive: n542.001
04:15:47 | INFO: Primitives created: 6
04:15:47 | INFO: Extracting primitive: n544.001
04:15:47 | INFO: Primitives created: 6
04:15:47 | INFO: Extracting primitive: n395.001
04:15:47 | INFO: Primitives created: 6
04:15:47 | INFO: Extracting primitive: n397.001
04:15:47 | INFO: Primitives created: 6
04:15:47 | INFO: Extracting primitive: n399.001
04:15:47 | INFO: Primitives created: 6
04:15:47 | INFO: Extracting primitive: n401.001
04:15:47 | INFO: Primitives created: 6
04:15:47 | INFO: Extracting primitive: n404.001
04:15:47 | INFO: Primitives created: 6
04:15:47 | INFO: Extracting primitive: n406.001
04:15:47 | INFO: Primitives created: 6
04:15:47 | INFO: Extracting primitive: n420.001
04:15:47 | INFO: Primitives created: 6
04:15:47 | INFO: Extracting primitive: n422.001
04:15:47 | INFO: Primitives created: 6
04:15:47 | INFO: Extracting primitive: n425.001
04:15:47 | INFO: Primitives created: 6
04:15:47 | INFO: Extracting primitive: n427.001
04:15:47 | INFO: Primitives created: 6
04:15:47 | INFO: Extracting primitive: n429.001
04:15:47 | INFO: Primitives created: 6
04:15:47 | INFO: Extracting primitive: n431.001
04:15:47 | INFO: Primitives created: 6
04:15:47 | INFO: Extracting primitive: n434.001
04:15:47 | INFO: Primitives created: 6
04:15:47 | INFO: Extracting primitive: n436.001
04:15:47 | INFO: Primitives created: 6
04:15:47 | INFO: Extracting primitive: n466.001
04:15:47 | INFO: Primitives created: 6
04:15:47 | INFO: Extracting primitive: n468.001
04:15:47 | INFO: Primitives created: 6
04:15:47 | INFO: Extracting primitive: n470.001
04:15:47 | INFO: Primitives created: 6
04:15:47 | INFO: Extracting primitive: n472.001
04:15:47 | INFO: Primitives created: 6
04:15:47 | INFO: Extracting primitive: n475.001
04:15:47 | INFO: Primitives created: 6
04:15:47 | INFO: Extracting primitive: n477.001
04:15:47 | INFO: Primitives created: 6
04:15:47 | INFO: Extracting primitive: n479.001
04:15:47 | INFO: Primitives created: 6
04:15:47 | INFO: Extracting primitive: n481.001
04:15:47 | INFO: Primitives created: 6
04:15:47 | INFO: Extracting primitive: n484.001
04:15:47 | INFO: Primitives created: 6
04:15:47 | INFO: Extracting primitive: n486.001
04:15:47 | INFO: Primitives created: 6
04:15:47 | INFO: Extracting primitive: n488.001
04:15:47 | INFO: Primitives created: 6
04:15:47 | INFO: Extracting primitive: n490.001
04:15:47 | INFO: Primitives created: 6
04:15:47 | INFO: Extracting primitive: n504.001
04:15:47 | INFO: Primitives created: 6
04:15:47 | INFO: Extracting primitive: n506.001
04:15:47 | INFO: Primitives created: 6
04:15:47 | INFO: Extracting primitive: n508.001
04:15:47 | INFO: Primitives created: 6
04:15:47 | INFO: Extracting primitive: n510.001
04:15:47 | INFO: Primitives created: 6
04:15:47 | INFO: Extracting primitive: n513.001
04:15:47 | INFO: Primitives created: 6
04:15:47 | INFO: Extracting primitive: n515.001
04:15:47 | INFO: Primitives created: 6
04:15:47 | INFO: Extracting primitive: n517.001
04:15:47 | INFO: Primitives created: 6
04:15:47 | INFO: Extracting primitive: n519.001
04:15:47 | INFO: Primitives created: 6
04:15:47 | INFO: Extracting primitive: n522.001
04:15:47 | INFO: Primitives created: 6
04:15:47 | INFO: Extracting primitive: n524.001
04:15:47 | INFO: Primitives created: 6
04:15:47 | INFO: Extracting primitive: n526.001
04:15:47 | INFO: Primitives created: 6
04:15:47 | INFO: Extracting primitive: n528.001
04:15:47 | INFO: Primitives created: 6
04:15:47 | INFO: Extracting primitive: n531.001
04:15:47 | INFO: Primitives created: 6
04:15:47 | INFO: Extracting primitive: n533.001
04:15:47 | INFO: Primitives created: 6
04:15:48 | INFO: Finished glTF 2.0 export in 1.1683850288391113 s

EXPORT_OK /Users/panglaohu/Downloads/TigerInBamboo/TigerMessenger/artifacts/godot-export/oldHarbor.glb
BlenderMCP server stopped
BlenderMCP addon unregistered
Blender 5.2.1 LTS (hash 9e2066aef7ef built 2026-08-25 01:35:57)

Blender quit
