00:00.350  blend            | Read blend: "/Users/panglaohu/Downloads/TigerInBamboo/TigerMessenger/assets/models/originals/blender-r3/snowMassif.blend"
BlenderMCP: cannot start server in background mode (blender -b) - commands would never execute
BlenderMCP: run Blender with a GUI, or use a virtual display: xvfb-run -a blender
BlenderMCP addon registered
INFO Draco is available, use library at /Applications/Blender.app/Contents/Resources/5.2/scripts/addons_core/io_scene_gltf2/libbf_intern_draco_bridge.dylib
INFO MeshOptimizer is available, use library at /Applications/Blender.app/Contents/Resources/5.2/scripts/addons_core/io_scene_gltf2/libbf_intern_meshopt_bridge.dylib
04:15:49 | INFO: Starting glTF 2.0 export
04:15:49 | INFO: Extracting primitive: snow-massif-peak-0-rock.001
04:15:49 | INFO: Primitives created: 1
04:15:49 | INFO: Extracting primitive: snow-massif-peak-0-snow-cap.001
04:15:49 | INFO: Primitives created: 1
04:15:49 | INFO: Extracting primitive: snow-massif-peak-1-rock.001
04:15:49 | INFO: Primitives created: 1
04:15:49 | INFO: Extracting primitive: snow-massif-peak-1-snow-cap.001
04:15:49 | INFO: Primitives created: 1
04:15:49 | INFO: Extracting primitive: snow-massif-peak-2-rock.001
04:15:49 | INFO: Primitives created: 1
04:15:49 | INFO: Extracting primitive: snow-massif-peak-2-snow-cap.001
04:15:49 | INFO: Primitives created: 1
04:15:49 | INFO: Extracting primitive: snow-massif-peak-3-rock.001
04:15:49 | INFO: Primitives created: 1
04:15:49 | INFO: Extracting primitive: snow-massif-peak-3-snow-cap.001
04:15:49 | INFO: Primitives created: 1
04:15:49 | INFO: Extracting primitive: snow-massif-peak-4-rock.001
04:15:49 | INFO: Primitives created: 1
04:15:49 | INFO: Extracting primitive: snow-massif-peak-4-snow-cap.001
04:15:49 | INFO: Primitives created: 1
04:15:49 | INFO: Extracting primitive: snow-massif-peak-5-rock.001
04:15:49 | INFO: Primitives created: 1
04:15:49 | INFO: Extracting primitive: snow-massif-peak-5-snow-cap.001
04:15:49 | INFO: Primitives created: 1
04:15:49 | INFO: Extracting primitive: snow-massif-saddle-cap.001
04:15:49 | INFO: Primitives created: 1
04:15:49 | INFO: Extracting primitive: snow-massif-saddle-rock.001
04:15:49 | INFO: Primitives created: 1
04:15:49 | INFO: Finished glTF 2.0 export in 0.013989925384521484 s

EXPORT_OK /Users/panglaohu/Downloads/TigerInBamboo/TigerMessenger/artifacts/godot-export/snowMassif.glb
BlenderMCP server stopped
BlenderMCP addon unregistered
Blender 5.2.1 LTS (hash 9e2066aef7ef built 2026-08-25 01:35:57)

Blender quit
