00:00.371  blend            | Read blend: "/Users/panglaohu/Downloads/TigerInBamboo/TigerMessenger/assets/models/originals/blender-r3/swamp_fishSchool.blend"
BlenderMCP: cannot start server in background mode (blender -b) - commands would never execute
BlenderMCP: run Blender with a GUI, or use a virtual display: xvfb-run -a blender
BlenderMCP addon registered
INFO Draco is available, use library at /Applications/Blender.app/Contents/Resources/5.2/scripts/addons_core/io_scene_gltf2/libbf_intern_draco_bridge.dylib
INFO MeshOptimizer is available, use library at /Applications/Blender.app/Contents/Resources/5.2/scripts/addons_core/io_scene_gltf2/libbf_intern_meshopt_bridge.dylib
04:16:31 | INFO: Starting glTF 2.0 export
04:16:31 | INFO: Extracting primitive: n2.001
04:16:31 | INFO: Primitives created: 2
04:16:31 | INFO: Extracting primitive: n4.001
04:16:31 | INFO: Primitives created: 2
04:16:31 | INFO: Extracting primitive: n6.001
04:16:31 | INFO: Primitives created: 1
04:16:31 | INFO: Extracting primitive: n7.001
04:16:31 | INFO: Primitives created: 1
04:16:31 | INFO: Extracting primitive: n9.001
04:16:31 | INFO: Primitives created: 2
04:16:31 | INFO: Extracting primitive: n11.001
04:16:31 | INFO: Primitives created: 2
04:16:31 | INFO: Extracting primitive: n13.001
04:16:31 | INFO: Primitives created: 1
04:16:31 | INFO: Extracting primitive: n14.001
04:16:31 | INFO: Primitives created: 1
04:16:31 | INFO: Extracting primitive: n15.001
04:16:31 | INFO: Primitives created: 1
04:16:31 | INFO: Extracting primitive: n17.001
04:16:31 | INFO: Primitives created: 2
04:16:31 | INFO: Extracting primitive: n19.001
04:16:31 | INFO: Primitives created: 2
04:16:31 | INFO: Extracting primitive: n21.001
04:16:31 | INFO: Primitives created: 1
04:16:31 | INFO: Extracting primitive: n22.001
04:16:31 | INFO: Primitives created: 1
04:16:31 | INFO: Extracting primitive: n24.001
04:16:31 | INFO: Primitives created: 2
04:16:31 | INFO: Extracting primitive: n26.001
04:16:31 | INFO: Primitives created: 2
04:16:31 | INFO: Extracting primitive: n28.001
04:16:31 | INFO: Primitives created: 1
04:16:31 | INFO: Extracting primitive: n29.001
04:16:31 | INFO: Primitives created: 1
04:16:31 | INFO: Extracting primitive: n30.001
04:16:31 | INFO: Primitives created: 1
04:16:31 | INFO: Extracting primitive: n32.001
04:16:31 | INFO: Primitives created: 2
04:16:31 | INFO: Extracting primitive: n34.001
04:16:31 | INFO: Primitives created: 2
04:16:31 | INFO: Extracting primitive: n36.001
04:16:31 | INFO: Primitives created: 1
04:16:31 | INFO: Extracting primitive: n37.001
04:16:31 | INFO: Primitives created: 1
04:16:31 | INFO: Extracting primitive: n39.001
04:16:31 | INFO: Primitives created: 2
04:16:31 | INFO: Extracting primitive: n41.001
04:16:31 | INFO: Primitives created: 2
04:16:31 | INFO: Extracting primitive: n43.001
04:16:31 | INFO: Primitives created: 1
04:16:31 | INFO: Extracting primitive: n44.001
04:16:31 | INFO: Primitives created: 1
04:16:31 | INFO: Extracting primitive: n45.001
04:16:31 | INFO: Primitives created: 1
04:16:31 | INFO: Extracting primitive: n47.001
04:16:31 | INFO: Primitives created: 2
04:16:31 | INFO: Extracting primitive: n49.001
04:16:31 | INFO: Primitives created: 2
04:16:31 | INFO: Extracting primitive: n51.001
04:16:31 | INFO: Primitives created: 1
04:16:31 | INFO: Extracting primitive: n52.001
04:16:31 | INFO: Primitives created: 1
04:16:31 | INFO: Extracting primitive: n54.001
04:16:31 | INFO: Primitives created: 2
04:16:31 | INFO: Extracting primitive: n56.001
04:16:31 | INFO: Primitives created: 2
04:16:31 | INFO: Extracting primitive: n58.001
04:16:31 | INFO: Primitives created: 1
04:16:31 | INFO: Extracting primitive: n59.001
04:16:31 | INFO: Primitives created: 1
04:16:31 | INFO: Extracting primitive: n60.001
04:16:31 | INFO: Primitives created: 1
04:16:31 | INFO: Extracting primitive: n62.001
04:16:31 | INFO: Primitives created: 2
04:16:31 | INFO: Extracting primitive: n64.001
04:16:31 | INFO: Primitives created: 2
04:16:31 | INFO: Extracting primitive: n66.001
04:16:31 | INFO: Primitives created: 1
04:16:31 | INFO: Extracting primitive: n67.001
04:16:31 | INFO: Primitives created: 1
04:16:31 | INFO: Finished glTF 2.0 export in 0.036921024322509766 s

EXPORT_OK /Users/panglaohu/Downloads/TigerInBamboo/TigerMessenger/artifacts/godot-export/swamp_fishSchool.glb
BlenderMCP server stopped
BlenderMCP addon unregistered
Blender 5.2.1 LTS (hash 9e2066aef7ef built 2026-08-25 01:35:57)

Blender quit
